Java HotSpot(TM) 64-Bit Server VM (25.101-b13) for windows-amd64 JRE (1.8.0_101-b13), built on Jun 22 2016 01:21:29 by "java_re" with MS VC++ 10.0 (VS2010)
Memory: 4k page, physical 16670828k(12454668k free), swap 33339756k(27242092k free)
CommandLine flags: -XX:InitialHeapSize=266733248 -XX:MaxHeapSize=11534336000 -XX:+PrintGC -XX:+PrintGCDateStamps -XX:+PrintGCDetails -XX:+PrintGCTimeStamps -XX:+UseCompressedClassPointers -XX:+UseCompressedOops -XX:-UseLargePagesIndividualAllocation -XX:+UseParallelGC 
2018-12-20T15:12:54.921+0200: 0.326: [GC (Allocation Failure) [PSYoungGen: 65536K->10736K(76288K)] 65536K->64787K(251392K), 0.0638121 secs] [Times: user=0.03 sys=0.09, real=0.06 secs] 
2018-12-20T15:12:55.001+0200: 0.406: [GC (Allocation Failure) [PSYoungGen: 76272K->10743K(141824K)] 130323K->129684K(316928K), 0.0837235 secs] [Times: user=0.09 sys=0.08, real=0.08 secs] 
2018-12-20T15:12:55.081+0200: 0.490: [Full GC (Ergonomics) [PSYoungGen: 10743K->0K(141824K)] [ParOldGen: 118940K->129647K(283648K)] 129684K->129647K(425472K), [Metaspace: 2533K->2533K(1056768K)], 0.1351146 secs] [Times: user=0.28 sys=0.03, real=0.14 secs] 
2018-12-20T15:12:55.303+0200: 0.711: [GC (Allocation Failure) [PSYoungGen: 131072K->10747K(141824K)] 260719K->260708K(425472K), 0.1214666 secs] [Times: user=0.11 sys=0.30, real=0.12 secs] 
2018-12-20T15:12:55.425+0200: 0.833: [Full GC (Ergonomics) [PSYoungGen: 10747K->0K(141824K)] [ParOldGen: 249960K->260691K(495616K)] 260708K->260691K(637440K), [Metaspace: 2533K->2533K(1056768K)], 0.0271191 secs] [Times: user=0.03 sys=0.02, real=0.02 secs] 
2018-12-20T15:12:55.475+0200: 0.893: [GC (Allocation Failure) [PSYoungGen: 131072K->10747K(229376K)] 391763K->391752K(724992K), 0.1212660 secs] [Times: user=0.16 sys=0.23, real=0.13 secs] 
2018-12-20T15:12:55.601+0200: 1.014: [Full GC (Ergonomics) [PSYoungGen: 10747K->0K(229376K)] [ParOldGen: 381004K->391734K(673792K)] 391752K->391734K(903168K), [Metaspace: 2533K->2533K(1056768K)], 0.2353966 secs] [Times: user=0.45 sys=0.00, real=0.22 secs] 
2018-12-20T15:12:55.927+0200: 1.358: [GC (Allocation Failure) [PSYoungGen: 218624K->10741K(229376K)] 610358K->609338K(903168K), 0.1653733 secs] [Times: user=0.13 sys=0.47, real=0.16 secs] 
2018-12-20T15:12:56.091+0200: 1.524: [Full GC (Ergonomics) [PSYoungGen: 10741K->0K(229376K)] [ParOldGen: 598597K->609318K(988672K)] 609338K->609318K(1218048K), [Metaspace: 2533K->2533K(1056768K)], 0.0304398 secs] [Times: user=0.09 sys=0.00, real=0.02 secs] 
2018-12-20T15:12:56.162+0200: 1.595: [GC (Allocation Failure) [PSYoungGen: 218624K->217954K(539648K)] 827942K->827272K(1528320K), 0.1914614 secs] [Times: user=0.16 sys=0.50, real=0.18 secs] 
2018-12-20T15:12:56.465+0200: 1.915: [GC (Allocation Failure) [PSYoungGen: 531298K->262633K(576000K)] 1140616K->1139691K(1564672K), 0.3972463 secs] [Times: user=0.31 sys=1.12, real=0.39 secs] 
2018-12-20T15:12:56.856+0200: 2.314: [Full GC (Ergonomics) [PSYoungGen: 262633K->151009K(576000K)] [ParOldGen: 877058K->988664K(1442816K)] 1139691K->1139673K(2018816K), [Metaspace: 2533K->2533K(1056768K)], 0.2936856 secs] [Times: user=0.84 sys=0.17, real=0.27 secs] 
2018-12-20T15:12:57.189+0200: 2.662: [GC (Allocation Failure) [PSYoungGen: 464353K->441846K(885248K)] 1453017K->1452189K(2328064K), 0.3046464 secs] [Times: user=0.26 sys=0.76, real=0.29 secs] 
2018-12-20T15:12:57.563+0200: 3.040: [GC (Allocation Failure) [PSYoungGen: 885238K->529903K(973312K)] 1895581K->1894800K(2416128K), 0.3675786 secs] [Times: user=0.31 sys=1.00, real=0.35 secs] 
2018-12-20T15:12:57.917+0200: 3.408: [Full GC (Ergonomics) [PSYoungGen: 529903K->452069K(973312K)] [ParOldGen: 1364897K->1442693K(2000896K)] 1894800K->1894763K(2974208K), [Metaspace: 2536K->2536K(1056768K)], 0.2474318 secs] [Times: user=0.53 sys=0.13, real=0.23 secs] 
2018-12-20T15:12:58.221+0200: 3.733: [GC (Allocation Failure) [PSYoungGen: 895461K->632664K(1316352K)] 2338155K->2337017K(3317248K), 0.4616206 secs] [Times: user=0.47 sys=1.14, real=0.46 secs] 
2018-12-20T15:12:58.680+0200: 4.195: [Full GC (Ergonomics) [PSYoungGen: 632664K->336192K(1316352K)] [ParOldGen: 1704352K->2000784K(2603520K)] 2337017K->2336977K(3919872K), [Metaspace: 2536K->2536K(1056768K)], 0.2422418 secs] [Times: user=0.51 sys=0.36, real=0.23 secs] 
2018-12-20T15:12:58.983+0200: 4.514: [GC (Allocation Failure) [PSYoungGen: 890176K->552757K(1393664K)] 2890961K->2889754K(3997184K), 0.2190998 secs] [Times: user=0.47 sys=0.33, real=0.22 secs] 
2018-12-20T15:12:59.203+0200: 4.733: [Full GC (Ergonomics) [PSYoungGen: 552757K->286503K(1393664K)] [ParOldGen: 2336997K->2603222K(3277312K)] 2889754K->2889725K(4670976K), [Metaspace: 2536K->2536K(1056768K)], 0.2470731 secs] [Times: user=0.67 sys=0.16, real=0.23 secs] 
2018-12-20T15:12:59.498+0200: 5.041: [GC (Allocation Failure) [PSYoungGen: 840487K->553024K(1628160K)] 3443709K->3442761K(4905472K), 0.2569548 secs] [Times: user=0.38 sys=0.55, real=0.25 secs] 
2018-12-20T15:12:59.751+0200: 5.298: [Full GC (Ergonomics) [PSYoungGen: 553024K->165417K(1628160K)] [ParOldGen: 2889737K->3277311K(3994624K)] 3442761K->3442728K(5622784K), [Metaspace: 2536K->2536K(1056768K)], 0.2351340 secs] [Times: user=0.48 sys=0.30, real=0.22 secs] 
2018-12-20T15:13:00.034+0200: 5.606: [GC (Allocation Failure) [PSYoungGen: 923177K->756946K(1650176K)] 4200488K->4199679K(5644800K), 0.1773600 secs] [Times: user=0.53 sys=0.13, real=0.18 secs] 
2018-12-20T15:13:00.288+0200: 5.864: [GC (Allocation Failure) --[PSYoungGen: 1514706K->1514706K(1650176K)] 4957439K->5614638K(5750272K), 0.5253762 secs] [Times: user=0.48 sys=1.16, real=0.52 secs] 
2018-12-20T15:13:00.804+0200: 6.390: [Full GC (Ergonomics) [PSYoungGen: 1514706K->856435K(1650176K)] [ParOldGen: 4099932K->4100035K(4817920K)] 5614638K->4956470K(6468096K), [Metaspace: 2536K->2536K(1056768K)], 0.3915432 secs] [Times: user=1.23 sys=0.05, real=0.37 secs] 
2018-12-20T15:13:01.258+0200: 6.856: [GC (Allocation Failure) [PSYoungGen: 1614195K->856253K(1902592K)] 5714230K->5713282K(6759936K), 0.4216200 secs] [Times: user=0.56 sys=0.89, real=0.41 secs] 
2018-12-20T15:13:01.672+0200: 7.278: [Full GC (Ergonomics) [PSYoungGen: 856253K->856234K(1902592K)] [ParOldGen: 4857029K->4857005K(5791232K)] 5713282K->5713239K(7693824K), [Metaspace: 2536K->2536K(1056768K)], 0.2937892 secs] [Times: user=1.01 sys=0.03, real=0.29 secs] 
2018-12-20T15:13:02.046+0200: 7.657: [GC (Allocation Failure) [PSYoungGen: 1776298K->919809K(2009600K)] 6633303K->6633063K(7800832K), 0.4320630 secs] [Times: user=0.75 sys=0.78, real=0.41 secs] 
2018-12-20T15:13:02.461+0200: 8.090: [Full GC (Ergonomics) [PSYoungGen: 919809K->841954K(2009600K)] [ParOldGen: 5713253K->5791081K(6946304K)] 6633063K->6633036K(8955904K), [Metaspace: 2536K->2536K(1056768K)], 0.3710383 secs] [Times: user=1.22 sys=0.01, real=0.35 secs] 
2018-12-20T15:13:02.895+0200: 8.545: [GC (Allocation Failure) [PSYoungGen: 1762018K->919479K(2330624K)] 7553100K->7552532K(9276928K), 0.5827307 secs] [Times: user=0.73 sys=1.14, real=0.58 secs] 
2018-12-20T15:13:03.472+0200: 9.128: [Full GC (Ergonomics) [PSYoungGen: 919479K->606629K(2330624K)] [ParOldGen: 6633053K->6945873K(7509504K)] 7552532K->7552503K(9840128K), [Metaspace: 2536K->2536K(1056768K)], 0.3984150 secs] [Times: user=1.05 sys=0.19, real=0.39 secs] 
2018-12-20T15:13:03.987+0200: 9.656: [Full GC (Ergonomics) [PSYoungGen: 1749925K->632176K(2330624K)] [ParOldGen: 6945873K->7509232K(7509504K)] 8695799K->8141409K(9840128K), [Metaspace: 2536K->2536K(1056768K)], 1.6515770 secs] [Times: user=4.79 sys=0.80, real=1.58 secs] 
2018-12-20T15:13:05.625+0200: 11.367: [Full GC (Ergonomics) [PSYoungGen: 1143296K->631133K(2330624K)] [ParOldGen: 7509232K->7509003K(7509504K)] 8652528K->8140137K(9840128K), [Metaspace: 2536K->2536K(1056768K)], 1.6571085 secs] [Times: user=5.44 sys=0.05, real=1.57 secs] 
2018-12-20T15:13:07.250+0200: 13.082: [Full GC (Ergonomics) [PSYoungGen: 1143296K->629581K(2330624K)] [ParOldGen: 7509003K->7509283K(7509504K)] 8652299K->8138864K(9840128K), [Metaspace: 2536K->2536K(1056768K)], 1.6744737 secs] [Times: user=5.65 sys=0.00, real=1.59 secs] 
2018-12-20T15:13:08.895+0200: 14.820: [Full GC (Ergonomics) [PSYoungGen: 1143296K->628538K(2330624K)] [ParOldGen: 7509283K->7509028K(7509504K)] 8652579K->8137567K(9840128K), [Metaspace: 2536K->2536K(1056768K)], 1.7409356 secs] [Times: user=5.60 sys=0.05, real=1.63 secs] 
2018-12-20T15:13:10.577+0200: 16.610: [Full GC (Ergonomics) [PSYoungGen: 1143296K->626985K(2330624K)] [ParOldGen: 7509028K->7509308K(7509504K)] 8652324K->8136294K(9840128K), [Metaspace: 2536K->2536K(1056768K)], 1.7283046 secs] [Times: user=5.30 sys=0.11, real=1.63 secs] 
2018-12-20T15:13:12.261+0200: 18.391: [Full GC (Ergonomics) [PSYoungGen: 1143296K->625942K(2330624K)] [ParOldGen: 7509308K->7509054K(7509504K)] 8652604K->8134997K(9840128K), [Metaspace: 2536K->2536K(1056768K)], 1.6797775 secs] [Times: user=5.58 sys=0.02, real=1.58 secs] 
2018-12-20T15:13:13.887+0200: 20.122: [Full GC (Ergonomics) [PSYoungGen: 1143296K->624390K(2330624K)] [ParOldGen: 7509054K->7509308K(7509504K)] 8652350K->8133699K(9840128K), [Metaspace: 2536K->2536K(1056768K)], 1.7430204 secs] [Times: user=4.71 sys=0.02, real=1.64 secs] 
2018-12-20T15:13:15.581+0200: 21.916: [Full GC (Ergonomics) [PSYoungGen: 1143296K->623347K(2330624K)] [ParOldGen: 7509308K->7509054K(7509504K)] 8652604K->8132401K(9840128K), [Metaspace: 2536K->2536K(1056768K)], 1.6869894 secs] [Times: user=3.90 sys=0.06, real=1.58 secs] 
2018-12-20T15:13:17.214+0200: 23.658: [Full GC (Ergonomics) [PSYoungGen: 1143296K->621795K(2330624K)] [ParOldGen: 7509054K->7509308K(7509504K)] 8652350K->8131104K(9840128K), [Metaspace: 2536K->2536K(1056768K)], 1.6085249 secs] [Times: user=4.54 sys=0.00, real=1.51 secs] 
2018-12-20T15:13:18.788+0200: 25.323: [Full GC (Ergonomics) [PSYoungGen: 1143296K->620751K(2330624K)] [ParOldGen: 7509308K->7509028K(7509504K)] 8652604K->8129780K(9840128K), [Metaspace: 2536K->2536K(1056768K)], 1.6336488 secs] [Times: user=4.17 sys=0.03, real=1.53 secs] 
2018-12-20T15:13:20.380+0200: 27.007: [Full GC (Ergonomics) [PSYoungGen: 1143296K->619199K(2330624K)] [ParOldGen: 7509028K->7509283K(7509504K)] 8652324K->8128483K(9840128K), [Metaspace: 2536K->2536K(1056768K)], 1.6603195 secs] [Times: user=4.56 sys=0.03, real=1.55 secs] 
2018-12-20T15:13:21.985+0200: 28.719: [Full GC (Ergonomics) [PSYoungGen: 1143296K->618156K(2330624K)] [ParOldGen: 7509283K->7509028K(7509504K)] 8652579K->8127185K(9840128K), [Metaspace: 2536K->2536K(1056768K)], 1.5652350 secs] [Times: user=4.85 sys=0.05, real=1.48 secs] 
2018-12-20T15:13:23.500+0200: 30.330: [Full GC (Ergonomics) [PSYoungGen: 1143296K->616604K(2330624K)] [ParOldGen: 7509028K->7509257K(7509504K)] 8652324K->8125862K(9840128K), [Metaspace: 2536K->2536K(1056768K)], 1.5066535 secs] [Times: user=5.15 sys=0.02, real=1.41 secs] 
2018-12-20T15:13:24.963+0200: 31.891: [Full GC (Ergonomics) [PSYoungGen: 1143296K->615052K(2330624K)] [ParOldGen: 7509257K->7509486K(7509504K)] 8652553K->8124539K(9840128K), [Metaspace: 2536K->2536K(1056768K)], 1.5439175 secs] [Times: user=5.01 sys=0.06, real=1.45 secs] 
2018-12-20T15:13:26.465+0200: 33.487: [Full GC (Ergonomics) [PSYoungGen: 1143296K->614008K(2330624K)] [ParOldGen: 7509486K->7509207K(7509504K)] 8652782K->8123215K(9840128K), [Metaspace: 2536K->2536K(1056768K)], 1.5490370 secs] [Times: user=5.38 sys=0.02, real=1.45 secs] 
2018-12-20T15:13:27.969+0200: 35.081: [Full GC (Ergonomics) [PSYoungGen: 1143296K->612456K(2330624K)] [ParOldGen: 7509207K->7509436K(7509504K)] 8652503K->8121892K(9840128K), [Metaspace: 2536K->2536K(1056768K)], 1.5290015 secs] [Times: user=4.91 sys=0.02, real=1.43 secs] 
2018-12-20T15:13:29.452+0200: 36.660: [Full GC (Ergonomics) [PSYoungGen: 1143296K->611413K(2330624K)] [ParOldGen: 7509436K->7509156K(7509504K)] 8652732K->8120569K(9840128K), [Metaspace: 2536K->2536K(1056768K)], 1.5654612 secs] [Times: user=5.13 sys=0.03, real=1.47 secs] 
2018-12-20T15:13:30.974+0200: 38.274: [Full GC (Ergonomics) [PSYoungGen: 1143296K->609861K(2330624K)] [ParOldGen: 7509156K->7509385K(7509504K)] 8652452K->8119246K(9840128K), [Metaspace: 2536K->2536K(1056768K)], 1.5345223 secs] [Times: user=5.10 sys=0.08, real=1.45 secs] 
2018-12-20T15:13:32.479+0200: 39.858: [Full GC (Ergonomics) [PSYoungGen: 1143296K->608818K(2330624K)] [ParOldGen: 7509385K->7509079K(7509504K)] 8652681K->8117897K(9840128K), [Metaspace: 2536K->2536K(1056768K)], 1.5160258 secs] [Times: user=4.96 sys=0.03, real=1.42 secs] 
2018-12-20T15:13:33.963+0200: 41.441: [Full GC (Ergonomics) [PSYoungGen: 1143296K->607265K(2330624K)] [ParOldGen: 7509079K->7509308K(7509504K)] 8652375K->8116574K(9840128K), [Metaspace: 2536K->2536K(1056768K)], 1.6902863 secs] [Times: user=5.19 sys=0.05, real=1.60 secs] 
2018-12-20T15:13:35.618+0200: 43.194: [Full GC (Ergonomics) [PSYoungGen: 1143296K->606223K(2330624K)] [ParOldGen: 7509308K->7509002K(7509504K)] 8652604K->8115226K(9840128K), [Metaspace: 2536K->2536K(1056768K)], 1.8043702 secs] [Times: user=4.74 sys=0.01, real=1.69 secs] 
2018-12-20T15:13:37.359+0200: 45.052: [Full GC (Ergonomics) [PSYoungGen: 1143296K->604673K(2330624K)] [ParOldGen: 7509002K->7509204K(7509504K)] 8652298K->8113877K(9840128K), [Metaspace: 2536K->2536K(1056768K)], 1.8645864 secs] [Times: user=4.68 sys=0.06, real=1.73 secs] 
2018-12-20T15:13:39.124+0200: 46.961: [Full GC (Ergonomics) [PSYoungGen: 1143296K->603123K(2330624K)] [ParOldGen: 7509204K->7509405K(7509504K)] 8652500K->8112528K(9840128K), [Metaspace: 2536K->2536K(1056768K)], 1.7298581 secs] [Times: user=5.07 sys=0.03, real=1.57 secs] 
2018-12-20T15:13:40.739+0200: 48.739: [Full GC (Ergonomics) [PSYoungGen: 1143296K->602075K(2330624K)] [ParOldGen: 7509405K->7509104K(7509504K)] 8652701K->8111180K(9840128K), [Metaspace: 2536K->2536K(1056768K)], 1.5823468 secs] [Times: user=5.13 sys=0.03, real=1.51 secs] 
2018-12-20T15:13:42.298+0200: 50.369: [Full GC (Ergonomics) [PSYoungGen: 1143296K->600525K(2330624K)] [ParOldGen: 7509104K->7509306K(7509504K)] 8652400K->8109831K(9840128K), [Metaspace: 2536K->2536K(1056768K)], 1.4619033 secs] [Times: user=4.88 sys=0.03, real=1.39 secs] 
2018-12-20T15:13:43.750+0200: 51.893: [Full GC (Ergonomics) [PSYoungGen: 1143296K->599483K(2330624K)] [ParOldGen: 7509306K->7508999K(7509504K)] 8652602K->8108483K(9840128K), [Metaspace: 2536K->2536K(1056768K)], 1.4820988 secs] [Times: user=5.07 sys=0.03, real=1.40 secs] 
2018-12-20T15:13:45.202+0200: 53.423: [Full GC (Ergonomics) [PSYoungGen: 1143296K->597927K(2330624K)] [ParOldGen: 7508999K->7509181K(7509504K)] 8652295K->8107109K(9840128K), [Metaspace: 2536K->2536K(1056768K)], 1.4231884 secs] [Times: user=4.85 sys=0.03, real=1.38 secs] 
2018-12-20T15:13:46.636+0200: 54.911: [Full GC (Ergonomics) [PSYoungGen: 1143296K->596377K(2330624K)] [ParOldGen: 7509181K->7509382K(7509504K)] 8652477K->8105760K(9840128K), [Metaspace: 2536K->2536K(1056768K)], 1.4174409 secs] [Times: user=4.87 sys=0.05, real=1.34 secs] 
2018-12-20T15:13:48.038+0200: 56.381: [Full GC (Ergonomics) [PSYoungGen: 1143296K->595336K(2330624K)] [ParOldGen: 7509382K->7509050K(7509504K)] 8652678K->8104386K(9840128K), [Metaspace: 2536K->2536K(1056768K)], 1.4117406 secs] [Times: user=4.99 sys=0.00, real=1.34 secs] 
2018-12-20T15:13:49.430+0200: 57.849: [Full GC (Ergonomics) [PSYoungGen: 1143296K->593779K(2330624K)] [ParOldGen: 7509050K->7509232K(7509504K)] 8652346K->8103012K(9840128K), [Metaspace: 2536K->2536K(1056768K)], 1.4387743 secs] [Times: user=5.07 sys=0.03, real=1.37 secs] 
2018-12-20T15:13:50.863+0200: 59.347: [Full GC (Ergonomics) [PSYoungGen: 1143296K->592230K(2330624K)] [ParOldGen: 7509232K->7509408K(7509504K)] 8652528K->8101638K(9840128K), [Metaspace: 2536K->2536K(1056768K)], 1.4910807 secs] [Times: user=5.01 sys=0.05, real=1.42 secs] 
2018-12-20T15:13:52.335+0200: 60.888: [Full GC (Ergonomics) [PSYoungGen: 1143296K->591188K(2330624K)] [ParOldGen: 7509408K->7509075K(7509504K)] 8652704K->8100264K(9840128K), [Metaspace: 2536K->2536K(1056768K)], 1.6104377 secs] [Times: user=5.01 sys=0.06, real=1.48 secs] 
2018-12-20T15:13:53.864+0200: 62.549: [Full GC (Ergonomics) [PSYoungGen: 1143296K->589638K(2330624K)] [ParOldGen: 7509075K->7509251K(7509504K)] 8652371K->8098890K(9840128K), [Metaspace: 2536K->2536K(1056768K)], 1.6179313 secs] [Times: user=5.23 sys=0.01, real=1.51 secs] 
2018-12-20T15:13:55.428+0200: 64.218: [Full GC (Ergonomics) [PSYoungGen: 1143296K->588082K(2330624K)] [ParOldGen: 7509251K->7509433K(7509504K)] 8652547K->8097516K(9840128K), [Metaspace: 2536K->2536K(1056768K)], 1.7633340 secs] [Times: user=4.87 sys=0.05, real=1.60 secs] 
2018-12-20T15:13:57.082+0200: 66.031: [Full GC (Ergonomics) [PSYoungGen: 1143296K->587040K(2330624K)] [ParOldGen: 7509433K->7509076K(7509504K)] 8652729K->8096116K(9840128K), [Metaspace: 2536K->2536K(1056768K)], 1.5365362 secs] [Times: user=4.29 sys=0.06, real=1.46 secs] 
2018-12-20T15:13:58.596+0200: 67.618: [Full GC (Ergonomics) [PSYoungGen: 1143296K->585490K(2330624K)] [ParOldGen: 7509076K->7509226K(7509504K)] 8652372K->8094717K(9840128K), [Metaspace: 2536K->2536K(1056768K)], 1.5026232 secs] [Times: user=4.29 sys=0.00, real=1.42 secs] 
2018-12-20T15:14:00.079+0200: 69.173: [Full GC (Ergonomics) [PSYoungGen: 1143296K->583934K(2330624K)] [ParOldGen: 7509226K->7509408K(7509504K)] 8652522K->8093343K(9840128K), [Metaspace: 2536K->2536K(1056768K)], 1.5761449 secs] [Times: user=4.63 sys=0.03, real=1.48 secs] 
2018-12-20T15:14:01.611+0200: 70.800: [Full GC (Ergonomics) [PSYoungGen: 1143296K->582892K(2330624K)] [ParOldGen: 7509408K->7509050K(7509504K)] 8652704K->8091943K(9840128K), [Metaspace: 2536K->2536K(1056768K)], 1.7169071 secs] [Times: user=4.71 sys=0.05, real=1.59 secs] 
2018-12-20T15:14:03.251+0200: 72.572: [Full GC (Ergonomics) [PSYoungGen: 1143296K->581343K(2330624K)] [ParOldGen: 7509050K->7509175K(7509504K)] 8652346K->8090518K(9840128K), [Metaspace: 2536K->2536K(1056768K)], 1.6728703 secs] [Times: user=4.46 sys=0.03, real=1.56 secs] 
2018-12-20T15:14:04.886+0200: 74.311: [Full GC (Ergonomics) [PSYoungGen: 1143296K->579793K(2330624K)] [ParOldGen: 7509175K->7509325K(7509504K)] 8652471K->8089119K(9840128K), [Metaspace: 2536K->2536K(1056768K)], 1.6423960 secs] [Times: user=4.74 sys=0.00, real=1.54 secs] 
2018-12-20T15:14:06.478+0200: 76.008: [Full GC (Ergonomics) [PSYoungGen: 1143296K->578243K(2330624K)] [ParOldGen: 7509325K->7509476K(7509504K)] 8652621K->8087719K(9840128K), [Metaspace: 2536K->2536K(1056768K)], 1.6708801 secs] [Times: user=4.51 sys=0.01, real=1.58 secs] 
2018-12-20T15:14:08.110+0200: 77.731: [Full GC (Ergonomics) [PSYoungGen: 1143296K->577195K(2330624K)] [ParOldGen: 7509476K->7509099K(7509504K)] 8652772K->8086294K(9840128K), [Metaspace: 2536K->2536K(1056768K)], 1.6226100 secs] [Times: user=4.70 sys=0.02, real=1.53 secs] 
2018-12-20T15:14:09.694+0200: 79.411: [Full GC (Ergonomics) [PSYoungGen: 1143296K->575638K(2330624K)] [ParOldGen: 7509099K->7509256K(7509504K)] 8652395K->8084895K(9840128K), [Metaspace: 2536K->2536K(1056768K)], 1.8132802 secs] [Times: user=4.46 sys=0.02, real=1.70 secs] 
2018-12-20T15:14:11.457+0200: 81.283: [Full GC (Ergonomics) [PSYoungGen: 1143296K->574089K(2330624K)] [ParOldGen: 7509256K->7509381K(7509504K)] 8652552K->8083470K(9840128K), [Metaspace: 2536K->2536K(1056768K)], 1.6780561 secs] [Times: user=4.48 sys=0.01, real=1.58 secs] 
2018-12-20T15:14:13.101+0200: 83.017: [Full GC (Ergonomics) [PSYoungGen: 1143296K->573047K(2330624K)] [ParOldGen: 7509381K->7508997K(7509504K)] 8652677K->8082045K(9840128K), [Metaspace: 2536K->2536K(1056768K)], 1.7744539 secs] [Times: user=4.74 sys=0.00, real=1.67 secs] 
2018-12-20T15:14:14.826+0200: 84.843: [Full GC (Ergonomics) [PSYoungGen: 1143296K->571497K(2330624K)] [ParOldGen: 7508997K->7509122K(7509504K)] 8652293K->8080620K(9840128K), [Metaspace: 2536K->2536K(1056768K)], 1.7958647 secs] [Times: user=4.82 sys=0.02, real=1.69 secs] 
2018-12-20T15:14:16.573+0200: 86.695: [Full GC (Ergonomics) [PSYoungGen: 1143296K->569947K(2330624K)] [ParOldGen: 7509122K->7509247K(7509504K)] 8652418K->8079195K(9840128K), [Metaspace: 2536K->2536K(1056768K)], 1.7039510 secs] [Times: user=4.65 sys=0.06, real=1.60 secs] 
2018-12-20T15:14:18.236+0200: 88.456: [Full GC (Ergonomics) [PSYoungGen: 1143296K->568410K(2330624K)] [ParOldGen: 7509247K->7509360K(7509504K)] 8652543K->8077770K(9840128K), [Metaspace: 2536K->2536K(1056768K)], 1.8521411 secs] [Times: user=4.95 sys=0.11, real=1.74 secs] 
2018-12-20T15:14:20.034+0200: 90.362: [Full GC (Ergonomics) [PSYoungGen: 1143296K->566860K(2330624K)] [ParOldGen: 7509360K->7509459K(7509504K)] 8652656K->8076320K(9840128K), [Metaspace: 2536K->2536K(1056768K)], 1.7659684 secs] [Times: user=4.71 sys=0.13, real=1.66 secs] 
2018-12-20T15:14:21.748+0200: 92.178: [Full GC (Ergonomics) [PSYoungGen: 1143296K->565819K(2330624K)] [ParOldGen: 7509459K->7509050K(7509504K)] 8652755K->8074869K(9840128K), [Metaspace: 2536K->2536K(1056768K)], 1.6717879 secs] [Times: user=4.48 sys=0.05, real=1.58 secs] 
2018-12-20T15:14:23.381+0200: 93.907: [Full GC (Ergonomics) [PSYoungGen: 1143296K->564269K(2330624K)] [ParOldGen: 7509050K->7509175K(7509504K)] 8652346K->8073444K(9840128K), [Metaspace: 2536K->2536K(1056768K)], 1.6787143 secs] [Times: user=4.62 sys=0.13, real=1.58 secs] 
2018-12-20T15:14:25.023+0200: 95.640: [Full GC (Ergonomics) [PSYoungGen: 1143296K->562719K(2330624K)] [ParOldGen: 7509175K->7509275K(7509504K)] 8652471K->8071994K(9840128K), [Metaspace: 2536K->2536K(1056768K)], 1.5456599 secs] [Times: user=5.27 sys=0.01, real=1.44 secs] 
2018-12-20T15:14:26.526+0200: 97.242: [Full GC (Ergonomics) [PSYoungGen: 1143296K->561169K(2330624K)] [ParOldGen: 7509275K->7509374K(7509504K)] 8652571K->8070544K(9840128K), [Metaspace: 2536K->2536K(1056768K)], 1.5004017 secs] [Times: user=5.26 sys=0.02, real=1.41 secs] 
2018-12-20T15:14:27.989+0200: 98.799: [Full GC (Ergonomics) [PSYoungGen: 1143296K->559632K(2330624K)] [ParOldGen: 7509374K->7509461K(7509504K)] 8652670K->8069093K(9840128K), [Metaspace: 2536K->2536K(1056768K)], 1.6247294 secs] [Times: user=4.56 sys=0.03, real=1.52 secs] 
2018-12-20T15:14:29.564+0200: 100.475: [Full GC (Ergonomics) [PSYoungGen: 1143296K->558590K(2330624K)] [ParOldGen: 7509461K->7509027K(7509504K)] 8652757K->8067617K(9840128K), [Metaspace: 2536K->2536K(1056768K)], 1.5005715 secs] [Times: user=5.37 sys=0.00, real=1.42 secs] 
2018-12-20T15:14:31.029+0200: 102.026: [Full GC (Ergonomics) [PSYoungGen: 1143296K->557040K(2330624K)] [ParOldGen: 7509027K->7509126K(7509504K)] 8652323K->8066167K(9840128K), [Metaspace: 2536K->2536K(1056768K)], 1.5026867 secs] [Times: user=5.23 sys=0.05, real=1.41 secs] 
2018-12-20T15:14:32.494+0200: 103.579: [Full GC (Ergonomics) [PSYoungGen: 1143296K->555490K(2330624K)] [ParOldGen: 7509126K->7509200K(7509504K)] 8652422K->8064691K(9840128K), [Metaspace: 2536K->2536K(1056768K)], 1.5516560 secs] [Times: user=5.40 sys=0.00, real=1.46 secs] 
2018-12-20T15:14:34.007+0200: 105.182: [Full GC (Ergonomics) [PSYoungGen: 1143296K->553941K(2330624K)] [ParOldGen: 7509200K->7509274K(7509504K)] 8652496K->8063215K(9840128K), [Metaspace: 2536K->2536K(1056768K)], 1.4876457 secs] [Times: user=5.27 sys=0.03, real=1.39 secs] 
2018-12-20T15:14:35.461+0200: 106.726: [Full GC (Ergonomics) [PSYoungGen: 1143296K->552391K(2330624K)] [ParOldGen: 7509274K->7509374K(7509504K)] 8652570K->8061765K(9840128K), [Metaspace: 2536K->2536K(1056768K)], 1.5798593 secs] [Times: user=5.40 sys=0.05, real=1.47 secs] 
2018-12-20T15:14:36.995+0200: 108.361: [Full GC (Ergonomics) [PSYoungGen: 1143296K->550853K(2330624K)] [ParOldGen: 7509374K->7509410K(7509504K)] 8652670K->8060264K(9840128K), [Metaspace: 2536K->2536K(1056768K)], 1.5022817 secs] [Times: user=5.35 sys=0.03, real=1.41 secs] 
2018-12-20T15:14:38.459+0200: 109.918: [Full GC (Ergonomics) [PSYoungGen: 1143296K->549304K(2330624K)] [ParOldGen: 7509410K->7509484K(7509504K)] 8652706K->8058788K(9840128K), [Metaspace: 2536K->2536K(1056768K)], 1.5354861 secs] [Times: user=5.19 sys=0.03, real=1.45 secs] 
2018-12-20T15:14:39.957+0200: 111.506: [Full GC (Ergonomics) [PSYoungGen: 1143296K->548262K(2330624K)] [ParOldGen: 7509484K->7509050K(7509504K)] 8652780K->8057312K(9840128K), [Metaspace: 2536K->2536K(1056768K)], 1.6938925 secs] [Times: user=5.12 sys=0.02, real=1.59 secs] 
2018-12-20T15:14:41.611+0200: 113.252: [Full GC (Ergonomics) [PSYoungGen: 1143296K->546712K(2330624K)] [ParOldGen: 7509050K->7509098K(7509504K)] 8652346K->8055811K(9840128K), [Metaspace: 2536K->2536K(1056768K)], 1.5078506 secs] [Times: user=5.21 sys=0.00, real=1.41 secs] 
2018-12-20T15:14:43.086+0200: 114.811: [Full GC (Ergonomics) [PSYoungGen: 1143296K->545162K(2330624K)] [ParOldGen: 7509098K->7509172K(7509504K)] 8652394K->8054335K(9840128K), [Metaspace: 2536K->2536K(1056768K)], 1.4974869 secs] [Times: user=5.37 sys=0.05, real=1.41 secs] 
2018-12-20T15:14:44.548+0200: 116.361: [Full GC (Ergonomics) [PSYoungGen: 1143296K->543613K(2330624K)] [ParOldGen: 7509172K->7509221K(7509504K)] 8652468K->8052834K(9840128K), [Metaspace: 2536K->2536K(1056768K)], 1.5351810 secs] [Times: user=4.88 sys=0.02, real=1.44 secs] 
2018-12-20T15:14:46.040+0200: 117.949: [Full GC (Ergonomics) [PSYoungGen: 1143296K->542075K(2330624K)] [ParOldGen: 7509221K->7509257K(7509504K)] 8652517K->8051332K(9840128K), [Metaspace: 2536K->2536K(1056768K)], 1.5274541 secs] [Times: user=5.29 sys=0.02, real=1.43 secs] 
2018-12-20T15:14:47.525+0200: 119.527: [Full GC (Ergonomics) [PSYoungGen: 1143296K->540525K(2330624K)] [ParOldGen: 7509257K->7509305K(7509504K)] 8652553K->8049831K(9840128K), [Metaspace: 2536K->2536K(1056768K)], 1.5348554 secs] [Times: user=5.44 sys=0.01, real=1.45 secs] 
2018-12-20T15:14:49.021+0200: 121.114: [Full GC (Ergonomics) [PSYoungGen: 1143296K->538976K(2330624K)] [ParOldGen: 7509305K->7509354K(7509504K)] 8652601K->8048330K(9840128K), [Metaspace: 2536K->2536K(1056768K)], 1.4879251 secs] [Times: user=5.16 sys=0.05, real=1.41 secs] 
2018-12-20T15:14:50.476+0200: 122.654: [Full GC (Ergonomics) [PSYoungGen: 1143296K->537426K(2330624K)] [ParOldGen: 7509354K->7509377K(7509504K)] 8652650K->8046803K(9840128K), [Metaspace: 2536K->2536K(1056768K)], 1.6121540 secs] [Times: user=5.37 sys=0.06, real=1.53 secs] 
2018-12-20T15:14:52.052+0200: 124.324: [Full GC (Ergonomics) [PSYoungGen: 1143296K->535876K(2330624K)] [ParOldGen: 7509377K->7509425K(7509504K)] 8652673K->8045302K(9840128K), [Metaspace: 2536K->2536K(1056768K)], 1.5047407 secs] [Times: user=5.13 sys=0.03, real=1.42 secs] 
2018-12-20T15:14:53.535+0200: 125.885: [Full GC (Ergonomics) [PSYoungGen: 1143296K->534320K(2330624K)] [ParOldGen: 7509425K->7509455K(7509504K)] 8652721K->8043775K(9840128K), [Metaspace: 2536K->2536K(1056768K)], 1.5433240 secs] [Times: user=5.43 sys=0.03, real=1.44 secs] 
2018-12-20T15:14:55.029+0200: 127.481: [Full GC (Ergonomics) [PSYoungGen: 1143296K->532763K(2330624K)] [ParOldGen: 7509455K->7509485K(7509504K)] 8652751K->8042248K(9840128K), [Metaspace: 2536K->2536K(1056768K)], 1.5192042 secs] [Times: user=5.13 sys=0.00, real=1.43 secs] 
2018-12-20T15:14:56.516+0200: 129.059: [Full GC (Ergonomics) [PSYoungGen: 1143296K->531722K(2330624K)] [ParOldGen: 7509485K->7509000K(7509504K)] 8652781K->8040722K(9840128K), [Metaspace: 2536K->2536K(1056768K)], 1.5949208 secs] [Times: user=4.99 sys=0.00, real=1.49 secs] 
2018-12-20T15:14:58.069+0200: 130.707: [Full GC (Ergonomics) [PSYoungGen: 1143296K->530172K(2330624K)] [ParOldGen: 7509000K->7509023K(7509504K)] 8652296K->8039195K(9840128K), [Metaspace: 2536K->2536K(1056768K)], 1.5097064 secs] [Times: user=5.32 sys=0.00, real=1.41 secs] 
2018-12-20T15:14:59.542+0200: 132.275: [Full GC (Ergonomics) [PSYoungGen: 1143296K->528616K(2330624K)] [ParOldGen: 7509023K->7509052K(7509504K)] 8652319K->8037668K(9840128K), [Metaspace: 2536K->2536K(1056768K)], 1.5382040 secs] [Times: user=5.10 sys=0.01, real=1.44 secs] 
2018-12-20T15:15:01.047+0200: 133.868: [Full GC (Ergonomics) [PSYoungGen: 1143296K->527066K(2330624K)] [ParOldGen: 7509052K->7509075K(7509504K)] 8652348K->8036142K(9840128K), [Metaspace: 2536K->2536K(1056768K)], 1.5066264 secs] [Times: user=5.27 sys=0.05, real=1.42 secs] 
2018-12-20T15:15:02.542+0200: 135.441: [Full GC (Ergonomics) [PSYoungGen: 1143296K->525516K(2330624K)] [ParOldGen: 7509075K->7509073K(7509504K)] 8652371K->8034589K(9840128K), [Metaspace: 2536K->2536K(1056768K)], 1.5386024 secs] [Times: user=5.37 sys=0.03, real=1.44 secs] 
2018-12-20T15:15:04.046+0200: 137.036: [Full GC (Ergonomics) [PSYoungGen: 1143296K->523960K(2330624K)] [ParOldGen: 7509073K->7509077K(7509504K)] 8652369K->8033037K(9840128K), [Metaspace: 2536K->2536K(1056768K)], 1.4846954 secs] [Times: user=5.37 sys=0.02, real=1.40 secs] 
2018-12-20T15:15:05.502+0200: 138.574: [Full GC (Ergonomics) [PSYoungGen: 1143296K->522410K(2330624K)] [ParOldGen: 7509077K->7509075K(7509504K)] 8652373K->8031485K(9840128K), [Metaspace: 2536K->2536K(1056768K)], 1.5172308 secs] [Times: user=5.38 sys=0.02, real=1.42 secs] 
2018-12-20T15:15:06.975+0200: 140.145: [Full GC (Ergonomics) [PSYoungGen: 1143296K->520860K(2330624K)] [ParOldGen: 7509075K->7509072K(7509504K)] 8652371K->8029933K(9840128K), [Metaspace: 2536K->2536K(1056768K)], 1.5057885 secs] [Times: user=4.94 sys=0.03, real=1.42 secs] 
2018-12-20T15:15:08.449+0200: 141.704: [Full GC (Ergonomics) [PSYoungGen: 1143296K->519304K(2330624K)] [ParOldGen: 7509072K->7509077K(7509504K)] 8652368K->8028381K(9840128K), [Metaspace: 2536K->2536K(1056768K)], 1.5311181 secs] [Times: user=5.12 sys=0.03, real=1.44 secs] 
2018-12-20T15:15:09.942+0200: 143.289: [Full GC (Ergonomics) [PSYoungGen: 1143296K->517754K(2330624K)] [ParOldGen: 7509077K->7509074K(7509504K)] 8652373K->8026829K(9840128K), [Metaspace: 2536K->2536K(1056768K)], 1.5200024 secs] [Times: user=5.30 sys=0.02, real=1.43 secs] 
2018-12-20T15:15:11.436+0200: 144.871: [Full GC (Ergonomics) [PSYoungGen: 1143296K->516204K(2330624K)] [ParOldGen: 7509074K->7509046K(7509504K)] 8652370K->8025251K(9840128K), [Metaspace: 2536K->2536K(1056768K)], 1.4787226 secs] [Times: user=5.26 sys=0.06, real=1.39 secs] 
2018-12-20T15:15:12.891+0200: 146.410: [Full GC (Ergonomics) [PSYoungGen: 1143296K->514648K(2330624K)] [ParOldGen: 7509046K->7509051K(7509504K)] 8652342K->8023699K(9840128K), [Metaspace: 2536K->2536K(1056768K)], 1.5052530 secs] [Times: user=5.13 sys=0.08, real=1.42 secs] 
2018-12-20T15:15:14.365+0200: 147.969: [Full GC (Ergonomics) [PSYoungGen: 1143296K->513098K(2330624K)] [ParOldGen: 7509051K->7509023K(7509504K)] 8652347K->8022121K(9840128K), [Metaspace: 2536K->2536K(1056768K)], 1.4811252 secs] [Times: user=4.85 sys=0.05, real=1.39 secs] 
2018-12-20T15:15:15.819+0200: 149.507: [Full GC (Ergonomics) [PSYoungGen: 1143296K->511040K(2330624K)] [ParOldGen: 7509023K->7509503K(7509504K)] 8652319K->8020544K(9840128K), [Metaspace: 2536K->2536K(1056768K)], 1.5017191 secs] [Times: user=4.87 sys=0.02, real=1.41 secs] 
2018-12-20T15:15:17.286+0200: 151.067: [Full GC (Ergonomics) [PSYoungGen: 1143296K->509490K(2330624K)] [ParOldGen: 7509503K->7509475K(7509504K)] 8652799K->8018966K(9840128K), [Metaspace: 2536K->2536K(1056768K)], 1.5136741 secs] [Times: user=5.32 sys=0.02, real=1.42 secs] 
2018-12-20T15:15:18.769+0200: 152.638: [Full GC (Ergonomics) [PSYoungGen: 1143296K->507953K(2330624K)] [ParOldGen: 7509475K->7509435K(7509504K)] 8652771K->8017388K(9840128K), [Metaspace: 2536K->2536K(1056768K)], 1.4886930 secs] [Times: user=5.12 sys=0.02, real=1.40 secs] 
2018-12-20T15:15:20.225+0200: 154.191: [Full GC (Ergonomics) [PSYoungGen: 1143296K->506403K(2330624K)] [ParOldGen: 7509435K->7509382K(7509504K)] 8652731K->8015785K(9840128K), [Metaspace: 2536K->2536K(1056768K)], 1.4987096 secs] [Times: user=5.32 sys=0.05, real=1.41 secs] 
2018-12-20T15:15:21.698+0200: 155.747: [Full GC (Ergonomics) [PSYoungGen: 1143296K->504853K(2330624K)] [ParOldGen: 7509382K->7509354K(7509504K)] 8652678K->8014208K(9840128K), [Metaspace: 2536K->2536K(1056768K)], 1.4844351 secs] [Times: user=4.90 sys=0.06, real=1.39 secs] 
2018-12-20T15:15:23.143+0200: 157.289: [Full GC (Ergonomics) [PSYoungGen: 1143296K->503303K(2330624K)] [ParOldGen: 7509354K->7509301K(7509504K)] 8652650K->8012605K(9840128K), [Metaspace: 2536K->2536K(1056768K)], 1.4939059 secs] [Times: user=5.41 sys=0.00, real=1.40 secs] 
2018-12-20T15:15:24.606+0200: 158.838: [Full GC (Ergonomics) [PSYoungGen: 1143296K->501747K(2330624K)] [ParOldGen: 7509301K->7509254K(7509504K)] 8652597K->8011002K(9840128K), [Metaspace: 2536K->2536K(1056768K)], 1.4604058 secs] [Times: user=5.13 sys=0.02, real=1.37 secs] 
2018-12-20T15:15:26.040+0200: 160.354: [Full GC (Ergonomics) [PSYoungGen: 1143296K->500197K(2330624K)] [ParOldGen: 7509254K->7509201K(7509504K)] 8652550K->8009399K(9840128K), [Metaspace: 2536K->2536K(1056768K)], 1.4639009 secs] [Times: user=4.98 sys=0.08, real=1.38 secs] 
2018-12-20T15:15:27.473+0200: 161.872: [Full GC (Ergonomics) [PSYoungGen: 1143296K->498648K(2330624K)] [ParOldGen: 7509201K->7509147K(7509504K)] 8652497K->8007796K(9840128K), [Metaspace: 2536K->2536K(1056768K)], 1.5078958 secs] [Times: user=5.27 sys=0.05, real=1.43 secs] 
2018-12-20T15:15:28.950+0200: 163.435: [Full GC (Ergonomics) [PSYoungGen: 1143296K->497091K(2330624K)] [ParOldGen: 7509147K->7509075K(7509504K)] 8652443K->8006167K(9840128K), [Metaspace: 2536K->2536K(1056768K)], 1.5397277 secs] [Times: user=5.51 sys=0.02, real=1.44 secs] 
2018-12-20T15:15:30.456+0200: 165.031: [Full GC (Ergonomics) [PSYoungGen: 1143296K->495541K(2330624K)] [ParOldGen: 7509075K->7509022K(7509504K)] 8652371K->8004564K(9840128K), [Metaspace: 2536K->2536K(1056768K)], 1.4887448 secs] [Times: user=5.04 sys=0.02, real=1.39 secs] 
2018-12-20T15:15:31.908+0200: 166.577: [Full GC (Ergonomics) [PSYoungGen: 1143296K->493477K(2330624K)] [ParOldGen: 7509022K->7509458K(7509504K)] 8652318K->8002935K(9840128K), [Metaspace: 2536K->2536K(1056768K)], 1.5176670 secs] [Times: user=5.35 sys=0.02, real=1.41 secs] 
2018-12-20T15:15:33.394+0200: 168.157: [Full GC (Ergonomics) [PSYoungGen: 1143296K->491927K(2330624K)] [ParOldGen: 7509458K->7509379K(7509504K)] 8652754K->8001307K(9840128K), [Metaspace: 2536K->2536K(1056768K)], 1.4816733 secs] [Times: user=5.07 sys=0.06, real=1.39 secs] 
2018-12-20T15:15:34.837+0200: 169.697: [Full GC (Ergonomics) [PSYoungGen: 1143296K->490377K(2330624K)] [ParOldGen: 7509379K->7509301K(7509504K)] 8652675K->7999678K(9840128K), [Metaspace: 2536K->2536K(1056768K)], 1.5432023 secs] [Times: user=5.44 sys=0.05, real=1.46 secs] 
2018-12-20T15:15:36.361+0200: 171.300: [Full GC (Ergonomics) [PSYoungGen: 1143296K->488821K(2330624K)] [ParOldGen: 7509301K->7509228K(7509504K)] 8652597K->7998050K(9840128K), [Metaspace: 2536K->2536K(1056768K)], 1.5303973 secs] [Times: user=5.15 sys=0.03, real=1.44 secs] 
2018-12-20T15:15:37.864+0200: 172.887: [Full GC (Ergonomics) [PSYoungGen: 1143296K->487271K(2330624K)] [ParOldGen: 7509228K->7509150K(7509504K)] 8652524K->7996421K(9840128K), [Metaspace: 2536K->2536K(1056768K)], 1.4769499 secs] [Times: user=5.29 sys=0.03, real=1.39 secs] 
2018-12-20T15:15:39.310+0200: 174.423: [Full GC (Ergonomics) [PSYoungGen: 1143296K->485722K(2330624K)] [ParOldGen: 7509150K->7509046K(7509504K)] 8652446K->7994768K(9840128K), [Metaspace: 2536K->2536K(1056768K)], 1.5037186 secs] [Times: user=5.33 sys=0.01, real=1.41 secs] 
2018-12-20T15:15:40.784+0200: 175.994: [Full GC (Ergonomics) [PSYoungGen: 1143296K->483657K(2330624K)] [ParOldGen: 7509046K->7509481K(7509504K)] 8652342K->7993139K(9840128K), [Metaspace: 2536K->2536K(1056768K)], 1.5163533 secs] [Times: user=5.32 sys=0.02, real=1.43 secs] 
2018-12-20T15:15:42.288+0200: 177.581: [Full GC (Ergonomics) [PSYoungGen: 1143296K->482107K(2330624K)] [ParOldGen: 7509481K->7509377K(7509504K)] 8652777K->7991485K(9840128K), [Metaspace: 2536K->2536K(1056768K)], 1.5125344 secs] [Times: user=5.27 sys=0.00, real=1.41 secs] 
2018-12-20T15:15:43.761+0200: 179.153: [Full GC (Ergonomics) [PSYoungGen: 1143296K->480551K(2330624K)] [ParOldGen: 7509377K->7509280K(7509504K)] 8652673K->7989831K(9840128K), [Metaspace: 2536K->2536K(1056768K)], 1.4860502 secs] [Times: user=5.23 sys=0.00, real=1.39 secs] 
2018-12-20T15:15:45.225+0200: 180.708: [Full GC (Ergonomics) [PSYoungGen: 1143296K->479001K(2330624K)] [ParOldGen: 7509280K->7509176K(7509504K)] 8652576K->7988177K(9840128K), [Metaspace: 2536K->2536K(1056768K)], 1.5128017 secs] [Times: user=5.24 sys=0.01, real=1.43 secs] 
2018-12-20T15:15:46.721+0200: 182.287: [Full GC (Ergonomics) [PSYoungGen: 1143296K->477451K(2330624K)] [ParOldGen: 7509176K->7509046K(7509504K)] 8652472K->7986498K(9840128K), [Metaspace: 2536K->2536K(1056768K)], 1.5119214 secs] [Times: user=5.44 sys=0.03, real=1.42 secs] 
2018-12-20T15:15:48.205+0200: 183.857: [Full GC (Ergonomics) [PSYoungGen: 1143296K->475387K(2330624K)] [ParOldGen: 7509046K->7509456K(7509504K)] 8652342K->7984844K(9840128K), [Metaspace: 2536K->2536K(1056768K)], 1.5852303 secs] [Times: user=5.46 sys=0.00, real=1.49 secs] 
2018-12-20T15:15:49.751+0200: 185.500: [Full GC (Ergonomics) [PSYoungGen: 1143296K->473837K(2330624K)] [ParOldGen: 7509456K->7509327K(7509504K)] 8652752K->7983164K(9840128K), [Metaspace: 2536K->2536K(1056768K)], 1.4437800 secs] [Times: user=5.04 sys=0.01, real=1.36 secs] 
2018-12-20T15:15:51.183+0200: 187.012: [Full GC (Ergonomics) [PSYoungGen: 1143296K->472281K(2330624K)] [ParOldGen: 7509327K->7509229K(7509504K)] 8652623K->7981511K(9840128K), [Metaspace: 2536K->2536K(1056768K)], 1.4792213 secs] [Times: user=5.33 sys=0.03, real=1.40 secs] 
2018-12-20T15:15:52.657+0200: 188.564: [Full GC (Ergonomics) [PSYoungGen: 1143296K->470731K(2330624K)] [ParOldGen: 7509229K->7509100K(7509504K)] 8652525K->7979831K(9840128K), [Metaspace: 2536K->2536K(1056768K)], 2.1964401 secs] [Times: user=5.35 sys=0.09, real=1.92 secs] 
2018-12-20T15:15:54.643+0200: 190.834: [Full GC (Ergonomics) [PSYoungGen: 1143296K->468673K(2330624K)] [ParOldGen: 7509100K->7509453K(7509504K)] 8652396K->7978126K(9840128K), [Metaspace: 2536K->2536K(1056768K)], 1.5345722 secs] [Times: user=5.02 sys=0.02, real=1.46 secs] 
2018-12-20T15:15:56.165+0200: 192.427: [Full GC (Ergonomics) [PSYoungGen: 1143296K->467123K(2330624K)] [ParOldGen: 7509453K->7509323K(7509504K)] 8652749K->7976447K(9840128K), [Metaspace: 2536K->2536K(1056768K)], 1.3997235 secs] [Times: user=4.84 sys=0.01, real=1.33 secs] 
2018-12-20T15:15:57.567+0200: 193.899: [Full GC (Ergonomics) [PSYoungGen: 1143296K->465586K(2330624K)] [ParOldGen: 7509323K->7509181K(7509504K)] 8652619K->7974768K(9840128K), [Metaspace: 2536K->2536K(1056768K)], 1.4409501 secs] [Times: user=5.29 sys=0.00, real=1.39 secs] 
2018-12-20T15:15:59.023+0200: 195.411: [Full GC (Ergonomics) [PSYoungGen: 1143296K->464036K(2330624K)] [ParOldGen: 7509181K->7509026K(7509504K)] 8652477K->7973063K(9840128K), [Metaspace: 2536K->2536K(1056768K)], 1.3936332 secs] [Times: user=4.99 sys=0.00, real=1.32 secs] 
2018-12-20T15:16:00.415+0200: 196.866: [Full GC (Ergonomics) [PSYoungGen: 1143296K->461978K(2330624K)] [ParOldGen: 7509026K->7509379K(7509504K)] 8652322K->7971358K(9840128K), [Metaspace: 2536K->2536K(1056768K)], 1.4047391 secs] [Times: user=4.98 sys=0.00, real=1.33 secs] 
2018-12-20T15:16:01.807+0200: 198.334: [Full GC (Ergonomics) [PSYoungGen: 1143296K->460428K(2330624K)] [ParOldGen: 7509379K->7509224K(7509504K)] 8652675K->7969653K(9840128K), [Metaspace: 2536K->2536K(1056768K)], 1.3930845 secs] [Times: user=4.99 sys=0.02, real=1.33 secs] 
2018-12-20T15:16:03.200+0200: 199.791: [Full GC (Ergonomics) [PSYoungGen: 1143296K->458879K(2330624K)] [ParOldGen: 7509224K->7509069K(7509504K)] 8652520K->7967948K(9840128K), [Metaspace: 2536K->2536K(1056768K)], 1.4375987 secs] [Times: user=4.84 sys=0.01, real=1.38 secs] 
2018-12-20T15:16:04.625+0200: 201.287: [Full GC (Ergonomics) [PSYoungGen: 1143296K->456808K(2330624K)] [ParOldGen: 7509069K->7509435K(7509504K)] 8652365K->7966243K(9840128K), [Metaspace: 2536K->2536K(1056768K)], 1.4566834 secs] [Times: user=4.98 sys=0.00, real=1.38 secs] 
2018-12-20T15:16:06.066+0200: 202.802: [Full GC (Ergonomics) [PSYoungGen: 1143296K->455258K(2330624K)] [ParOldGen: 7509435K->7509255K(7509504K)] 8652731K->7964513K(9840128K), [Metaspace: 2536K->2536K(1056768K)], 1.4469365 secs] [Times: user=5.24 sys=0.00, real=1.36 secs] 
2018-12-20T15:16:07.490+0200: 204.306: [Full GC (Ergonomics) [PSYoungGen: 1143296K->453708K(2330624K)] [ParOldGen: 7509255K->7509100K(7509504K)] 8652551K->7962808K(9840128K), [Metaspace: 2536K->2536K(1056768K)], 1.4343013 secs] [Times: user=5.08 sys=0.00, real=1.34 secs] 
2018-12-20T15:16:08.893+0200: 205.800: [Full GC (Ergonomics) [PSYoungGen: 1143296K->451650K(2330624K)] [ParOldGen: 7509100K->7509427K(7509504K)] 8652396K->7961078K(9840128K), [Metaspace: 2536K->2536K(1056768K)], 1.4428050 secs] [Times: user=4.98 sys=0.00, real=1.37 secs] 
2018-12-20T15:16:10.325+0200: 207.319: [Full GC (Ergonomics) [PSYoungGen: 1143296K->450094K(2330624K)] [ParOldGen: 7509427K->7509253K(7509504K)] 8652723K->7959348K(9840128K), [Metaspace: 2536K->2536K(1056768K)], 1.4317775 secs] [Times: user=5.12 sys=0.00, real=1.35 secs] 
2018-12-20T15:16:11.738+0200: 208.809: [Full GC (Ergonomics) [PSYoungGen: 1143296K->448544K(2330624K)] [ParOldGen: 7509253K->7509073K(7509504K)] 8652549K->7957617K(9840128K), [Metaspace: 2536K->2536K(1056768K)], 1.4400302 secs] [Times: user=5.13 sys=0.00, real=1.36 secs] 
2018-12-20T15:16:13.160+0200: 210.307: [Full GC (Ergonomics) [PSYoungGen: 1143296K->446479K(2330624K)] [ParOldGen: 7509073K->7509407K(7509504K)] 8652369K->7955887K(9840128K), [Metaspace: 2536K->2536K(1056768K)], 1.4923473 secs] [Times: user=5.37 sys=0.00, real=1.40 secs] 
2018-12-20T15:16:14.624+0200: 211.863: [Full GC (Ergonomics) [PSYoungGen: 1143296K->444930K(2330624K)] [ParOldGen: 7509407K->7509201K(7509504K)] 8652703K->7954131K(9840128K), [Metaspace: 2536K->2536K(1056768K)], 1.4667154 secs] [Times: user=5.26 sys=0.00, real=1.38 secs] 
2018-12-20T15:16:16.068+0200: 213.391: [Full GC (Ergonomics) [PSYoungGen: 1143296K->442872K(2330624K)] [ParOldGen: 7509201K->7509503K(7509504K)] 8652497K->7952376K(9840128K), [Metaspace: 2536K->2536K(1056768K)], 1.4047843 secs] [Times: user=5.10 sys=0.00, real=1.32 secs] 
2018-12-20T15:16:17.451+0200: 214.858: [Full GC (Ergonomics) [PSYoungGen: 1143296K->441315K(2330624K)] [ParOldGen: 7509503K->7509329K(7509504K)] 8652799K->7950645K(9840128K), [Metaspace: 2536K->2536K(1056768K)], 1.4743168 secs] [Times: user=4.99 sys=0.00, real=1.41 secs] 
2018-12-20T15:16:18.935+0200: 216.403: [Full GC (Ergonomics) [PSYoungGen: 1143296K->439759K(2330624K)] [ParOldGen: 7509329K->7509130K(7509504K)] 8652625K->7948890K(9840128K), [Metaspace: 2536K->2536K(1056768K)], 1.4804212 secs] [Times: user=4.93 sys=0.03, real=1.41 secs] 
2018-12-20T15:16:20.409+0200: 217.952: [Full GC (Ergonomics) [PSYoungGen: 1143296K->437701K(2330624K)] [ParOldGen: 7509130K->7509407K(7509504K)] 8652426K->7947108K(9840128K), [Metaspace: 2536K->2536K(1056768K)], 1.5016524 secs] [Times: user=5.12 sys=0.00, real=1.41 secs] 
2018-12-20T15:16:21.893+0200: 219.517: [Full GC (Ergonomics) [PSYoungGen: 1143296K->436151K(2330624K)] [ParOldGen: 7509407K->7509201K(7509504K)] 8652703K->7945353K(9840128K), [Metaspace: 2536K->2536K(1056768K)], 1.3913099 secs] [Times: user=4.74 sys=0.00, real=1.31 secs] 
2018-12-20T15:16:23.255+0200: 220.967: [Full GC (Ergonomics) [PSYoungGen: 1143296K->434093K(2330624K)] [ParOldGen: 7509201K->7509503K(7509504K)] 8652497K->7943597K(9840128K), [Metaspace: 2536K->2536K(1056768K)], 1.4330123 secs] [Times: user=4.91 sys=0.01, real=1.35 secs] 
2018-12-20T15:16:24.679+0200: 222.464: [Full GC (Ergonomics) [PSYoungGen: 1143296K->432537K(2330624K)] [ParOldGen: 7509503K->7509278K(7509504K)] 8652799K->7941816K(9840128K), [Metaspace: 2536K->2536K(1056768K)], 1.4668031 secs] [Times: user=5.34 sys=0.00, real=1.37 secs] 
2018-12-20T15:16:26.116+0200: 223.995: [Full GC (Ergonomics) [PSYoungGen: 1143296K->430981K(2330624K)] [ParOldGen: 7509278K->7509053K(7509504K)] 8652574K->7940035K(9840128K), [Metaspace: 2536K->2536K(1056768K)], 1.4521493 secs] [Times: user=5.02 sys=0.03, real=1.37 secs] 
2018-12-20T15:16:27.558+0200: 225.512: [Full GC (Ergonomics) [PSYoungGen: 1143296K->428923K(2330624K)] [ParOldGen: 7509053K->7509330K(7509504K)] 8652349K->7938253K(9840128K), [Metaspace: 2536K->2536K(1056768K)], 1.4568313 secs] [Times: user=5.05 sys=0.00, real=1.36 secs] 
2018-12-20T15:16:28.990+0200: 227.032: [Full GC (Ergonomics) [PSYoungGen: 1143296K->427373K(2330624K)] [ParOldGen: 7509330K->7509099K(7509504K)] 8652626K->7936472K(9840128K), [Metaspace: 2536K->2536K(1056768K)], 1.4375641 secs] [Times: user=5.06 sys=0.00, real=1.35 secs] 
2018-12-20T15:16:30.402+0200: 228.533: [Full GC (Ergonomics) [PSYoungGen: 1143296K->425315K(2330624K)] [ParOldGen: 7509099K->7509350K(7509504K)] 8652395K->7934666K(9840128K), [Metaspace: 2536K->2536K(1056768K)], 1.4722292 secs] [Times: user=5.09 sys=0.00, real=1.38 secs] 
2018-12-20T15:16:31.856+0200: 230.074: [Full GC (Ergonomics) [PSYoungGen: 1143296K->423759K(2330624K)] [ParOldGen: 7509350K->7509125K(7509504K)] 8652646K->7932885K(9840128K), [Metaspace: 2536K->2536K(1056768K)], 1.4586675 secs] [Times: user=5.35 sys=0.00, real=1.38 secs] 
2018-12-20T15:16:33.292+0200: 231.596: [Full GC (Ergonomics) [PSYoungGen: 1143296K->421694K(2330624K)] [ParOldGen: 7509125K->7509383K(7509504K)] 8652421K->7931078K(9840128K), [Metaspace: 2536K->2536K(1056768K)], 1.4349936 secs] [Times: user=5.10 sys=0.02, real=1.36 secs] 
2018-12-20T15:16:34.726+0200: 233.096: [Full GC (Ergonomics) [PSYoungGen: 1143296K->420145K(2330624K)] [ParOldGen: 7509383K->7509126K(7509504K)] 8652679K->7929271K(9840128K), [Metaspace: 2536K->2536K(1056768K)], 1.5403337 secs] [Times: user=5.15 sys=0.00, real=1.44 secs] 
2018-12-20T15:16:36.236+0200: 234.703: [Full GC (Ergonomics) [PSYoungGen: 1143296K->418087K(2330624K)] [ParOldGen: 7509126K->7509377K(7509504K)] 8652422K->7927465K(9840128K), [Metaspace: 2536K->2536K(1056768K)], 1.4811364 secs] [Times: user=4.95 sys=0.00, real=1.40 secs] 
2018-12-20T15:16:37.719+0200: 236.264: [Full GC (Ergonomics) [PSYoungGen: 1143296K->416537K(2330624K)] [ParOldGen: 7509377K->7509121K(7509504K)] 8652673K->7925658K(9840128K), [Metaspace: 2536K->2536K(1056768K)], 1.5895872 secs] [Times: user=5.40 sys=0.00, real=1.53 secs] 
2018-12-20T15:16:39.309+0200: 237.918: [Full GC (Ergonomics) [PSYoungGen: 1143296K->414472K(2330624K)] [ParOldGen: 7509121K->7509353K(7509504K)] 8652417K->7923826K(9840128K), [Metaspace: 2536K->2536K(1056768K)], 1.3207142 secs] [Times: user=4.93 sys=0.00, real=1.31 secs] 
2018-12-20T15:16:40.691+0200: 239.302: [Full GC (Ergonomics) [PSYoungGen: 1143296K->412916K(2330624K)] [ParOldGen: 7509353K->7509077K(7509504K)] 8652649K->7921994K(9840128K), [Metaspace: 2536K->2536K(1056768K)], 1.5630279 secs] [Times: user=5.20 sys=0.00, real=1.48 secs] 
2018-12-20T15:16:42.232+0200: 240.930: [Full GC (Ergonomics) [PSYoungGen: 1143296K->410858K(2330624K)] [ParOldGen: 7509077K->7509329K(7509504K)] 8652373K->7920187K(9840128K), [Metaspace: 2536K->2536K(1056768K)], 1.4483995 secs] [Times: user=5.12 sys=0.01, real=1.39 secs] 
2018-12-20T15:16:43.687+0200: 242.445: [Full GC (Ergonomics) [PSYoungGen: 1143296K->409308K(2330624K)] [ParOldGen: 7509329K->7509046K(7509504K)] 8652625K->7918355K(9840128K), [Metaspace: 2536K->2536K(1056768K)], 1.4581539 secs] [Times: user=5.04 sys=0.00, real=1.39 secs] 
2018-12-20T15:16:45.140+0200: 243.968: [Full GC (Ergonomics) [PSYoungGen: 1143296K->407251K(2330624K)] [ParOldGen: 7509046K->7509247K(7509504K)] 8652342K->7916498K(9840128K), [Metaspace: 2536K->2536K(1056768K)], 1.4289793 secs] [Times: user=4.84 sys=0.00, real=1.36 secs] 
2018-12-20T15:16:46.573+0200: 245.460: [Full GC (Ergonomics) [PSYoungGen: 1143296K->405179K(2330624K)] [ParOldGen: 7509247K->7509486K(7509504K)] 8652543K->7914666K(9840128K), [Metaspace: 2536K->2536K(1056768K)], 1.3979256 secs] [Times: user=4.66 sys=0.09, real=1.33 secs] 
2018-12-20T15:16:47.975+0200: 246.936: [Full GC (Ergonomics) [PSYoungGen: 1143296K->403630K(2330624K)] [ParOldGen: 7509486K->7509203K(7509504K)] 8652782K->7912834K(9840128K), [Metaspace: 2536K->2536K(1056768K)], 1.4905931 secs] [Times: user=4.77 sys=0.03, real=1.42 secs] 
2018-12-20T15:16:49.457+0200: 248.491: [Full GC (Ergonomics) [PSYoungGen: 1143296K->401572K(2330624K)] [ParOldGen: 7509203K->7509404K(7509504K)] 8652499K->7910976K(9840128K), [Metaspace: 2536K->2536K(1056768K)], 1.6218142 secs] [Times: user=5.54 sys=0.02, real=1.55 secs] 
2018-12-20T15:16:51.070+0200: 250.179: [Full GC (Ergonomics) [PSYoungGen: 1143296K->400022K(2330624K)] [ParOldGen: 7509404K->7509096K(7509504K)] 8652700K->7909119K(9840128K), [Metaspace: 2536K->2536K(1056768K)], 1.3970929 secs] [Times: user=4.94 sys=0.00, real=1.34 secs] 
2018-12-20T15:16:52.474+0200: 251.645: [Full GC (Ergonomics) [PSYoungGen: 1143296K->397958K(2330624K)] [ParOldGen: 7509096K->7509303K(7509504K)] 8652392K->7907261K(9840128K), [Metaspace: 2536K->2536K(1056768K)], 1.7584664 secs] [Times: user=5.76 sys=0.01, real=1.65 secs] 
2018-12-20T15:16:54.198+0200: 253.472: [Full GC (Ergonomics) [PSYoungGen: 1143296K->395893K(2330624K)] [ParOldGen: 7509303K->7509485K(7509504K)] 8652599K->7905378K(9840128K), [Metaspace: 2536K->2536K(1056768K)], 1.4479143 secs] [Times: user=5.07 sys=0.02, real=1.37 secs] 
2018-12-20T15:16:55.640+0200: 254.989: [Full GC (Ergonomics) [PSYoungGen: 1143296K->394343K(2330624K)] [ParOldGen: 7509485K->7509177K(7509504K)] 8652781K->7903521K(9840128K), [Metaspace: 2536K->2536K(1056768K)], 1.4603325 secs] [Times: user=4.62 sys=0.01, real=1.38 secs] 
2018-12-20T15:16:57.092+0200: 256.519: [Full GC (Ergonomics) [PSYoungGen: 1143296K->392285K(2330624K)] [ParOldGen: 7509177K->7509352K(7509504K)] 8652473K->7901638K(9840128K), [Metaspace: 2536K->2536K(1056768K)], 2.2318320 secs] [Times: user=5.68 sys=0.06, real=1.91 secs] 
2018-12-20T15:16:59.070+0200: 258.826: [Full GC (Ergonomics) [PSYoungGen: 1143296K->390736K(2330624K)] [ParOldGen: 7509352K->7509044K(7509504K)] 8652648K->7899780K(9840128K), [Metaspace: 2536K->2536K(1056768K)], 1.4365336 secs] [Times: user=5.21 sys=0.02, real=1.35 secs] 
2018-12-20T15:17:00.493+0200: 260.333: [Full GC (Ergonomics) [PSYoungGen: 1143296K->388671K(2330624K)] [ParOldGen: 7509044K->7509200K(7509504K)] 8652340K->7897872K(9840128K), [Metaspace: 2536K->2536K(1056768K)], 1.4553804 secs] [Times: user=5.16 sys=0.02, real=1.38 secs] 
2018-12-20T15:17:01.937+0200: 261.855: [Full GC (Ergonomics) [PSYoungGen: 1143296K->386607K(2330624K)] [ParOldGen: 7509200K->7509382K(7509504K)] 8652496K->7895989K(9840128K), [Metaspace: 2536K->2536K(1056768K)], 1.6594905 secs] [Times: user=5.18 sys=0.02, real=1.58 secs] 
2018-12-20T15:17:03.589+0200: 263.588: [Full GC (Ergonomics) [PSYoungGen: 1143296K->385057K(2330624K)] [ParOldGen: 7509382K->7509048K(7509504K)] 8652678K->7894106K(9840128K), [Metaspace: 2536K->2536K(1056768K)], 1.6388798 secs] [Times: user=4.81 sys=0.00, real=1.55 secs] 
2018-12-20T15:17:05.209+0200: 265.299: [Full GC (Ergonomics) [PSYoungGen: 1143296K->382999K(2330624K)] [ParOldGen: 7509048K->7509198K(7509504K)] 8652344K->7892197K(9840128K), [Metaspace: 2536K->2536K(1056768K)], 1.5069408 secs] [Times: user=5.06 sys=0.01, real=1.43 secs] 
2018-12-20T15:17:06.709+0200: 266.878: [Full GC (Ergonomics) [PSYoungGen: 1143296K->380935K(2330624K)] [ParOldGen: 7509198K->7509380K(7509504K)] 8652494K->7890315K(9840128K), [Metaspace: 2536K->2536K(1056768K)], 1.6104722 secs] [Times: user=5.24 sys=0.02, real=1.50 secs] 
2018-12-20T15:17:08.279+0200: 268.558: [Full GC (Ergonomics) [PSYoungGen: 1143296K->379378K(2330624K)] [ParOldGen: 7509380K->7509027K(7509504K)] 8652676K->7888406K(9840128K), [Metaspace: 2536K->2536K(1056768K)], 1.7888464 secs] [Times: user=5.30 sys=0.01, real=1.67 secs] 
2018-12-20T15:17:10.036+0200: 270.431: [Full GC (Ergonomics) [PSYoungGen: 1143296K->377320K(2330624K)] [ParOldGen: 7509027K->7509177K(7509504K)] 8652323K->7886498K(9840128K), [Metaspace: 2536K->2536K(1056768K)], 1.6474297 secs] [Times: user=5.04 sys=0.02, real=1.55 secs] 
2018-12-20T15:17:11.658+0200: 272.148: [Full GC (Ergonomics) [PSYoungGen: 1143296K->375256K(2330624K)] [ParOldGen: 7509177K->7509308K(7509504K)] 8652473K->7884564K(9840128K), [Metaspace: 2536K->2536K(1056768K)], 1.5022523 secs] [Times: user=4.91 sys=0.00, real=1.41 secs] 
2018-12-20T15:17:13.143+0200: 273.719: [Full GC (Ergonomics) [PSYoungGen: 1143296K->373198K(2330624K)] [ParOldGen: 7509308K->7509457K(7509504K)] 8652604K->7882655K(9840128K), [Metaspace: 2536K->2536K(1056768K)], 1.5897178 secs] [Times: user=5.15 sys=0.03, real=1.49 secs] 
2018-12-20T15:17:14.737+0200: 275.400: [Full GC (Ergonomics) [PSYoungGen: 1143296K->371648K(2330624K)] [ParOldGen: 7509457K->7509073K(7509504K)] 8652753K->7880722K(9840128K), [Metaspace: 2536K->2536K(1056768K)], 1.6762273 secs] [Times: user=5.48 sys=0.05, real=1.57 secs] 
2018-12-20T15:17:16.381+0200: 277.150: [Full GC (Ergonomics) [PSYoungGen: 1143296K->369584K(2330624K)] [ParOldGen: 7509073K->7509204K(7509504K)] 8652369K->7878788K(9840128K), [Metaspace: 2536K->2536K(1056768K)], 1.7316962 secs] [Times: user=5.55 sys=0.00, real=1.61 secs] 
2018-12-20T15:17:18.047+0200: 278.950: [Full GC (Ergonomics) [PSYoungGen: 1143296K->367526K(2330624K)] [ParOldGen: 7509204K->7509328K(7509504K)] 8652500K->7876854K(9840128K), [Metaspace: 2536K->2536K(1056768K)], 1.6731856 secs] [Times: user=5.35 sys=0.05, real=1.55 secs] 
2018-12-20T15:17:19.671+0200: 280.694: [Full GC (Ergonomics) [PSYoungGen: 1143296K->365461K(2330624K)] [ParOldGen: 7509328K->7509458K(7509504K)] 8652624K->7874920K(9840128K), [Metaspace: 2536K->2536K(1056768K)], 1.5826832 secs] [Times: user=5.16 sys=0.00, real=1.47 secs] 
2018-12-20T15:17:21.226+0200: 282.352: [Full GC (Ergonomics) [PSYoungGen: 1143296K->363911K(2330624K)] [ParOldGen: 7509458K->7509049K(7509504K)] 8652754K->7872961K(9840128K), [Metaspace: 2536K->2536K(1056768K)], 1.7319495 secs] [Times: user=5.63 sys=0.01, real=1.60 secs] 
2018-12-20T15:17:22.892+0200: 284.156: [Full GC (Ergonomics) [PSYoungGen: 1143296K->361854K(2330624K)] [ParOldGen: 7509049K->7509173K(7509504K)] 8652345K->7871027K(9840128K), [Metaspace: 2536K->2536K(1056768K)], 1.6437279 secs] [Times: user=5.26 sys=0.02, real=1.51 secs] 
2018-12-20T15:17:24.467+0200: 285.865: [Full GC (Ergonomics) [PSYoungGen: 1143296K->359789K(2330624K)] [ParOldGen: 7509173K->7509278K(7509504K)] 8652469K->7869068K(9840128K), [Metaspace: 2536K->2536K(1056768K)], 1.7913227 secs] [Times: user=5.62 sys=0.00, real=1.65 secs] 
2018-12-20T15:17:26.211+0200: 287.751: [Full GC (Ergonomics) [PSYoungGen: 1143296K->357731K(2330624K)] [ParOldGen: 7509278K->7509377K(7509504K)] 8652574K->7867108K(9840128K), [Metaspace: 2536K->2536K(1056768K)], 1.7146912 secs] [Times: user=4.94 sys=0.00, real=1.61 secs] 
2018-12-20T15:17:27.889+0200: 289.543: [Full GC (Ergonomics) [PSYoungGen: 1143296K->355667K(2330624K)] [ParOldGen: 7509377K->7509482K(7509504K)] 8652673K->7865149K(9840128K), [Metaspace: 2536K->2536K(1056768K)], 1.6356217 secs] [Times: user=4.40 sys=0.00, real=1.56 secs] 
2018-12-20T15:17:29.525+0200: 291.265: [Full GC (Ergonomics) [PSYoungGen: 1143296K->354117K(2330624K)] [ParOldGen: 7509482K->7509047K(7509504K)] 8652778K->7863164K(9840128K), [Metaspace: 2536K->2536K(1056768K)], 1.6486664 secs] [Times: user=4.27 sys=0.00, real=1.55 secs] 
2018-12-20T15:17:31.157+0200: 292.994: [Full GC (Ergonomics) [PSYoungGen: 1143296K->352052K(2330624K)] [ParOldGen: 7509047K->7509152K(7509504K)] 8652343K->7861205K(9840128K), [Metaspace: 2536K->2536K(1056768K)], 1.5812356 secs] [Times: user=4.77 sys=0.05, real=1.48 secs] 
2018-12-20T15:17:32.713+0200: 294.650: [Full GC (Ergonomics) [PSYoungGen: 1143296K->349995K(2330624K)] [ParOldGen: 7509152K->7509225K(7509504K)] 8652448K->7859220K(9840128K), [Metaspace: 2536K->2536K(1056768K)], 1.5712745 secs] [Times: user=5.21 sys=0.03, real=1.48 secs] 
2018-12-20T15:17:34.268+0200: 296.299: [Full GC (Ergonomics) [PSYoungGen: 1143296K->347937K(2330624K)] [ParOldGen: 7509225K->7509298K(7509504K)] 8652521K->7857236K(9840128K), [Metaspace: 2536K->2536K(1056768K)], 1.8570657 secs] [Times: user=5.15 sys=0.02, real=1.61 secs] 
2018-12-20T15:17:35.962+0200: 298.239: [Full GC (Ergonomics) [PSYoungGen: 1143296K->345872K(2330624K)] [ParOldGen: 7509298K->7509378K(7509504K)] 8652594K->7855251K(9840128K), [Metaspace: 2536K->2536K(1056768K)], 1.6637942 secs] [Times: user=4.51 sys=0.03, real=1.54 secs] 
2018-12-20T15:17:37.578+0200: 299.983: [Full GC (Ergonomics) [PSYoungGen: 1143296K->343808K(2330624K)] [ParOldGen: 7509378K->7509432K(7509504K)] 8652674K->7853241K(9840128K), [Metaspace: 2536K->2536K(1056768K)], 1.9667649 secs] [Times: user=4.57 sys=0.01, real=1.75 secs] 
2018-12-20T15:17:39.402+0200: 302.026: [Full GC (Ergonomics) [PSYoungGen: 1143296K->342258K(2330624K)] [ParOldGen: 7509432K->7508998K(7509504K)] 8652728K->7851256K(9840128K), [Metaspace: 2536K->2536K(1056768K)], 1.6810800 secs] [Times: user=5.12 sys=0.02, real=1.57 secs] 
2018-12-20T15:17:41.051+0200: 303.784: [Full GC (Ergonomics) [PSYoungGen: 1143296K->340200K(2330624K)] [ParOldGen: 7508998K->7509045K(7509504K)] 8652294K->7849246K(9840128K), [Metaspace: 2536K->2536K(1056768K)], 1.7423598 secs] [Times: user=4.24 sys=0.00, real=1.60 secs] 
2018-12-20T15:17:42.723+0200: 305.598: [Full GC (Ergonomics) [PSYoungGen: 1143296K->338136K(2330624K)] [ParOldGen: 7509045K->7509100K(7509504K)] 8652341K->7847236K(9840128K), [Metaspace: 2536K->2536K(1056768K)], 1.5411776 secs] [Times: user=4.10 sys=0.00, real=1.44 secs] 
2018-12-20T15:17:44.231+0200: 307.212: [Full GC (Ergonomics) [PSYoungGen: 1143296K->336078K(2330624K)] [ParOldGen: 7509100K->7509147K(7509504K)] 8652396K->7845225K(9840128K), [Metaspace: 2536K->2536K(1056768K)], 1.6826410 secs] [Times: user=5.15 sys=0.02, real=1.53 secs] 
2018-12-20T15:17:45.845+0200: 308.976: [Full GC (Ergonomics) [PSYoungGen: 1143296K->334020K(2330624K)] [ParOldGen: 7509147K->7509170K(7509504K)] 8652443K->7843190K(9840128K), [Metaspace: 2536K->2536K(1056768K)], 1.6466422 secs] [Times: user=5.51 sys=0.01, real=1.51 secs] 
2018-12-20T15:17:47.429+0200: 310.700: [Full GC (Ergonomics) [PSYoungGen: 1143296K->331949K(2330624K)] [ParOldGen: 7509170K->7509230K(7509504K)] 8652466K->7841180K(9840128K), [Metaspace: 2536K->2536K(1056768K)], 1.4503724 secs] [Times: user=5.12 sys=0.02, real=1.38 secs] 
2018-12-20T15:17:48.891+0200: 312.225: [Full GC (Ergonomics) [PSYoungGen: 1143296K->329891K(2330624K)] [ParOldGen: 7509230K->7509253K(7509504K)] 8652526K->7839144K(9840128K), [Metaspace: 2536K->2536K(1056768K)], 1.4799290 secs] [Times: user=4.68 sys=0.00, real=1.41 secs] 
2018-12-20T15:17:50.376+0200: 313.775: [Full GC (Ergonomics) [PSYoungGen: 1143296K->327833K(2330624K)] [ParOldGen: 7509253K->7509275K(7509504K)] 8652549K->7837108K(9840128K), [Metaspace: 2536K->2536K(1056768K)], 1.5473048 secs] [Times: user=5.44 sys=0.00, real=1.44 secs] 
2018-12-20T15:17:51.900+0200: 315.396: [Full GC (Ergonomics) [PSYoungGen: 1143296K->325768K(2330624K)] [ParOldGen: 7509275K->7509304K(7509504K)] 8652571K->7835073K(9840128K), [Metaspace: 2536K->2536K(1056768K)], 1.5551377 secs] [Times: user=5.38 sys=0.00, real=1.45 secs] 
2018-12-20T15:17:53.423+0200: 317.022: [Full GC (Ergonomics) [PSYoungGen: 1143296K->323704K(2330624K)] [ParOldGen: 7509304K->7509333K(7509504K)] 8652600K->7833037K(9840128K), [Metaspace: 2536K->2536K(1056768K)], 1.5014784 secs] [Times: user=5.30 sys=0.01, real=1.41 secs] 
2018-12-20T15:17:54.906+0200: 318.597: [Full GC (Ergonomics) [PSYoungGen: 1143296K->321646K(2330624K)] [ParOldGen: 7509333K->7509329K(7509504K)] 8652629K->7830976K(9840128K), [Metaspace: 2536K->2536K(1056768K)], 1.4658206 secs] [Times: user=5.26 sys=0.00, real=1.38 secs] 
2018-12-20T15:17:56.368+0200: 320.136: [Full GC (Ergonomics) [PSYoungGen: 1143296K->319588K(2330624K)] [ParOldGen: 7509329K->7509326K(7509504K)] 8652625K->7828915K(9840128K), [Metaspace: 2536K->2536K(1056768K)], 1.4937272 secs] [Times: user=5.20 sys=0.03, real=1.40 secs] 
2018-12-20T15:17:57.851+0200: 321.712: [Full GC (Ergonomics) [PSYoungGen: 1143296K->317530K(2330624K)] [ParOldGen: 7509326K->7509323K(7509504K)] 8652622K->7826854K(9840128K), [Metaspace: 2536K->2536K(1056768K)], 1.7211468 secs] [Times: user=5.65 sys=0.01, real=1.61 secs] 
2018-12-20T15:17:59.533+0200: 323.506: [Full GC (Ergonomics) [PSYoungGen: 1143296K->315459K(2330624K)] [ParOldGen: 7509323K->7509333K(7509504K)] 8652619K->7824793K(9840128K), [Metaspace: 2536K->2536K(1056768K)], 1.4756819 secs] [Times: user=5.30 sys=0.02, real=1.40 secs] 
2018-12-20T15:18:01.006+0200: 325.055: [Full GC (Ergonomics) [PSYoungGen: 1143296K->313401K(2330624K)] [ParOldGen: 7509333K->7509330K(7509504K)] 8652629K->7822732K(9840128K), [Metaspace: 2536K->2536K(1056768K)], 1.4618170 secs] [Times: user=5.09 sys=0.03, real=1.39 secs] 
2018-12-20T15:18:02.469+0200: 326.593: [Full GC (Ergonomics) [PSYoungGen: 1143296K->311343K(2330624K)] [ParOldGen: 7509330K->7509301K(7509504K)] 8652626K->7820645K(9840128K), [Metaspace: 2536K->2536K(1056768K)], 1.4663898 secs] [Times: user=5.04 sys=0.02, real=1.39 secs] 
2018-12-20T15:18:03.932+0200: 328.132: [Full GC (Ergonomics) [PSYoungGen: 1143296K->309286K(2330624K)] [ParOldGen: 7509301K->7509273K(7509504K)] 8652597K->7818559K(9840128K), [Metaspace: 2536K->2536K(1056768K)], 1.4430784 secs] [Times: user=5.23 sys=0.00, real=1.37 secs] 
2018-12-20T15:18:05.386+0200: 329.661: [Full GC (Ergonomics) [PSYoungGen: 1143296K->307221K(2330624K)] [ParOldGen: 7509273K->7509251K(7509504K)] 8652569K->7816472K(9840128K), [Metaspace: 2536K->2536K(1056768K)], 1.5915946 secs] [Times: user=5.41 sys=0.01, real=1.49 secs] 
2018-12-20T15:18:06.961+0200: 331.340: [Full GC (Ergonomics) [PSYoungGen: 1143296K->305157K(2330624K)] [ParOldGen: 7509251K->7509229K(7509504K)] 8652547K->7814386K(9840128K), [Metaspace: 2536K->2536K(1056768K)], 1.5945453 secs] [Times: user=5.29 sys=0.03, real=1.48 secs] 
2018-12-20T15:18:08.524+0200: 333.016: [Full GC (Ergonomics) [PSYoungGen: 1143296K->303099K(2330624K)] [ParOldGen: 7509229K->7509200K(7509504K)] 8652525K->7812299K(9840128K), [Metaspace: 2536K->2536K(1056768K)], 1.6567829 secs] [Times: user=5.27 sys=0.02, real=1.52 secs] 
2018-12-20T15:18:10.138+0200: 334.766: [Full GC (Ergonomics) [PSYoungGen: 1143296K->301041K(2330624K)] [ParOldGen: 7509200K->7509146K(7509504K)] 8652496K->7810187K(9840128K), [Metaspace: 2536K->2536K(1056768K)], 1.5774381 secs] [Times: user=5.40 sys=0.00, real=1.49 secs] 
2018-12-20T15:18:11.723+0200: 336.440: [Full GC (Ergonomics) [PSYoungGen: 1143296K->298976K(2330624K)] [ParOldGen: 7509146K->7509098K(7509504K)] 8652442K->7808075K(9840128K), [Metaspace: 2536K->2536K(1056768K)], 1.5820930 secs] [Times: user=5.34 sys=0.03, real=1.47 secs] 
2018-12-20T15:18:13.287+0200: 338.108: [Full GC (Ergonomics) [PSYoungGen: 1143296K->296912K(2330624K)] [ParOldGen: 7509098K->7509051K(7509504K)] 8652394K->7805963K(9840128K), [Metaspace: 2536K->2536K(1056768K)], 1.6563775 secs] [Times: user=5.33 sys=0.03, real=1.52 secs] 
2018-12-20T15:18:14.890+0200: 339.844: [Full GC (Ergonomics) [PSYoungGen: 1143296K->294854K(2330624K)] [ParOldGen: 7509051K->7508997K(7509504K)] 8652347K->7803851K(9840128K), [Metaspace: 2536K->2536K(1056768K)], 1.5002211 secs] [Times: user=5.40 sys=0.02, real=1.41 secs] 
2018-12-20T15:18:16.382+0200: 341.426: [Full GC (Ergonomics) [PSYoungGen: 1143296K->292281K(2330624K)] [ParOldGen: 7508997K->7509432K(7509504K)] 8652293K->7801714K(9840128K), [Metaspace: 2536K->2536K(1056768K)], 1.5022300 secs] [Times: user=5.21 sys=0.02, real=1.42 secs] 
2018-12-20T15:18:17.888+0200: 343.013: [Full GC (Ergonomics) [PSYoungGen: 1143296K->290223K(2330624K)] [ParOldGen: 7509432K->7509378K(7509504K)] 8652728K->7799602K(9840128K), [Metaspace: 2536K->2536K(1056768K)], 1.4648988 secs] [Times: user=4.98 sys=0.03, real=1.38 secs] 
2018-12-20T15:18:19.342+0200: 344.554: [Full GC (Ergonomics) [PSYoungGen: 1143296K->288166K(2330624K)] [ParOldGen: 7509378K->7509299K(7509504K)] 8652674K->7797465K(9840128K), [Metaspace: 2536K->2536K(1056768K)], 1.4823605 secs] [Times: user=5.29 sys=0.01, real=1.41 secs] 
2018-12-20T15:18:20.825+0200: 346.112: [Full GC (Ergonomics) [PSYoungGen: 1143296K->286094K(2330624K)] [ParOldGen: 7509299K->7509232K(7509504K)] 8652595K->7795327K(9840128K), [Metaspace: 2536K->2536K(1056768K)], 1.4570888 secs] [Times: user=4.94 sys=0.02, real=1.39 secs] 
2018-12-20T15:18:22.298+0200: 347.651: [Full GC (Ergonomics) [PSYoungGen: 1143296K->284037K(2330624K)] [ParOldGen: 7509232K->7509153K(7509504K)] 8652528K->7793190K(9840128K), [Metaspace: 2536K->2536K(1056768K)], 1.4614699 secs] [Times: user=5.23 sys=0.00, real=1.38 secs] 
2018-12-20T15:18:23.762+0200: 349.196: [Full GC (Ergonomics) [PSYoungGen: 1143296K->281979K(2330624K)] [ParOldGen: 7509153K->7509048K(7509504K)] 8652449K->7791027K(9840128K), [Metaspace: 2536K->2536K(1056768K)], 1.4527679 secs] [Times: user=5.16 sys=0.00, real=1.37 secs] 
2018-12-20T15:18:25.216+0200: 350.725: [Full GC (Ergonomics) [PSYoungGen: 1143296K->279413K(2330624K)] [ParOldGen: 7509048K->7509451K(7509504K)] 8652344K->7788864K(9840128K), [Metaspace: 2536K->2536K(1056768K)], 1.4304470 secs] [Times: user=4.94 sys=0.02, real=1.35 secs] 
2018-12-20T15:18:26.639+0200: 352.228: [Full GC (Ergonomics) [PSYoungGen: 1143296K->277342K(2330624K)] [ParOldGen: 7509451K->7509359K(7509504K)] 8652747K->7786701K(9840128K), [Metaspace: 2536K->2536K(1056768K)], 1.4339710 secs] [Times: user=5.24 sys=0.02, real=1.37 secs] 
2018-12-20T15:18:28.084+0200: 353.745: [Full GC (Ergonomics) [PSYoungGen: 1143296K->275284K(2330624K)] [ParOldGen: 7509359K->7509254K(7509504K)] 8652655K->7784538K(9840128K), [Metaspace: 2536K->2536K(1056768K)], 1.4484797 secs] [Times: user=5.29 sys=0.00, real=1.38 secs] 
2018-12-20T15:18:29.548+0200: 355.270: [Full GC (Ergonomics) [PSYoungGen: 1143296K->273226K(2330624K)] [ParOldGen: 7509254K->7509149K(7509504K)] 8652550K->7782376K(9840128K), [Metaspace: 2536K->2536K(1056768K)], 1.4315587 secs] [Times: user=5.13 sys=0.00, real=1.36 secs] 
2018-12-20T15:18:30.980+0200: 356.776: [Full GC (Ergonomics) [PSYoungGen: 1143296K->271168K(2330624K)] [ParOldGen: 7509149K->7509019K(7509504K)] 8652445K->7780187K(9840128K), [Metaspace: 2536K->2536K(1056768K)], 1.4246122 secs] [Times: user=5.04 sys=0.02, real=1.34 secs] 
2018-12-20T15:18:32.403+0200: 358.277: [Full GC (Ergonomics) [PSYoungGen: 1143296K->268589K(2330624K)] [ParOldGen: 7509019K->7509435K(7509504K)] 8652315K->7778024K(9840128K), [Metaspace: 2536K->2536K(1056768K)], 1.4487526 secs] [Times: user=5.32 sys=0.00, real=1.36 secs] 
2018-12-20T15:18:33.846+0200: 359.805: [Full GC (Ergonomics) [PSYoungGen: 1143296K->266531K(2330624K)] [ParOldGen: 7509435K->7509305K(7509504K)] 8652731K->7775836K(9840128K), [Metaspace: 2536K->2536K(1056768K)], 1.4532774 secs] [Times: user=5.23 sys=0.00, real=1.38 secs] 
2018-12-20T15:18:35.302+0200: 361.340: [Full GC (Ergonomics) [PSYoungGen: 1143296K->264473K(2330624K)] [ParOldGen: 7509305K->7509149K(7509504K)] 8652601K->7773622K(9840128K), [Metaspace: 2536K->2536K(1056768K)], 1.4206002 secs] [Times: user=5.02 sys=0.00, real=1.36 secs] 
2018-12-20T15:18:36.745+0200: 362.839: [Full GC (Ergonomics) [PSYoungGen: 1143296K->262415K(2330624K)] [ParOldGen: 7509149K->7509019K(7509504K)] 8652445K->7771434K(9840128K), [Metaspace: 2536K->2536K(1056768K)], 1.4508370 secs] [Times: user=4.84 sys=0.00, real=1.38 secs] 
2018-12-20T15:18:38.207+0200: 364.370: [Full GC (Ergonomics) [PSYoungGen: 1143296K->259836K(2330624K)] [ParOldGen: 7509019K->7509384K(7509504K)] 8652315K->7769220K(9840128K), [Metaspace: 2536K->2536K(1056768K)], 1.5114978 secs] [Times: user=4.02 sys=0.05, real=1.42 secs] 
2018-12-20T15:18:39.711+0200: 365.970: [Full GC (Ergonomics) [PSYoungGen: 1143296K->257778K(2330624K)] [ParOldGen: 7509384K->7509228K(7509504K)] 8652680K->7767007K(9840128K), [Metaspace: 2536K->2536K(1056768K)], 1.4948594 secs] [Times: user=4.21 sys=0.01, real=1.40 secs] 
2018-12-20T15:18:41.194+0200: 367.548: [Full GC (Ergonomics) [PSYoungGen: 1143296K->255720K(2330624K)] [ParOldGen: 7509228K->7509072K(7509504K)] 8652524K->7764793K(9840128K), [Metaspace: 2536K->2536K(1056768K)], 1.5573769 secs] [Times: user=4.29 sys=0.03, real=1.48 secs] 
2018-12-20T15:18:42.760+0200: 369.195: [Full GC (Ergonomics) [PSYoungGen: 1143296K->253154K(2330624K)] [ParOldGen: 7509072K->7509425K(7509504K)] 8652368K->7762579K(9840128K), [Metaspace: 2536K->2536K(1056768K)], 1.7532530 secs] [Times: user=5.52 sys=0.08, real=1.60 secs] 
2018-12-20T15:18:44.445+0200: 371.034: [Full GC (Ergonomics) [PSYoungGen: 1143296K->251090K(2330624K)] [ParOldGen: 7509425K->7509275K(7509504K)] 8652721K->7760365K(9840128K), [Metaspace: 2536K->2536K(1056768K)], 1.8416841 secs] [Times: user=5.73 sys=0.03, real=1.71 secs] 
2018-12-20T15:18:46.240+0200: 372.963: [Full GC (Ergonomics) [PSYoungGen: 1143296K->249025K(2330624K)] [ParOldGen: 7509275K->7509101K(7509504K)] 8652571K->7758126K(9840128K), [Metaspace: 2536K->2536K(1056768K)], 1.6810189 secs] [Times: user=5.52 sys=0.00, real=1.54 secs] 
2018-12-20T15:18:47.853+0200: 374.721: [Full GC (Ergonomics) [PSYoungGen: 1143296K->246459K(2330624K)] [ParOldGen: 7509101K->7509427K(7509504K)] 8652397K->7755887K(9840128K), [Metaspace: 2536K->2536K(1056768K)], 1.5419114 secs] [Times: user=5.12 sys=0.06, real=1.43 secs] 
2018-12-20T15:18:49.365+0200: 376.342: [Full GC (Ergonomics) [PSYoungGen: 1143296K->244395K(2330624K)] [ParOldGen: 7509427K->7509253K(7509504K)] 8652723K->7753648K(9840128K), [Metaspace: 2536K->2536K(1056768K)], 1.6448368 secs] [Times: user=5.13 sys=0.06, real=1.48 secs] 
2018-12-20T15:18:50.929+0200: 378.063: [Full GC (Ergonomics) [PSYoungGen: 1143296K->242337K(2330624K)] [ParOldGen: 7509253K->7509046K(7509504K)] 8652549K->7751383K(9840128K), [Metaspace: 2536K->2536K(1056768K)], 1.5115458 secs] [Times: user=5.30 sys=0.00, real=1.40 secs] 
2018-12-20T15:18:52.412+0200: 379.651: [Full GC (Ergonomics) [PSYoungGen: 1143296K->239764K(2330624K)] [ParOldGen: 7509046K->7509379K(7509504K)] 8652342K->7749144K(9840128K), [Metaspace: 2536K->2536K(1056768K)], 1.4225026 secs] [Times: user=4.70 sys=0.02, real=1.35 secs] 
2018-12-20T15:18:53.846+0200: 381.156: [Full GC (Ergonomics) [PSYoungGen: 1143296K->237700K(2330624K)] [ParOldGen: 7509379K->7509179K(7509504K)] 8652675K->7746879K(9840128K), [Metaspace: 2536K->2536K(1056768K)], 1.4632268 secs] [Times: user=4.99 sys=0.02, real=1.35 secs] 
2018-12-20T15:18:55.290+0200: 382.709: [Full GC (Ergonomics) [PSYoungGen: 1143296K->235134K(2330624K)] [ParOldGen: 7509179K->7509481K(7509504K)] 8652475K->7744615K(9840128K), [Metaspace: 2536K->2536K(1056768K)], 1.5486311 secs] [Times: user=5.30 sys=0.00, real=1.44 secs] 
2018-12-20T15:18:56.814+0200: 384.341: [Full GC (Ergonomics) [PSYoungGen: 1143296K->233069K(2330624K)] [ParOldGen: 7509481K->7509255K(7509504K)] 8652777K->7742325K(9840128K), [Metaspace: 2536K->2536K(1056768K)], 1.4626483 secs] [Times: user=5.09 sys=0.00, real=1.36 secs] 
2018-12-20T15:18:58.258+0200: 385.885: [Full GC (Ergonomics) [PSYoungGen: 1143296K->231011K(2330624K)] [ParOldGen: 7509255K->7509048K(7509504K)] 8652551K->7740060K(9840128K), [Metaspace: 2536K->2536K(1056768K)], 1.4178711 secs] [Times: user=5.10 sys=0.00, real=1.35 secs] 
2018-12-20T15:18:59.684+0200: 387.382: [Full GC (Ergonomics) [PSYoungGen: 1143296K->228445K(2330624K)] [ParOldGen: 7509048K->7509324K(7509504K)] 8652344K->7737770K(9840128K), [Metaspace: 2536K->2536K(1056768K)], 1.4052658 secs] [Times: user=4.96 sys=0.01, real=1.33 secs] 
2018-12-20T15:19:01.107+0200: 388.871: [Full GC (Ergonomics) [PSYoungGen: 1143296K->226381K(2330624K)] [ParOldGen: 7509324K->7509099K(7509504K)] 8652620K->7735480K(9840128K), [Metaspace: 2536K->2536K(1056768K)], 1.4108420 secs] [Times: user=4.99 sys=0.00, real=1.33 secs] 
2018-12-20T15:19:02.520+0200: 390.365: [Full GC (Ergonomics) [PSYoungGen: 1143296K->223815K(2330624K)] [ParOldGen: 7509099K->7509375K(7509504K)] 8652395K->7733190K(9840128K), [Metaspace: 2536K->2536K(1056768K)], 1.4577121 secs] [Times: user=4.94 sys=0.02, real=1.36 secs] 
2018-12-20T15:19:03.964+0200: 391.906: [Full GC (Ergonomics) [PSYoungGen: 1143296K->221744K(2330624K)] [ParOldGen: 7509375K->7509155K(7509504K)] 8652671K->7730900K(9840128K), [Metaspace: 2536K->2536K(1056768K)], 1.5287006 secs] [Times: user=5.51 sys=0.01, real=1.43 secs] 
2018-12-20T15:19:05.489+0200: 393.520: [Full GC (Ergonomics) [PSYoungGen: 1143296K->219178K(2330624K)] [ParOldGen: 7509155K->7509406K(7509504K)] 8652451K->7728584K(9840128K), [Metaspace: 2536K->2536K(1056768K)], 1.4639616 secs] [Times: user=4.85 sys=0.02, real=1.38 secs] 
2018-12-20T15:19:06.964+0200: 395.067: [Full GC (Ergonomics) [PSYoungGen: 1143296K->217120K(2330624K)] [ParOldGen: 7509406K->7509148K(7509504K)] 8652702K->7726269K(9840128K), [Metaspace: 2536K->2536K(1056768K)], 1.5083343 secs] [Times: user=5.13 sys=0.00, real=1.43 secs] 
2018-12-20T15:19:08.478+0200: 396.656: [Full GC (Ergonomics) [PSYoungGen: 1143296K->214554K(2330624K)] [ParOldGen: 7509148K->7509399K(7509504K)] 8652444K->7723953K(9840128K), [Metaspace: 2536K->2536K(1056768K)], 1.8529855 secs] [Times: user=5.58 sys=0.03, real=1.71 secs] 
2018-12-20T15:19:10.290+0200: 398.603: [Full GC (Ergonomics) [PSYoungGen: 1143296K->212483K(2330624K)] [ParOldGen: 7509399K->7509154K(7509504K)] 8652695K->7721638K(9840128K), [Metaspace: 2536K->2536K(1056768K)], 1.7068556 secs] [Times: user=5.49 sys=0.05, real=1.55 secs] 
2018-12-20T15:19:11.925+0200: 400.398: [Full GC (Ergonomics) [PSYoungGen: 1143296K->209917K(2330624K)] [ParOldGen: 7509154K->7509379K(7509504K)] 8652450K->7719297K(9840128K), [Metaspace: 2536K->2536K(1056768K)], 1.6159799 secs] [Times: user=5.45 sys=0.02, real=1.47 secs] 
2018-12-20T15:19:13.487+0200: 402.104: [Full GC (Ergonomics) [PSYoungGen: 1143296K->207859K(2330624K)] [ParOldGen: 7509379K->7509096K(7509504K)] 8652675K->7716956K(9840128K), [Metaspace: 2536K->2536K(1056768K)], 1.5190400 secs] [Times: user=5.37 sys=0.03, real=1.42 secs] 
2018-12-20T15:19:14.994+0200: 403.710: [Full GC (Ergonomics) [PSYoungGen: 1143296K->205280K(2330624K)] [ParOldGen: 7509096K->7509335K(7509504K)] 8652392K->7714615K(9840128K), [Metaspace: 2536K->2536K(1056768K)], 1.4812539 secs] [Times: user=5.21 sys=0.00, real=1.38 secs] 
2018-12-20T15:19:16.469+0200: 405.278: [Full GC (Ergonomics) [PSYoungGen: 1143296K->203222K(2330624K)] [ParOldGen: 7509335K->7509052K(7509504K)] 8652631K->7712274K(9840128K), [Metaspace: 2536K->2536K(1056768K)], 1.5627918 secs] [Times: user=5.02 sys=0.03, real=1.44 secs] 
2018-12-20T15:19:17.996+0200: 406.930: [Full GC (Ergonomics) [PSYoungGen: 1143296K->200656K(2330624K)] [ParOldGen: 7509052K->7509277K(7509504K)] 8652348K->7709933K(9840128K), [Metaspace: 2536K->2536K(1056768K)], 1.6183918 secs] [Times: user=5.51 sys=0.00, real=1.52 secs] 
2018-12-20T15:19:19.602+0200: 408.633: [Full GC (Ergonomics) [PSYoungGen: 1143296K->198090K(2330624K)] [ParOldGen: 7509277K->7509476K(7509504K)] 8652573K->7707566K(9840128K), [Metaspace: 2536K->2536K(1056768K)], 1.5367205 secs] [Times: user=4.85 sys=0.03, real=1.44 secs] 
2018-12-20T15:19:21.127+0200: 410.255: [Full GC (Ergonomics) [PSYoungGen: 1143296K->196019K(2330624K)] [ParOldGen: 7509476K->7509181K(7509504K)] 8652772K->7705200K(9840128K), [Metaspace: 2536K->2536K(1056768K)], 1.6875940 secs] [Times: user=5.51 sys=0.00, real=1.54 secs] 
2018-12-20T15:19:22.753+0200: 412.030: [Full GC (Ergonomics) [PSYoungGen: 1143296K->193453K(2330624K)] [ParOldGen: 7509181K->7509380K(7509504K)] 8652477K->7702833K(9840128K), [Metaspace: 2536K->2536K(1056768K)], 1.7437407 secs] [Times: user=5.40 sys=0.03, real=1.60 secs] 
2018-12-20T15:19:24.429+0200: 413.859: [Full GC (Ergonomics) [PSYoungGen: 1143296K->191395K(2330624K)] [ParOldGen: 7509380K->7509046K(7509504K)] 8652676K->7700442K(9840128K), [Metaspace: 2536K->2536K(1056768K)], 1.5860164 secs] [Times: user=5.13 sys=0.02, real=1.49 secs] 
2018-12-20T15:19:25.995+0200: 415.529: [Full GC (Ergonomics) [PSYoungGen: 1143296K->188822K(2330624K)] [ParOldGen: 7509046K->7509253K(7509504K)] 8652342K->7698075K(9840128K), [Metaspace: 2536K->2536K(1056768K)], 1.3749566 secs] [Times: user=4.81 sys=0.02, real=1.31 secs] 
2018-12-20T15:19:27.399+0200: 416.986: [Full GC (Ergonomics) [PSYoungGen: 1143296K->186249K(2330624K)] [ParOldGen: 7509253K->7509433K(7509504K)] 8652549K->7695683K(9840128K), [Metaspace: 2536K->2536K(1056768K)], 1.6491413 secs] [Times: user=5.49 sys=0.00, real=1.55 secs] 
2018-12-20T15:19:29.039+0200: 418.723: [Full GC (Ergonomics) [PSYoungGen: 1143296K->184192K(2330624K)] [ParOldGen: 7509433K->7509099K(7509504K)] 8652729K->7693291K(9840128K), [Metaspace: 2536K->2536K(1056768K)], 1.4186506 secs] [Times: user=5.18 sys=0.00, real=1.34 secs] 
2018-12-20T15:19:30.471+0200: 420.230: [Full GC (Ergonomics) [PSYoungGen: 1143296K->181619K(2330624K)] [ParOldGen: 7509099K->7509255K(7509504K)] 8652395K->7690874K(9840128K), [Metaspace: 2536K->2536K(1056768K)], 1.7231197 secs] [Times: user=4.98 sys=0.05, real=1.55 secs] 
2018-12-20T15:19:32.116+0200: 422.046: [Full GC (Ergonomics) [PSYoungGen: 1143296K->179053K(2330624K)] [ParOldGen: 7509255K->7509429K(7509504K)] 8652551K->7688482K(9840128K), [Metaspace: 2536K->2536K(1056768K)], 1.6387487 secs] [Times: user=5.44 sys=0.00, real=1.51 secs] 
2018-12-20T15:19:33.720+0200: 423.773: [Full GC (Ergonomics) [PSYoungGen: 1143296K->176995K(2330624K)] [ParOldGen: 7509429K->7509070K(7509504K)] 8652725K->7686065K(9840128K), [Metaspace: 2536K->2536K(1056768K)], 1.4129078 secs] [Times: user=5.13 sys=0.00, real=1.33 secs] 
2018-12-20T15:19:35.142+0200: 425.272: [Full GC (Ergonomics) [PSYoungGen: 1143296K->174422K(2330624K)] [ParOldGen: 7509070K->7509225K(7509504K)] 8652366K->7683648K(9840128K), [Metaspace: 2536K->2536K(1056768K)], 1.6219709 secs] [Times: user=5.63 sys=0.00, real=1.52 secs] 
2018-12-20T15:19:36.757+0200: 426.991: [Full GC (Ergonomics) [PSYoungGen: 1143296K->171850K(2330624K)] [ParOldGen: 7509225K->7509355K(7509504K)] 8652521K->7681205K(9840128K), [Metaspace: 2536K->2536K(1056768K)], 1.7876932 secs] [Times: user=5.48 sys=0.02, real=1.56 secs] 
2018-12-20T15:19:38.421+0200: 428.877: [Full GC (Ergonomics) [PSYoungGen: 1143296K->169284K(2330624K)] [ParOldGen: 7509355K->7509503K(7509504K)] 8652651K->7678788K(9840128K), [Metaspace: 2536K->2536K(1056768K)], 1.5501860 secs] [Times: user=5.09 sys=0.00, real=1.42 secs] 
2018-12-20T15:19:39.938+0200: 430.524: [Full GC (Ergonomics) [PSYoungGen: 1143296K->167219K(2330624K)] [ParOldGen: 7509503K->7509125K(7509504K)] 8652799K->7676345K(9840128K), [Metaspace: 2536K->2536K(1056768K)], 1.4252742 secs] [Times: user=5.07 sys=0.02, real=1.34 secs] 
2018-12-20T15:19:41.360+0200: 432.030: [Full GC (Ergonomics) [PSYoungGen: 1143296K->164647K(2330624K)] [ParOldGen: 7509125K->7509255K(7509504K)] 8652421K->7673902K(9840128K), [Metaspace: 2536K->2536K(1056768K)], 1.5080582 secs] [Times: user=5.13 sys=0.01, real=1.39 secs] 
2018-12-20T15:19:42.853+0200: 433.631: [Full GC (Ergonomics) [PSYoungGen: 1143296K->162081K(2330624K)] [ParOldGen: 7509255K->7509378K(7509504K)] 8652551K->7671459K(9840128K), [Metaspace: 2536K->2536K(1056768K)], 1.5863080 secs] [Times: user=5.29 sys=0.03, real=1.45 secs] 
2018-12-20T15:19:44.397+0200: 435.313: [Full GC (Ergonomics) [PSYoungGen: 1143296K->159508K(2330624K)] [ParOldGen: 7509378K->7509483K(7509504K)] 8652674K->7668991K(9840128K), [Metaspace: 2536K->2536K(1056768K)], 1.5304771 secs] [Times: user=4.91 sys=0.03, real=1.42 secs] 
2018-12-20T15:19:45.900+0200: 436.934: [Full GC (Ergonomics) [PSYoungGen: 1143296K->157450K(2330624K)] [ParOldGen: 7509483K->7509098K(7509504K)] 8652779K->7666548K(9840128K), [Metaspace: 2536K->2536K(1056768K)], 1.6160657 secs] [Times: user=5.46 sys=0.01, real=1.47 secs] 
2018-12-20T15:19:47.465+0200: 438.643: [Full GC (Ergonomics) [PSYoungGen: 1143296K->154878K(2330624K)] [ParOldGen: 7509098K->7509202K(7509504K)] 8652394K->7664080K(9840128K), [Metaspace: 2536K->2536K(1056768K)], 1.6415296 secs] [Times: user=5.27 sys=0.03, real=1.49 secs] 
2018-12-20T15:19:49.046+0200: 440.376: [Full GC (Ergonomics) [PSYoungGen: 1143296K->152312K(2330624K)] [ParOldGen: 7509202K->7509275K(7509504K)] 8652498K->7661587K(9840128K), [Metaspace: 2536K->2536K(1056768K)], 1.5948145 secs] [Times: user=5.21 sys=0.02, real=1.48 secs] 
2018-12-20T15:19:50.628+0200: 442.069: [Full GC (Ergonomics) [PSYoungGen: 1143296K->149739K(2330624K)] [ParOldGen: 7509275K->7509379K(7509504K)] 8652571K->7659118K(9840128K), [Metaspace: 2536K->2536K(1056768K)], 1.6007411 secs] [Times: user=5.13 sys=0.03, real=1.47 secs] 
2018-12-20T15:19:52.193+0200: 443.754: [Full GC (Ergonomics) [PSYoungGen: 1143296K->147166K(2330624K)] [ParOldGen: 7509379K->7509458K(7509504K)] 8652675K->7656625K(9840128K), [Metaspace: 2536K->2536K(1056768K)], 1.4566456 secs] [Times: user=5.01 sys=0.02, real=1.36 secs] 
2018-12-20T15:19:53.647+0200: 445.295: [Full GC (Ergonomics) [PSYoungGen: 1143296K->145108K(2330624K)] [ParOldGen: 7509458K->7509022K(7509504K)] 8652754K->7654131K(9840128K), [Metaspace: 2536K->2536K(1056768K)], 1.4195906 secs] [Times: user=4.99 sys=0.00, real=1.33 secs] 
2018-12-20T15:19:55.070+0200: 446.799: [Full GC (Ergonomics) [PSYoungGen: 1143296K->142542K(2330624K)] [ParOldGen: 7509022K->7509095K(7509504K)] 8652318K->7651637K(9840128K), [Metaspace: 2536K->2536K(1056768K)], 1.3990261 secs] [Times: user=5.18 sys=0.00, real=1.32 secs] 
2018-12-20T15:19:56.487+0200: 448.289: [Full GC (Ergonomics) [PSYoungGen: 1143296K->139963K(2330624K)] [ParOldGen: 7509095K->7509155K(7509504K)] 8652391K->7649118K(9840128K), [Metaspace: 2536K->2536K(1056768K)], 1.4061745 secs] [Times: user=5.06 sys=0.00, real=1.34 secs] 
2018-12-20T15:19:57.914+0200: 449.787: [Full GC (Ergonomics) [PSYoungGen: 1143296K->137397K(2330624K)] [ParOldGen: 7509155K->7509227K(7509504K)] 8652451K->7646625K(9840128K), [Metaspace: 2536K->2536K(1056768K)], 1.4159275 secs] [Times: user=4.95 sys=0.01, real=1.34 secs] 
2018-12-20T15:19:59.337+0200: 451.286: [Full GC (Ergonomics) [PSYoungGen: 1143296K->134831K(2330624K)] [ParOldGen: 7509227K->7509274K(7509504K)] 8652523K->7644106K(9840128K), [Metaspace: 2536K->2536K(1056768K)], 1.4406035 secs] [Times: user=5.26 sys=0.00, real=1.37 secs] 
2018-12-20T15:20:00.790+0200: 452.811: [Full GC (Ergonomics) [PSYoungGen: 1143296K->132252K(2330624K)] [ParOldGen: 7509274K->7509334K(7509504K)] 8652570K->7641587K(9840128K), [Metaspace: 2536K->2536K(1056768K)], 1.4329260 secs] [Times: user=4.71 sys=0.02, real=1.34 secs] 
2018-12-20T15:20:02.234+0200: 454.336: [Full GC (Ergonomics) [PSYoungGen: 1143296K->129686K(2330624K)] [ParOldGen: 7509334K->7509356K(7509504K)] 8652630K->7639042K(9840128K), [Metaspace: 2536K->2536K(1056768K)], 1.4279161 secs] [Times: user=5.04 sys=0.03, real=1.35 secs] 
2018-12-20T15:20:03.671+0200: 455.852: [Full GC (Ergonomics) [PSYoungGen: 1143296K->127120K(2330624K)] [ParOldGen: 7509356K->7509377K(7509504K)] 8652652K->7636498K(9840128K), [Metaspace: 2536K->2536K(1056768K)], 1.4582262 secs] [Times: user=5.19 sys=0.00, real=1.37 secs] 
2018-12-20T15:20:05.135+0200: 457.402: [Full GC (Ergonomics) [PSYoungGen: 1143296K->124547K(2330624K)] [ParOldGen: 7509377K->7509405K(7509504K)] 8652673K->7633953K(9840128K), [Metaspace: 2536K->2536K(1056768K)], 1.4051837 secs] [Times: user=5.09 sys=0.00, real=1.34 secs] 
2018-12-20T15:20:06.567+0200: 458.902: [Full GC (Ergonomics) [PSYoungGen: 1143296K->121981K(2330624K)] [ParOldGen: 7509405K->7509427K(7509504K)] 8652701K->7631408K(9840128K), [Metaspace: 2536K->2536K(1056768K)], 1.4391307 secs] [Times: user=4.91 sys=0.02, real=1.37 secs] 
2018-12-20T15:20:08.032+0200: 460.437: [Full GC (Ergonomics) [PSYoungGen: 1143296K->119409K(2330624K)] [ParOldGen: 7509427K->7509455K(7509504K)] 8652723K->7628864K(9840128K), [Metaspace: 2536K->2536K(1056768K)], 1.4208708 secs] [Times: user=5.15 sys=0.00, real=1.33 secs] 
2018-12-20T15:20:09.464+0200: 461.954: [Full GC (Ergonomics) [PSYoungGen: 1143296K->116836K(2330624K)] [ParOldGen: 7509455K->7509457K(7509504K)] 8652751K->7626294K(9840128K), [Metaspace: 2536K->2536K(1056768K)], 1.4744027 secs] [Times: user=5.09 sys=0.00, real=1.39 secs] 
2018-12-20T15:20:10.946+0200: 463.522: [Full GC (Ergonomics) [PSYoungGen: 1143296K->114270K(2330624K)] [ParOldGen: 7509457K->7509453K(7509504K)] 8652753K->7623724K(9840128K), [Metaspace: 2536K->2536K(1056768K)], 1.4906907 secs] [Times: user=5.05 sys=0.02, real=1.40 secs] 
2018-12-20T15:20:12.451+0200: 465.109: [Full GC (Ergonomics) [PSYoungGen: 1143296K->111698K(2330624K)] [ParOldGen: 7509453K->7509456K(7509504K)] 8652749K->7621154K(9840128K), [Metaspace: 2536K->2536K(1056768K)], 1.6661837 secs] [Times: user=5.16 sys=0.02, real=1.51 secs] 
2018-12-20T15:20:14.083+0200: 466.892: [Full GC (Ergonomics) [PSYoungGen: 1143296K->109125K(2330624K)] [ParOldGen: 7509456K->7509433K(7509504K)] 8652752K->7618559K(9840128K), [Metaspace: 2536K->2536K(1056768K)], 1.5575430 secs] [Times: user=5.29 sys=0.00, real=1.43 secs] 
2018-12-20T15:20:15.627+0200: 468.558: [Full GC (Ergonomics) [PSYoungGen: 1143296K->106559K(2330624K)] [ParOldGen: 7509433K->7509404K(7509504K)] 8652729K->7615963K(9840128K), [Metaspace: 2536K->2536K(1056768K)], 1.4302501 secs] [Times: user=4.93 sys=0.00, real=1.36 secs] 
2018-12-20T15:20:17.100+0200: 470.099: [Full GC (Ergonomics) [PSYoungGen: 1143296K->103986K(2330624K)] [ParOldGen: 7509404K->7509381K(7509504K)] 8652700K->7613368K(9840128K), [Metaspace: 2536K->2536K(1056768K)], 1.5825432 secs] [Times: user=5.18 sys=0.05, real=1.46 secs] 
2018-12-20T15:20:18.654+0200: 471.779: [Full GC (Ergonomics) [PSYoungGen: 1143296K->101414K(2330624K)] [ParOldGen: 7509381K->7509358K(7509504K)] 8652677K->7610772K(9840128K), [Metaspace: 2536K->2536K(1056768K)], 1.5368819 secs] [Times: user=4.65 sys=0.00, real=1.44 secs] 
2018-12-20T15:20:20.187+0200: 473.407: [Full GC (Ergonomics) [PSYoungGen: 1143296K->98848K(2330624K)] [ParOldGen: 7509358K->7509329K(7509504K)] 8652654K->7608177K(9840128K), [Metaspace: 2536K->2536K(1056768K)], 1.4409795 secs] [Times: user=5.27 sys=0.00, real=1.37 secs] 
2018-12-20T15:20:21.642+0200: 474.939: [Full GC (Ergonomics) [PSYoungGen: 1143296K->96282K(2330624K)] [ParOldGen: 7509329K->7509274K(7509504K)] 8652625K->7605556K(9840128K), [Metaspace: 2536K->2536K(1056768K)], 1.3974479 secs] [Times: user=5.04 sys=0.00, real=1.32 secs] 
2018-12-20T15:20:23.054+0200: 476.426: [Full GC (Ergonomics) [PSYoungGen: 1143296K->93703K(2330624K)] [ParOldGen: 7509274K->7509232K(7509504K)] 8652570K->7602935K(9840128K), [Metaspace: 2536K->2536K(1056768K)], 1.4059161 secs] [Times: user=4.99 sys=0.01, real=1.34 secs] 
2018-12-20T15:20:24.496+0200: 477.939: [Full GC (Ergonomics) [PSYoungGen: 1143296K->91136K(2330624K)] [ParOldGen: 7509232K->7509177K(7509504K)] 8652528K->7600314K(9840128K), [Metaspace: 2536K->2536K(1056768K)], 1.4731580 secs] [Times: user=5.19 sys=0.02, real=1.40 secs] 
2018-12-20T15:20:25.998+0200: 479.508: [Full GC (Ergonomics) [PSYoungGen: 1143296K->88570K(2330624K)] [ParOldGen: 7509177K->7509097K(7509504K)] 8652473K->7597668K(9840128K), [Metaspace: 2536K->2536K(1056768K)], 1.4218066 secs] [Times: user=5.07 sys=0.02, real=1.33 secs] 
2018-12-20T15:20:27.432+0200: 481.027: [Full GC (Ergonomics) [PSYoungGen: 1143296K->85998K(2330624K)] [ParOldGen: 7509097K->7509023K(7509504K)] 8652393K->7595022K(9840128K), [Metaspace: 2536K->2536K(1056768K)], 1.4605662 secs] [Times: user=4.90 sys=0.00, real=1.38 secs] 
2018-12-20T15:20:28.915+0200: 482.584: [Full GC (Ergonomics) [PSYoungGen: 1143296K->82924K(2330624K)] [ParOldGen: 7509023K->7509451K(7509504K)] 8652319K->7592375K(9840128K), [Metaspace: 2536K->2536K(1056768K)], 1.4797993 secs] [Times: user=5.24 sys=0.00, real=1.38 secs] 
2018-12-20T15:20:30.400+0200: 484.173: [Full GC (Ergonomics) [PSYoungGen: 1143296K->80351K(2330624K)] [ParOldGen: 7509451K->7509377K(7509504K)] 8652747K->7589729K(9840128K), [Metaspace: 2536K->2536K(1056768K)], 1.5193815 secs] [Times: user=5.15 sys=0.02, real=1.43 secs] 
2018-12-20T15:20:31.947+0200: 485.807: [Full GC (Ergonomics) [PSYoungGen: 1143296K->77785K(2330624K)] [ParOldGen: 7509377K->7509297K(7509504K)] 8652673K->7587083K(9840128K), [Metaspace: 2536K->2536K(1056768K)], 1.6893808 secs] [Times: user=5.24 sys=0.02, real=1.57 secs] 
2018-12-20T15:20:33.623+0200: 487.612: [Full GC (Ergonomics) [PSYoungGen: 1143296K->75206K(2330624K)] [ParOldGen: 7509297K->7509205K(7509504K)] 8652593K->7584411K(9840128K), [Metaspace: 2536K->2536K(1056768K)], 1.4949695 secs] [Times: user=5.24 sys=0.00, real=1.40 secs] 
2018-12-20T15:20:35.111+0200: 489.201: [Full GC (Ergonomics) [PSYoungGen: 1143296K->72640K(2330624K)] [ParOldGen: 7509205K->7509099K(7509504K)] 8652501K->7581739K(9840128K), [Metaspace: 2536K->2536K(1056768K)], 1.3905672 secs] [Times: user=4.94 sys=0.02, real=1.32 secs] 
2018-12-20T15:20:36.525+0200: 490.685: [Full GC (Ergonomics) [PSYoungGen: 1143296K->69566K(2330624K)] [ParOldGen: 7509099K->7509501K(7509504K)] 8652395K->7579067K(9840128K), [Metaspace: 2536K->2536K(1056768K)], 1.5868641 secs] [Times: user=5.15 sys=0.00, real=1.48 secs] 
2018-12-20T15:20:38.120+0200: 492.382: [Full GC (Ergonomics) [PSYoungGen: 1143296K->66987K(2330624K)] [ParOldGen: 7509501K->7509383K(7509504K)] 8652797K->7576370K(9840128K), [Metaspace: 2536K->2536K(1056768K)], 1.4832539 secs] [Times: user=4.94 sys=0.03, real=1.39 secs] 
2018-12-20T15:20:39.623+0200: 493.975: [Full GC (Ergonomics) [PSYoungGen: 1143296K->64421K(2330624K)] [ParOldGen: 7509383K->7509252K(7509504K)] 8652679K->7573673K(9840128K), [Metaspace: 2536K->2536K(1056768K)], 1.4574564 secs] [Times: user=5.09 sys=0.01, real=1.37 secs] 
2018-12-20T15:20:41.088+0200: 495.533: [Full GC (Ergonomics) [PSYoungGen: 1143296K->61855K(2330624K)] [ParOldGen: 7509252K->7509121K(7509504K)] 8652548K->7570976K(9840128K), [Metaspace: 2536K->2536K(1056768K)], 1.4816831 secs] [Times: user=5.18 sys=0.00, real=1.39 secs] 
2018-12-20T15:20:42.574+0200: 497.115: [Full GC (Ergonomics) [PSYoungGen: 1143296K->59275K(2330624K)] [ParOldGen: 7509121K->7509003K(7509504K)] 8652417K->7568279K(9840128K), [Metaspace: 2536K->2536K(1056768K)], 1.4744955 secs] [Times: user=5.29 sys=0.03, real=1.39 secs] 
2018-12-20T15:20:44.078+0200: 498.694: [Full GC (Ergonomics) [PSYoungGen: 1143296K->56201K(2330624K)] [ParOldGen: 7509003K->7509354K(7509504K)] 8652299K->7565556K(9840128K), [Metaspace: 2536K->2536K(1056768K)], 1.5897686 secs] [Times: user=5.21 sys=0.02, real=1.44 secs] 
2018-12-20T15:20:45.611+0200: 500.374: [Full GC (Ergonomics) [PSYoungGen: 1143296K->53635K(2330624K)] [ParOldGen: 7509354K->7509198K(7509504K)] 8652650K->7562833K(9840128K), [Metaspace: 2536K->2536K(1056768K)], 1.5167456 secs] [Times: user=5.10 sys=0.03, real=1.38 secs] 
2018-12-20T15:20:47.095+0200: 501.990: [Full GC (Ergonomics) [PSYoungGen: 1143296K->51056K(2330624K)] [ParOldGen: 7509198K->7509054K(7509504K)] 8652494K->7560111K(9840128K), [Metaspace: 2536K->2536K(1056768K)], 1.3954983 secs] [Times: user=4.88 sys=0.00, real=1.31 secs] 
2018-12-20T15:20:48.518+0200: 503.487: [Full GC (Ergonomics) [PSYoungGen: 1143296K->47982K(2330624K)] [ParOldGen: 7509054K->7509406K(7509504K)] 8652350K->7557388K(9840128K), [Metaspace: 2536K->2536K(1056768K)], 1.4232715 secs] [Times: user=5.16 sys=0.00, real=1.34 secs] 
2018-12-20T15:20:49.960+0200: 505.015: [Full GC (Ergonomics) [PSYoungGen: 1143296K->45409K(2330624K)] [ParOldGen: 7509406K->7509230K(7509504K)] 8652702K->7554640K(9840128K), [Metaspace: 2536K->2536K(1056768K)], 1.4754747 secs] [Times: user=5.12 sys=0.00, real=1.37 secs] 
2018-12-20T15:20:51.433+0200: 506.594: [Full GC (Ergonomics) [PSYoungGen: 1143296K->42843K(2330624K)] [ParOldGen: 7509230K->7509048K(7509504K)] 8652526K->7551892K(9840128K), [Metaspace: 2536K->2536K(1056768K)], 1.6041714 secs] [Times: user=5.33 sys=0.03, real=1.51 secs] 
2018-12-20T15:20:53.047+0200: 508.303: [Full GC (Ergonomics) [PSYoungGen: 1143296K->39763K(2330624K)] [ParOldGen: 7509048K->7509381K(7509504K)] 8652344K->7549144K(9840128K), [Metaspace: 2536K->2536K(1056768K)], 1.5060297 secs] [Times: user=5.32 sys=0.00, real=1.41 secs] 
2018-12-20T15:20:54.550+0200: 509.901: [Full GC (Ergonomics) [PSYoungGen: 1143296K->37190K(2330624K)] [ParOldGen: 7509381K->7509180K(7509504K)] 8652677K->7546370K(9840128K), [Metaspace: 2536K->2536K(1056768K)], 1.6174821 secs] [Times: user=5.18 sys=0.02, real=1.48 secs] 
2018-12-20T15:20:56.117+0200: 511.613: [Full GC (Ergonomics) [PSYoungGen: 1143296K->34624K(2330624K)] [ParOldGen: 7509180K->7508998K(7509504K)] 8652476K->7543622K(9840128K), [Metaspace: 2536K->2536K(1056768K)], 1.4474800 secs] [Times: user=4.93 sys=0.02, real=1.35 secs] 
2018-12-20T15:20:57.563+0200: 513.153: [Full GC (Ergonomics) [PSYoungGen: 1143296K->31550K(2330624K)] [ParOldGen: 7508998K->7509298K(7509504K)] 8652294K->7540849K(9840128K), [Metaspace: 2536K->2536K(1056768K)], 1.4214534 secs] [Times: user=4.96 sys=0.00, real=1.33 secs] 
2018-12-20T15:20:58.996+0200: 514.679: [Full GC (Ergonomics) [PSYoungGen: 1143296K->28971K(2330624K)] [ParOldGen: 7509298K->7509079K(7509504K)] 8652594K->7538050K(9840128K), [Metaspace: 2536K->2536K(1056768K)], 1.4075125 secs] [Times: user=4.87 sys=0.00, real=1.30 secs] 
2018-12-20T15:21:00.410+0200: 516.195: [Full GC (Ergonomics) [PSYoungGen: 1143296K->25896K(2330624K)] [ParOldGen: 7509079K->7509379K(7509504K)] 8652375K->7535276K(9840128K), [Metaspace: 2536K->2536K(1056768K)], 1.5166080 secs] [Times: user=5.12 sys=0.00, real=1.40 secs] 
2018-12-20T15:21:01.906+0200: 517.812: [Full GC (Ergonomics) [PSYoungGen: 1143296K->23330K(2330624K)] [ParOldGen: 7509379K->7509146K(7509504K)] 8652675K->7532477K(9840128K), [Metaspace: 2536K->2536K(1056768K)], 1.3765549 secs] [Times: user=4.77 sys=0.01, real=1.30 secs] 
2018-12-20T15:21:03.308+0200: 519.288: [Full GC (Ergonomics) [PSYoungGen: 1143296K->20243K(2330624K)] [ParOldGen: 7509146K->7509434K(7509504K)] 8652442K->7529678K(9840128K), [Metaspace: 2536K->2536K(1056768K)], 1.3036653 secs] [Times: user=4.57 sys=0.00, real=1.22 secs] 
2018-12-20T15:21:04.633+0200: 520.688: [Full GC (Ergonomics) [PSYoungGen: 1143296K->17677K(2330624K)] [ParOldGen: 7509434K->7509176K(7509504K)] 8652730K->7526854K(9840128K), [Metaspace: 2536K->2536K(1056768K)], 1.2800708 secs] [Times: user=4.69 sys=0.00, real=1.21 secs] 
2018-12-20T15:21:05.945+0200: 522.069: [Full GC (Ergonomics) [PSYoungGen: 1143296K->14603K(2330624K)] [ParOldGen: 7509176K->7509451K(7509504K)] 8652472K->7524055K(9840128K), [Metaspace: 2536K->2536K(1056768K)], 1.5191823 secs] [Times: user=4.68 sys=0.02, real=1.42 secs] 
2018-12-20T15:21:07.472+0200: 523.698: [Full GC (Ergonomics) [PSYoungGen: 1143296K->12024K(2330624K)] [ParOldGen: 7509451K->7509206K(7509504K)] 8652747K->7521230K(9840128K), [Metaspace: 2536K->2536K(1056768K)], 1.4501321 secs] [Times: user=4.74 sys=0.03, real=1.35 secs] 
2018-12-20T15:21:08.918+0200: 525.256: [Full GC (Ergonomics) [PSYoungGen: 1143296K->8950K(2330624K)] [ParOldGen: 7509206K->7509430K(7509504K)] 8652502K->7518380K(9840128K), [Metaspace: 2536K->2536K(1056768K)], 1.5007063 secs] [Times: user=4.91 sys=0.02, real=1.40 secs] 
2018-12-20T15:21:10.425+0200: 526.868: [Full GC (Ergonomics) [PSYoungGen: 1143296K->6384K(2330624K)] [ParOldGen: 7509430K->7509172K(7509504K)] 8652726K->7515556K(9840128K), [Metaspace: 2536K->2536K(1056768K)], 1.2943009 secs] [Times: user=4.65 sys=0.00, real=1.23 secs] 
2018-12-20T15:21:11.758+0200: 528.265: [Full GC (Ergonomics) [PSYoungGen: 1143296K->3305K(2330624K)] [ParOldGen: 7509172K->7509401K(7509504K)] 8652468K->7512706K(9840128K), [Metaspace: 2536K->2536K(1056768K)], 1.3929343 secs] [Times: user=4.79 sys=0.02, real=1.29 secs] 
2018-12-20T15:21:13.160+0200: 529.767: [Full GC (Ergonomics) [PSYoungGen: 1143296K->736K(2330624K)] [ParOldGen: 7509401K->7509119K(7509504K)] 8652697K->7509856K(9840128K), [Metaspace: 2536K->2536K(1056768K)], 1.3847483 secs] [Times: user=4.59 sys=0.05, real=1.30 secs] 
2018-12-20T15:21:14.565+0200: 531.257: [Full GC (Ergonomics) [PSYoungGen: 1143296K->0K(2330624K)] [ParOldGen: 7509119K->7507006K(7509504K)] 8652415K->7507006K(9840128K), [Metaspace: 2536K->2536K(1056768K)], 1.3674186 secs] [Times: user=4.93 sys=0.00, real=1.28 secs] 
2018-12-20T15:21:15.958+0200: 532.727: [Full GC (Ergonomics) [PSYoungGen: 1143296K->0K(2330624K)] [ParOldGen: 7507006K->7504131K(7509504K)] 8650302K->7504131K(9840128K), [Metaspace: 2536K->2536K(1056768K)], 1.3704477 secs] [Times: user=4.48 sys=0.02, real=1.28 secs] 
2018-12-20T15:21:17.344+0200: 534.210: [Full GC (Ergonomics) [PSYoungGen: 1143296K->0K(2330624K)] [ParOldGen: 7504131K->7501281K(7509504K)] 8647427K->7501281K(9840128K), [Metaspace: 2536K->2536K(1056768K)], 1.3751204 secs] [Times: user=5.01 sys=0.00, real=1.28 secs] 
2018-12-20T15:21:18.736+0200: 535.692: [Full GC (Ergonomics) [PSYoungGen: 1143296K->0K(2330624K)] [ParOldGen: 7501281K->7498406K(7509504K)] 8644577K->7498406K(9840128K), [Metaspace: 2536K->2536K(1056768K)], 1.4382816 secs] [Times: user=4.87 sys=0.00, real=1.33 secs] 
2018-12-20T15:21:20.172+0200: 537.240: [Full GC (Ergonomics) [PSYoungGen: 1143296K->0K(2330624K)] [ParOldGen: 7498406K->7495556K(7509504K)] 8641702K->7495556K(9840128K), [Metaspace: 2536K->2536K(1056768K)], 1.4933097 secs] [Times: user=5.16 sys=0.00, real=1.36 secs] 
2018-12-20T15:21:21.649+0200: 538.849: [Full GC (Ergonomics) [PSYoungGen: 1143296K->0K(2330624K)] [ParOldGen: 7495556K->7492681K(7509504K)] 8638852K->7492681K(9840128K), [Metaspace: 2536K->2536K(1056768K)], 1.5048308 secs] [Times: user=4.65 sys=0.01, real=1.42 secs] 
2018-12-20T15:21:23.173+0200: 540.459: [Full GC (Ergonomics) [PSYoungGen: 1143296K->0K(2330624K)] [ParOldGen: 7492681K->7489831K(7509504K)] 8635977K->7489831K(9840128K), [Metaspace: 2536K->2536K(1056768K)], 1.3984663 secs] [Times: user=4.57 sys=0.03, real=1.31 secs] 
2018-12-20T15:21:24.597+0200: 541.965: [Full GC (Ergonomics) [PSYoungGen: 1143283K->0K(2330624K)] [ParOldGen: 7489831K->7486981K(7509504K)] 8633114K->7486981K(9840128K), [Metaspace: 2536K->2536K(1056768K)], 1.3550942 secs] [Times: user=4.02 sys=0.03, real=1.28 secs] 
2018-12-20T15:21:25.974+0200: 543.428: [Full GC (Ergonomics) [PSYoungGen: 1143296K->0K(2330624K)] [ParOldGen: 7486981K->7484106K(7509504K)] 8630277K->7484106K(9840128K), [Metaspace: 2536K->2536K(1056768K)], 1.3555999 secs] [Times: user=4.63 sys=0.00, real=1.28 secs] 
2018-12-20T15:21:27.349+0200: 544.891: [Full GC (Ergonomics) [PSYoungGen: 1143296K->0K(2330624K)] [ParOldGen: 7484106K->7481256K(7509504K)] 8627402K->7481256K(9840128K), [Metaspace: 2536K->2536K(1056768K)], 1.3296914 secs] [Times: user=4.85 sys=0.02, real=1.26 secs] 
2018-12-20T15:21:28.705+0200: 546.323: [Full GC (Ergonomics) [PSYoungGen: 1143296K->0K(2330624K)] [ParOldGen: 7481256K->7478380K(7509504K)] 8624552K->7478380K(9840128K), [Metaspace: 2536K->2536K(1056768K)], 1.3425327 secs] [Times: user=4.91 sys=0.00, real=1.28 secs] 
2018-12-20T15:21:30.081+0200: 547.774: [Full GC (Ergonomics) [PSYoungGen: 1143296K->0K(2330624K)] [ParOldGen: 7478380K->7475531K(7509504K)] 8621676K->7475531K(9840128K), [Metaspace: 2536K->2536K(1056768K)], 1.3371146 secs] [Times: user=4.84 sys=0.02, real=1.25 secs] 
2018-12-20T15:21:31.446+0200: 549.215: [Full GC (Ergonomics) [PSYoungGen: 1143296K->0K(2330624K)] [ParOldGen: 7475531K->7472655K(7509504K)] 8618827K->7472655K(9840128K), [Metaspace: 2536K->2536K(1056768K)], 1.3533713 secs] [Times: user=4.45 sys=0.05, real=1.26 secs] 
2018-12-20T15:21:32.824+0200: 550.679: [Full GC (Ergonomics) [PSYoungGen: 1143296K->0K(2330624K)] [ParOldGen: 7472655K->7469806K(7509504K)] 8615951K->7469806K(9840128K), [Metaspace: 2536K->2536K(1056768K)], 1.3406676 secs] [Times: user=4.76 sys=0.00, real=1.26 secs] 
2018-12-20T15:21:34.200+0200: 552.138: [Full GC (Ergonomics) [PSYoungGen: 1143296K->0K(2330624K)] [ParOldGen: 7469806K->7466931K(7509504K)] 8613102K->7466931K(9840128K), [Metaspace: 2536K->2536K(1056768K)], 1.4110231 secs] [Times: user=4.27 sys=0.05, real=1.32 secs] 
2018-12-20T15:21:35.628+0200: 553.658: [Full GC (Ergonomics) [PSYoungGen: 1143296K->0K(2330624K)] [ParOldGen: 7466931K->7464081K(7509504K)] 8610227K->7464081K(9840128K), [Metaspace: 2536K->2536K(1056768K)], 1.3535855 secs] [Times: user=4.76 sys=0.00, real=1.27 secs] 
2018-12-20T15:21:37.004+0200: 555.113: [Full GC (Ergonomics) [PSYoungGen: 1143296K->0K(2330624K)] [ParOldGen: 7464081K->7461231K(7509504K)] 8607377K->7461231K(9840128K), [Metaspace: 2536K->2536K(1056768K)], 1.3328712 secs] [Times: user=4.54 sys=0.02, real=1.25 secs] 
2018-12-20T15:21:38.361+0200: 556.553: [Full GC (Ergonomics) [PSYoungGen: 1143296K->0K(2330624K)] [ParOldGen: 7461231K->7458356K(7509504K)] 8604527K->7458356K(9840128K), [Metaspace: 2536K->2536K(1056768K)], 1.3325460 secs] [Times: user=4.40 sys=0.02, real=1.24 secs] 
2018-12-20T15:21:39.716+0200: 557.993: [Full GC (Ergonomics) [PSYoungGen: 1143296K->0K(2330624K)] [ParOldGen: 7458356K->7455506K(7509504K)] 8601652K->7455506K(9840128K), [Metaspace: 2536K->2536K(1056768K)], 1.3270336 secs] [Times: user=4.51 sys=0.00, real=1.25 secs] 
2018-12-20T15:21:41.070+0200: 559.421: [Full GC (Ergonomics) [PSYoungGen: 1143296K->0K(2330624K)] [ParOldGen: 7455506K->7452631K(7509504K)] 8598802K->7452631K(9840128K), [Metaspace: 2536K->2536K(1056768K)], 1.3367703 secs] [Times: user=3.98 sys=0.03, real=1.25 secs] 
2018-12-20T15:21:42.422+0200: 560.863: [Full GC (Ergonomics) [PSYoungGen: 1143296K->0K(2330624K)] [ParOldGen: 7452631K->7449780K(7509504K)] 8595927K->7449780K(9840128K), [Metaspace: 2536K->2536K(1056768K)], 1.3482970 secs] [Times: user=4.68 sys=0.00, real=1.27 secs] 
2018-12-20T15:21:43.789+0200: 562.318: [Full GC (Ergonomics) [PSYoungGen: 1143296K->0K(2330624K)] [ParOldGen: 7449780K->7446905K(7509504K)] 8593076K->7446905K(9840128K), [Metaspace: 2536K->2536K(1056768K)], 1.3272338 secs] [Times: user=4.76 sys=0.00, real=1.24 secs] 
2018-12-20T15:21:45.144+0200: 563.760: [Full GC (Ergonomics) [PSYoungGen: 1143296K->0K(2330624K)] [ParOldGen: 7446905K->7444055K(7509504K)] 8590201K->7444055K(9840128K), [Metaspace: 2536K->2536K(1056768K)], 1.3193618 secs] [Times: user=4.73 sys=0.00, real=1.24 secs] 
2018-12-20T15:21:46.489+0200: 565.183: [Full GC (Ergonomics) [PSYoungGen: 1143296K->0K(2330624K)] [ParOldGen: 7444055K->7441205K(7509504K)] 8587351K->7441205K(9840128K), [Metaspace: 2536K->2536K(1056768K)], 1.3428994 secs] [Times: user=4.45 sys=0.03, real=1.26 secs] 
2018-12-20T15:21:47.854+0200: 566.629: [Full GC (Ergonomics) [PSYoungGen: 1143296K->0K(2330624K)] [ParOldGen: 7441205K->7438329K(7509504K)] 8584501K->7438329K(9840128K), [Metaspace: 2536K->2536K(1056768K)], 1.4096417 secs] [Times: user=4.94 sys=0.00, real=1.31 secs] 
2018-12-20T15:21:49.279+0200: 568.145: [Full GC (Ergonomics) [PSYoungGen: 1143296K->0K(2330624K)] [ParOldGen: 7438329K->7435480K(7509504K)] 8581625K->7435480K(9840128K), [Metaspace: 2536K->2536K(1056768K)], 1.3191168 secs] [Times: user=4.23 sys=0.02, real=1.23 secs] 
2018-12-20T15:21:50.622+0200: 569.576: [Full GC (Ergonomics) [PSYoungGen: 1143296K->0K(2330624K)] [ParOldGen: 7435480K->7432604K(7509504K)] 8578776K->7432604K(9840128K), [Metaspace: 2536K->2536K(1056768K)], 1.3531297 secs] [Times: user=4.60 sys=0.03, real=1.27 secs] 
2018-12-20T15:21:52.006+0200: 571.039: [Full GC (Ergonomics) [PSYoungGen: 1143296K->0K(2330624K)] [ParOldGen: 7432604K->7429754K(7509504K)] 8575900K->7429754K(9840128K), [Metaspace: 2536K->2536K(1056768K)], 1.3541779 secs] [Times: user=4.77 sys=0.00, real=1.27 secs] 
2018-12-20T15:21:53.391+0200: 572.501: [Full GC (Ergonomics) [PSYoungGen: 1143296K->0K(2330624K)] [ParOldGen: 7429754K->7426879K(7509504K)] 8573050K->7426879K(9840128K), [Metaspace: 2536K->2536K(1056768K)], 1.3445383 secs] [Times: user=4.60 sys=0.00, real=1.26 secs] 
2018-12-20T15:21:54.758+0200: 573.956: [Full GC (Ergonomics) [PSYoungGen: 1143296K->0K(2330624K)] [ParOldGen: 7426879K->7424029K(7509504K)] 8570175K->7424029K(9840128K), [Metaspace: 2536K->2536K(1056768K)], 1.3117939 secs] [Times: user=4.65 sys=0.00, real=1.22 secs] 
2018-12-20T15:21:56.080+0200: 575.374: [Full GC (Ergonomics) [PSYoungGen: 1143296K->0K(2330624K)] [ParOldGen: 7424029K->7421154K(7509504K)] 8567325K->7421154K(9840128K), [Metaspace: 2536K->2536K(1056768K)], 1.3169182 secs] [Times: user=4.85 sys=0.00, real=1.23 secs] 
2018-12-20T15:21:57.423+0200: 576.800: [Full GC (Ergonomics) [PSYoungGen: 1143296K->0K(2330624K)] [ParOldGen: 7421154K->7418304K(7509504K)] 8564450K->7418304K(9840128K), [Metaspace: 2536K->2536K(1056768K)], 1.3159856 secs] [Times: user=4.63 sys=0.01, real=1.25 secs] 
2018-12-20T15:21:58.771+0200: 578.225: [Full GC (Ergonomics) [PSYoungGen: 1143296K->0K(2330624K)] [ParOldGen: 7418304K->7415454K(7509504K)] 8561600K->7415454K(9840128K), [Metaspace: 2536K->2536K(1056768K)], 1.3104909 secs] [Times: user=4.71 sys=0.02, real=1.24 secs] 
2018-12-20T15:22:00.117+0200: 579.646: [Full GC (Ergonomics) [PSYoungGen: 1143296K->0K(2330624K)] [ParOldGen: 7415454K->7412579K(7509504K)] 8558750K->7412579K(9840128K), [Metaspace: 2536K->2536K(1056768K)], 1.3287789 secs] [Times: user=4.79 sys=0.00, real=1.23 secs] 
2018-12-20T15:22:01.463+0200: 581.081: [Full GC (Ergonomics) [PSYoungGen: 1143296K->0K(2330624K)] [ParOldGen: 7412579K->7409729K(7509504K)] 8555875K->7409729K(9840128K), [Metaspace: 2536K->2536K(1056768K)], 1.3192074 secs] [Times: user=4.41 sys=0.00, real=1.24 secs] 
2018-12-20T15:22:02.818+0200: 582.514: [Full GC (Ergonomics) [PSYoungGen: 1143296K->0K(2330624K)] [ParOldGen: 7409729K->7406854K(7509504K)] 8553025K->7406854K(9840128K), [Metaspace: 2536K->2536K(1056768K)], 1.3326062 secs] [Times: user=4.77 sys=0.00, real=1.25 secs] 
2018-12-20T15:22:04.181+0200: 583.956: [Full GC (Ergonomics) [PSYoungGen: 1143296K->0K(2330624K)] [ParOldGen: 7406854K->7404004K(7509504K)] 8550150K->7404004K(9840128K), [Metaspace: 2536K->2536K(1056768K)], 1.3152023 secs] [Times: user=4.59 sys=0.03, real=1.22 secs] 
2018-12-20T15:22:05.505+0200: 585.375: [Full GC (Ergonomics) [PSYoungGen: 1143296K->0K(2330624K)] [ParOldGen: 7404004K->7401128K(7509504K)] 8547300K->7401128K(9840128K), [Metaspace: 2536K->2536K(1056768K)], 1.4237361 secs] [Times: user=5.04 sys=0.00, real=1.34 secs] 
2018-12-20T15:22:06.948+0200: 586.905: [Full GC (Ergonomics) [PSYoungGen: 1143296K->0K(2330624K)] [ParOldGen: 7401128K->7398279K(7509504K)] 8544424K->7398279K(9840128K), [Metaspace: 2536K->2536K(1056768K)], 1.3676309 secs] [Times: user=4.76 sys=0.00, real=1.28 secs] 
2018-12-20T15:22:08.334+0200: 588.377: [Full GC (Ergonomics) [PSYoungGen: 1143296K->0K(2330624K)] [ParOldGen: 7398279K->7395429K(7509504K)] 8541575K->7395429K(9840128K), [Metaspace: 2536K->2536K(1056768K)], 1.3915847 secs] [Times: user=4.85 sys=0.00, real=1.32 secs] 
2018-12-20T15:22:09.750+0200: 589.875: [Full GC (Ergonomics) [PSYoungGen: 1143296K->0K(2330624K)] [ParOldGen: 7395429K->7392553K(7509504K)] 8538725K->7392553K(9840128K), [Metaspace: 2536K->2536K(1056768K)], 1.3878432 secs] [Times: user=5.06 sys=0.00, real=1.31 secs] 
2018-12-20T15:22:11.176+0200: 591.385: [Full GC (Ergonomics) [PSYoungGen: 1143296K->0K(2330624K)] [ParOldGen: 7392553K->7389703K(7509504K)] 8535849K->7389703K(9840128K), [Metaspace: 2536K->2536K(1056768K)], 1.3747448 secs] [Times: user=5.04 sys=0.00, real=1.29 secs] 
2018-12-20T15:22:12.580+0200: 592.867: [Full GC (Ergonomics) [PSYoungGen: 1143296K->0K(2330624K)] [ParOldGen: 7389703K->7386828K(7509504K)] 8532999K->7386828K(9840128K), [Metaspace: 2536K->2536K(1056768K)], 1.3898726 secs] [Times: user=4.84 sys=0.00, real=1.30 secs] 
2018-12-20T15:22:13.996+0200: 594.373: [Full GC (Ergonomics) [PSYoungGen: 1143296K->0K(2330624K)] [ParOldGen: 7386828K->7383978K(7509504K)] 8530124K->7383978K(9840128K), [Metaspace: 2536K->2536K(1056768K)], 1.4107501 secs] [Times: user=4.40 sys=0.06, real=1.33 secs] 
2018-12-20T15:22:15.428+0200: 595.892: [Full GC (Ergonomics) [PSYoungGen: 1143296K->0K(2330624K)] [ParOldGen: 7383978K->7381103K(7509504K)] 8527274K->7381103K(9840128K), [Metaspace: 2536K->2536K(1056768K)], 1.3875241 secs] [Times: user=4.73 sys=0.00, real=1.32 secs] 
2018-12-20T15:22:16.846+0200: 597.385: [Full GC (Ergonomics) [PSYoungGen: 1143296K->0K(2330624K)] [ParOldGen: 7381103K->7378253K(7509504K)] 8524399K->7378253K(9840128K), [Metaspace: 2536K->2536K(1056768K)], 1.3590013 secs] [Times: user=4.40 sys=0.01, real=1.28 secs] 
2018-12-20T15:22:18.240+0200: 598.857: [Full GC (Ergonomics) [PSYoungGen: 1143296K->0K(2330624K)] [ParOldGen: 7378253K->7375378K(7509504K)] 8521549K->7375378K(9840128K), [Metaspace: 2536K->2536K(1056768K)], 1.3794268 secs] [Times: user=4.87 sys=0.00, real=1.29 secs] 
2018-12-20T15:22:19.627+0200: 600.337: [Full GC (Ergonomics) [PSYoungGen: 1143296K->0K(2330624K)] [ParOldGen: 7375378K->7372528K(7509504K)] 8518674K->7372528K(9840128K), [Metaspace: 2536K->2536K(1056768K)], 1.3811300 secs] [Times: user=4.52 sys=0.00, real=1.29 secs] 
2018-12-20T15:22:21.030+0200: 601.830: [Full GC (Ergonomics) [PSYoungGen: 1143296K->0K(2330624K)] [ParOldGen: 7372528K->7369678K(7509504K)] 8515824K->7369678K(9840128K), [Metaspace: 2536K->2536K(1056768K)], 1.3596973 secs] [Times: user=4.73 sys=0.02, real=1.28 secs] 
2018-12-20T15:22:22.426+0200: 603.301: [Full GC (Ergonomics) [PSYoungGen: 1143296K->0K(2330624K)] [ParOldGen: 7369678K->7366803K(7509504K)] 8512974K->7366803K(9840128K), [Metaspace: 2536K->2536K(1056768K)], 1.3875638 secs] [Times: user=4.54 sys=0.02, real=1.30 secs] 
2018-12-20T15:22:23.858+0200: 604.815: [Full GC (Ergonomics) [PSYoungGen: 1143296K->0K(2330624K)] [ParOldGen: 7366803K->7363953K(7509504K)] 8510099K->7363953K(9840128K), [Metaspace: 2536K->2536K(1056768K)], 1.3732482 secs] [Times: user=4.90 sys=0.00, real=1.28 secs] 
2018-12-20T15:22:25.252+0200: 606.308: [Full GC (Ergonomics) [PSYoungGen: 1143296K->0K(2330624K)] [ParOldGen: 7363953K->7361078K(7509504K)] 8507249K->7361078K(9840128K), [Metaspace: 2536K->2536K(1056768K)], 1.3754824 secs] [Times: user=4.77 sys=0.02, real=1.30 secs] 
2018-12-20T15:22:26.658+0200: 607.800: [Full GC (Ergonomics) [PSYoungGen: 1143296K->0K(2330624K)] [ParOldGen: 7361078K->7358228K(7509504K)] 8504374K->7358228K(9840128K), [Metaspace: 2536K->2536K(1056768K)], 1.3354524 secs] [Times: user=4.87 sys=0.00, real=1.25 secs] 
2018-12-20T15:22:28.021+0200: 609.239: [Full GC (Ergonomics) [PSYoungGen: 1143296K->0K(2330624K)] [ParOldGen: 7358228K->7355353K(7509504K)] 8501524K->7355353K(9840128K), [Metaspace: 2536K->2536K(1056768K)], 1.3219747 secs] [Times: user=4.77 sys=0.00, real=1.25 secs] 
2018-12-20T15:22:29.384+0200: 610.665: [Full GC (Ergonomics) [PSYoungGen: 1143296K->0K(2330624K)] [ParOldGen: 7355353K->7352503K(7509504K)] 8498649K->7352503K(9840128K), [Metaspace: 2536K->2536K(1056768K)], 1.4562155 secs] [Times: user=4.66 sys=0.03, real=1.36 secs] 
2018-12-20T15:22:30.850+0200: 612.231: [Full GC (Ergonomics) [PSYoungGen: 1143296K->0K(2330624K)] [ParOldGen: 7352503K->7349653K(7509504K)] 8495799K->7349653K(9840128K), [Metaspace: 2536K->2536K(1056768K)], 1.3566225 secs] [Times: user=4.52 sys=0.00, real=1.28 secs] 
2018-12-20T15:22:32.254+0200: 613.705: [Full GC (Ergonomics) [PSYoungGen: 1143296K->0K(2330624K)] [ParOldGen: 7349653K->7346778K(7509504K)] 8492949K->7346778K(9840128K), [Metaspace: 2536K->2536K(1056768K)], 1.4270045 secs] [Times: user=4.74 sys=0.03, real=1.34 secs] 
2018-12-20T15:22:33.702+0200: 615.243: [Full GC (Ergonomics) [PSYoungGen: 1143296K->0K(2330624K)] [ParOldGen: 7346778K->7343928K(7509504K)] 8490074K->7343928K(9840128K), [Metaspace: 2536K->2536K(1056768K)], 1.3435749 secs] [Times: user=4.62 sys=0.00, real=1.25 secs] 
2018-12-20T15:22:35.066+0200: 616.694: [Full GC (Ergonomics) [PSYoungGen: 1143296K->0K(2330624K)] [ParOldGen: 7343928K->7341053K(7509504K)] 8487224K->7341053K(9840128K), [Metaspace: 2536K->2536K(1056768K)], 1.3694144 secs] [Times: user=4.68 sys=0.03, real=1.29 secs] 
2018-12-20T15:22:36.460+0200: 618.168: [Full GC (Ergonomics) [PSYoungGen: 1143296K->0K(2330624K)] [ParOldGen: 7341053K->7338203K(7509504K)] 8484349K->7338203K(9840128K), [Metaspace: 2536K->2536K(1056768K)], 1.4113114 secs] [Times: user=4.90 sys=0.02, real=1.32 secs] 
2018-12-20T15:22:37.893+0200: 619.694: [Full GC (Ergonomics) [PSYoungGen: 1143296K->0K(2330624K)] [ParOldGen: 7338203K->7335327K(7509504K)] 8481499K->7335327K(9840128K), [Metaspace: 2536K->2536K(1056768K)], 1.3338308 secs] [Times: user=4.70 sys=0.02, real=1.25 secs] 
2018-12-20T15:22:39.275+0200: 621.159: [Full GC (Ergonomics) [PSYoungGen: 1143296K->0K(2330624K)] [ParOldGen: 7335327K->7332478K(7509504K)] 8478623K->7332478K(9840128K), [Metaspace: 2536K->2536K(1056768K)], 1.5022528 secs] [Times: user=4.84 sys=0.03, real=1.40 secs] 
2018-12-20T15:22:40.789+0200: 622.769: [Full GC (Ergonomics) [PSYoungGen: 1143296K->0K(2330624K)] [ParOldGen: 7332478K->7329602K(7509504K)] 8475774K->7329602K(9840128K), [Metaspace: 2536K->2536K(1056768K)], 1.5312371 secs] [Times: user=5.19 sys=0.00, real=1.42 secs] 
2018-12-20T15:22:42.305+0200: 624.403: [Full GC (Ergonomics) [PSYoungGen: 1143296K->0K(2330624K)] [ParOldGen: 7329602K->7326752K(7509504K)] 8472898K->7326752K(9840128K), [Metaspace: 2536K->2536K(1056768K)], 1.3388888 secs] [Times: user=4.73 sys=0.00, real=1.27 secs] 
2018-12-20T15:22:43.675+0200: 625.843: [Full GC (Ergonomics) [PSYoungGen: 1143296K->0K(2330624K)] [ParOldGen: 7326752K->7323902K(7509504K)] 8470048K->7323902K(9840128K), [Metaspace: 2536K->2536K(1056768K)], 1.3230459 secs] [Times: user=4.60 sys=0.00, real=1.25 secs] 
2018-12-20T15:22:45.037+0200: 627.277: [Full GC (Ergonomics) [PSYoungGen: 1143296K->0K(2330624K)] [ParOldGen: 7323902K->7321027K(7509504K)] 8467198K->7321027K(9840128K), [Metaspace: 2536K->2536K(1056768K)], 1.3103067 secs] [Times: user=4.68 sys=0.00, real=1.25 secs] 
2018-12-20T15:22:46.401+0200: 628.698: [Full GC (Ergonomics) [PSYoungGen: 1143296K->0K(2330624K)] [ParOldGen: 7321027K->7318177K(7509504K)] 8464323K->7318177K(9840128K), [Metaspace: 2536K->2536K(1056768K)], 1.3703022 secs] [Times: user=4.68 sys=0.00, real=1.30 secs] 
2018-12-20T15:22:47.812+0200: 630.178: [Full GC (Ergonomics) [PSYoungGen: 1143296K->0K(2330624K)] [ParOldGen: 7318177K->7315301K(7509504K)] 8461473K->7315301K(9840128K), [Metaspace: 2536K->2536K(1056768K)], 1.5161592 secs] [Times: user=4.99 sys=0.01, real=1.43 secs] 
2018-12-20T15:22:49.356+0200: 631.799: [Full GC (Ergonomics) [PSYoungGen: 1143296K->0K(2330624K)] [ParOldGen: 7315301K->7312451K(7509504K)] 8458597K->7312451K(9840128K), [Metaspace: 2536K->2536K(1056768K)], 1.2810434 secs] [Times: user=4.51 sys=0.02, real=1.21 secs] 
2018-12-20T15:22:50.680+0200: 633.189: [Full GC (Ergonomics) [PSYoungGen: 1143296K->0K(2330624K)] [ParOldGen: 7312451K->7309576K(7509504K)] 8455747K->7309576K(9840128K), [Metaspace: 2536K->2536K(1056768K)], 1.3245019 secs] [Times: user=4.59 sys=0.00, real=1.24 secs] 
2018-12-20T15:22:52.034+0200: 634.620: [Full GC (Ergonomics) [PSYoungGen: 1143296K->0K(2330624K)] [ParOldGen: 7309576K->7306726K(7509504K)] 8452872K->7306726K(9840128K), [Metaspace: 2536K->2536K(1056768K)], 1.3544205 secs] [Times: user=4.82 sys=0.00, real=1.27 secs] 
2018-12-20T15:22:53.408+0200: 636.079: [Full GC (Ergonomics) [PSYoungGen: 1143296K->0K(2330624K)] [ParOldGen: 7306726K->7303876K(7509504K)] 8450022K->7303876K(9840128K), [Metaspace: 2536K->2536K(1056768K)], 1.2962552 secs] [Times: user=4.51 sys=0.01, real=1.23 secs] 
2018-12-20T15:22:54.743+0200: 637.480: [Full GC (Ergonomics) [PSYoungGen: 1143296K->0K(2330624K)] [ParOldGen: 7303876K->7301001K(7509504K)] 8447172K->7301001K(9840128K), [Metaspace: 2536K->2536K(1056768K)], 1.3307686 secs] [Times: user=4.71 sys=0.00, real=1.25 secs] 
2018-12-20T15:22:56.096+0200: 638.910: [Full GC (Ergonomics) [PSYoungGen: 1143296K->0K(2330624K)] [ParOldGen: 7301001K->7298151K(7509504K)] 8444297K->7298151K(9840128K), [Metaspace: 2536K->2536K(1056768K)], 1.2600656 secs] [Times: user=4.54 sys=0.02, real=1.20 secs] 
2018-12-20T15:22:57.401+0200: 640.274: [Full GC (Ergonomics) [PSYoungGen: 1143296K->0K(2330624K)] [ParOldGen: 7298151K->7295276K(7509504K)] 8441447K->7295276K(9840128K), [Metaspace: 2536K->2536K(1056768K)], 1.2889826 secs] [Times: user=4.63 sys=0.02, real=1.22 secs] 
2018-12-20T15:22:58.726+0200: 641.663: [Full GC (Ergonomics) [PSYoungGen: 1143296K->0K(2330624K)] [ParOldGen: 7295276K->7292426K(7509504K)] 8438572K->7292426K(9840128K), [Metaspace: 2536K->2536K(1056768K)], 1.5145208 secs] [Times: user=4.74 sys=0.03, real=1.40 secs] 
2018-12-20T15:23:00.237+0200: 643.280: [Full GC (Ergonomics) [PSYoungGen: 1143296K->0K(2330624K)] [ParOldGen: 7292426K->7289551K(7509504K)] 8435722K->7289551K(9840128K), [Metaspace: 2536K->2536K(1056768K)], 1.2902996 secs] [Times: user=4.62 sys=0.02, real=1.22 secs] 
2018-12-20T15:23:01.559+0200: 644.673: [Full GC (Ergonomics) [PSYoungGen: 1143296K->0K(2330624K)] [ParOldGen: 7289551K->7286701K(7509504K)] 8432847K->7286701K(9840128K), [Metaspace: 2536K->2536K(1056768K)], 1.2559579 secs] [Times: user=4.57 sys=0.00, real=1.20 secs] 
2018-12-20T15:23:02.863+0200: 646.038: [Full GC (Ergonomics) [PSYoungGen: 1143296K->0K(2330624K)] [ParOldGen: 7286701K->7283826K(7509504K)] 8429997K->7283826K(9840128K), [Metaspace: 2536K->2536K(1056768K)], 1.2530538 secs] [Times: user=4.23 sys=0.00, real=1.20 secs] 
2018-12-20T15:23:04.166+0200: 647.392: [Full GC (Ergonomics) [PSYoungGen: 1143296K->0K(2330624K)] [ParOldGen: 7283826K->7280976K(7509504K)] 8427122K->7280976K(9840128K), [Metaspace: 2536K->2536K(1056768K)], 1.3807083 secs] [Times: user=4.71 sys=0.02, real=1.28 secs] 
2018-12-20T15:23:05.559+0200: 648.884: [Full GC (Ergonomics) [PSYoungGen: 1143296K->0K(2330624K)] [ParOldGen: 7280976K->7278126K(7509504K)] 8424272K->7278126K(9840128K), [Metaspace: 2536K->2536K(1056768K)], 1.3981724 secs] [Times: user=4.57 sys=0.00, real=1.29 secs] 
2018-12-20T15:23:06.961+0200: 650.389: [Full GC (Ergonomics) [PSYoungGen: 1143296K->0K(2330624K)] [ParOldGen: 7278126K->7275251K(7509504K)] 8421422K->7275251K(9840128K), [Metaspace: 2536K->2536K(1056768K)], 1.4807954 secs] [Times: user=4.90 sys=0.01, real=1.36 secs] 
2018-12-20T15:23:08.424+0200: 651.966: [Full GC (Ergonomics) [PSYoungGen: 1143296K->0K(2330624K)] [ParOldGen: 7275251K->7272401K(7509504K)] 8418547K->7272401K(9840128K), [Metaspace: 2536K->2536K(1056768K)], 1.3320520 secs] [Times: user=4.74 sys=0.03, real=1.24 secs] 
2018-12-20T15:23:09.779+0200: 653.407: [Full GC (Ergonomics) [PSYoungGen: 1143296K->0K(2330624K)] [ParOldGen: 7272401K->7269525K(7509504K)] 8415697K->7269525K(9840128K), [Metaspace: 2536K->2536K(1056768K)], 1.3699649 secs] [Times: user=4.40 sys=0.00, real=1.27 secs] 
2018-12-20T15:23:11.164+0200: 654.878: [Full GC (Ergonomics) [PSYoungGen: 1143296K->0K(2330624K)] [ParOldGen: 7269525K->7266675K(7509504K)] 8412821K->7266675K(9840128K), [Metaspace: 2536K->2536K(1056768K)], 1.3035674 secs] [Times: user=4.57 sys=0.00, real=1.22 secs] 
2018-12-20T15:23:12.498+0200: 656.292: [Full GC (Ergonomics) [PSYoungGen: 1143296K->0K(2330624K)] [ParOldGen: 7266675K->7263800K(7509504K)] 8409971K->7263800K(9840128K), [Metaspace: 2536K->2536K(1056768K)], 1.4188759 secs] [Times: user=4.37 sys=0.00, real=1.30 secs] 
2018-12-20T15:23:13.909+0200: 657.821: [Full GC (Ergonomics) [PSYoungGen: 1143296K->0K(2330624K)] [ParOldGen: 7263800K->7260950K(7509504K)] 8407096K->7260950K(9840128K), [Metaspace: 2536K->2536K(1056768K)], 1.3596259 secs] [Times: user=4.60 sys=0.02, real=1.26 secs] 
2018-12-20T15:23:15.276+0200: 659.289: [Full GC (Ergonomics) [PSYoungGen: 1143296K->0K(2330624K)] [ParOldGen: 7260950K->7258100K(7509504K)] 8404246K->7258100K(9840128K), [Metaspace: 2536K->2536K(1056768K)], 1.3322451 secs] [Times: user=4.63 sys=0.00, real=1.24 secs] 
2018-12-20T15:23:16.626+0200: 660.726: [Full GC (Ergonomics) [PSYoungGen: 1143296K->0K(2330624K)] [ParOldGen: 7258100K->7255225K(7509504K)] 8401396K->7255225K(9840128K), [Metaspace: 2536K->2536K(1056768K)], 1.5492623 secs] [Times: user=4.90 sys=0.05, real=1.40 secs] 
2018-12-20T15:23:18.122+0200: 662.378: [Full GC (Ergonomics) [PSYoungGen: 1143296K->0K(2330624K)] [ParOldGen: 7255225K->7252375K(7509504K)] 8398521K->7252375K(9840128K), [Metaspace: 2536K->2536K(1056768K)], 1.3146611 secs] [Times: user=4.73 sys=0.00, real=1.26 secs] 
2018-12-20T15:23:19.479+0200: 663.802: [Full GC (Ergonomics) [PSYoungGen: 1143296K->0K(2330624K)] [ParOldGen: 7252375K->7249500K(7509504K)] 8395671K->7249500K(9840128K), [Metaspace: 2536K->2536K(1056768K)], 1.4263733 secs] [Times: user=4.52 sys=0.06, real=1.31 secs] 
2018-12-20T15:23:20.893+0200: 665.332: [Full GC (Ergonomics) [PSYoungGen: 1143296K->0K(2330624K)] [ParOldGen: 7249500K->7246650K(7509504K)] 8392796K->7246650K(9840128K), [Metaspace: 2536K->2536K(1056768K)], 2.0691920 secs] [Times: user=4.85 sys=0.08, real=1.75 secs] 
2018-12-20T15:23:22.748+0200: 667.513: [Full GC (Ergonomics) [PSYoungGen: 1143296K->0K(2330624K)] [ParOldGen: 7246650K->7243775K(7509504K)] 8389946K->7243775K(9840128K), [Metaspace: 2536K->2536K(1056768K)], 1.2716823 secs] [Times: user=4.13 sys=0.03, real=1.20 secs] 
2018-12-20T15:23:24.060+0200: 668.891: [Full GC (Ergonomics) [PSYoungGen: 1143296K->0K(2330624K)] [ParOldGen: 7243775K->7240925K(7509504K)] 8387071K->7240925K(9840128K), [Metaspace: 2536K->2536K(1056768K)], 1.5510505 secs] [Times: user=4.48 sys=0.00, real=1.38 secs] 
2018-12-20T15:23:25.566+0200: 670.569: [Full GC (Ergonomics) [PSYoungGen: 1143296K->0K(2330624K)] [ParOldGen: 7240925K->7238049K(7509504K)] 8384221K->7238049K(9840128K), [Metaspace: 2536K->2536K(1056768K)], 1.4559976 secs] [Times: user=4.66 sys=0.00, real=1.33 secs] 
2018-12-20T15:23:27.020+0200: 672.152: [Full GC (Ergonomics) [PSYoungGen: 1143296K->0K(2330624K)] [ParOldGen: 7238049K->7235200K(7509504K)] 8381345K->7235200K(9840128K), [Metaspace: 2536K->2536K(1056768K)], 1.5595467 secs] [Times: user=4.79 sys=0.02, real=1.39 secs] 
2018-12-20T15:23:28.514+0200: 673.811: [Full GC (Ergonomics) [PSYoungGen: 1143296K->0K(2330624K)] [ParOldGen: 7235200K->7232350K(7509504K)] 8378496K->7232350K(9840128K), [Metaspace: 2536K->2536K(1056768K)], 1.3225882 secs] [Times: user=4.49 sys=0.00, real=1.25 secs] 
2018-12-20T15:23:29.870+0200: 675.243: [Full GC (Ergonomics) [PSYoungGen: 1143296K->0K(2330624K)] [ParOldGen: 7232350K->7229474K(7509504K)] 8375646K->7229474K(9840128K), [Metaspace: 2536K->2536K(1056768K)], 1.5094782 secs] [Times: user=4.96 sys=0.03, real=1.37 secs] 
2018-12-20T15:23:31.354+0200: 676.861: [Full GC (Ergonomics) [PSYoungGen: 1143296K->0K(2330624K)] [ParOldGen: 7229474K->7226624K(7509504K)] 8372770K->7226624K(9840128K), [Metaspace: 2536K->2536K(1056768K)], 1.6940529 secs] [Times: user=4.57 sys=0.03, real=1.50 secs] 
2018-12-20T15:23:32.957+0200: 678.661: [Full GC (Ergonomics) [PSYoungGen: 1143296K->0K(2330624K)] [ParOldGen: 7226624K->7223749K(7509504K)] 8369920K->7223749K(9840128K), [Metaspace: 2536K->2536K(1056768K)], 1.4002106 secs] [Times: user=4.87 sys=0.00, real=1.30 secs] 
2018-12-20T15:23:34.360+0200: 680.161: [Full GC (Ergonomics) [PSYoungGen: 1143296K->0K(2330624K)] [ParOldGen: 7223749K->7220899K(7509504K)] 8367045K->7220899K(9840128K), [Metaspace: 2536K->2536K(1056768K)], 1.3019196 secs] [Times: user=4.34 sys=0.00, real=1.21 secs] 
2018-12-20T15:23:35.691+0200: 681.575: [Full GC (Ergonomics) [PSYoungGen: 1143296K->0K(2330624K)] [ParOldGen: 7220899K->7218024K(7509504K)] 8364195K->7218024K(9840128K), [Metaspace: 2536K->2536K(1056768K)], 1.5829346 secs] [Times: user=5.02 sys=0.05, real=1.41 secs] 
2018-12-20T15:23:37.216+0200: 683.268: [Full GC (Ergonomics) [PSYoungGen: 1143296K->0K(2330624K)] [ParOldGen: 7218024K->7215174K(7509504K)] 8361320K->7215174K(9840128K), [Metaspace: 2536K->2536K(1056768K)], 1.5616684 secs] [Times: user=4.81 sys=0.00, real=1.40 secs] 
2018-12-20T15:23:38.728+0200: 684.932: [Full GC (Ergonomics) [PSYoungGen: 1143296K->0K(2330624K)] [ParOldGen: 7215174K->7212324K(7509504K)] 8358470K->7212324K(9840128K), [Metaspace: 2536K->2536K(1056768K)], 1.6742232 secs] [Times: user=4.27 sys=0.05, real=1.48 secs] 
2018-12-20T15:23:40.315+0200: 686.717: [Full GC (Ergonomics) [PSYoungGen: 1143296K->0K(2330624K)] [ParOldGen: 7212324K->7209449K(7509504K)] 8355620K->7209449K(9840128K), [Metaspace: 2536K->2536K(1056768K)], 1.4048744 secs] [Times: user=4.82 sys=0.02, real=1.31 secs] 
2018-12-20T15:23:41.725+0200: 688.225: [Full GC (Ergonomics) [PSYoungGen: 1143296K->0K(2330624K)] [ParOldGen: 7209449K->7206599K(7509504K)] 8352745K->7206599K(9840128K), [Metaspace: 2536K->2536K(1056768K)], 1.2468809 secs] [Times: user=4.52 sys=0.00, real=1.19 secs] 
2018-12-20T15:23:43.018+0200: 689.575: [Full GC (Ergonomics) [PSYoungGen: 1143296K->0K(2330624K)] [ParOldGen: 7206599K->7203724K(7509504K)] 8349895K->7203724K(9840128K), [Metaspace: 2536K->2536K(1056768K)], 1.2717266 secs] [Times: user=4.38 sys=0.00, real=1.20 secs] 
2018-12-20T15:23:44.331+0200: 690.954: [Full GC (Ergonomics) [PSYoungGen: 1143296K->0K(2330624K)] [ParOldGen: 7203724K->7200874K(7509504K)] 8347020K->7200874K(9840128K), [Metaspace: 2536K->2536K(1056768K)], 1.3609247 secs] [Times: user=4.74 sys=0.01, real=1.28 secs] 
2018-12-20T15:23:45.724+0200: 692.421: [Full GC (Ergonomics) [PSYoungGen: 1143296K->0K(2330624K)] [ParOldGen: 7200874K->7197998K(7509504K)] 8344170K->7197998K(9840128K), [Metaspace: 2536K->2536K(1056768K)], 1.3959597 secs] [Times: user=4.06 sys=0.00, real=1.31 secs] 
2018-12-20T15:23:47.147+0200: 693.921: [Full GC (Ergonomics) [PSYoungGen: 1143296K->0K(2330624K)] [ParOldGen: 7197998K->7195149K(7509504K)] 8341294K->7195149K(9840128K), [Metaspace: 2536K->2536K(1056768K)], 1.3018893 secs] [Times: user=4.38 sys=0.03, real=1.23 secs] 
2018-12-20T15:23:48.479+0200: 695.321: [Full GC (Ergonomics) [PSYoungGen: 1143296K->0K(2330624K)] [ParOldGen: 7195149K->7192273K(7509504K)] 8338445K->7192273K(9840128K), [Metaspace: 2536K->2536K(1056768K)], 1.2868115 secs] [Times: user=4.63 sys=0.00, real=1.21 secs] 
2018-12-20T15:23:49.793+0200: 696.713: [Full GC (Ergonomics) [PSYoungGen: 1143296K->0K(2330624K)] [ParOldGen: 7192273K->7189423K(7509504K)] 8335569K->7189423K(9840128K), [Metaspace: 2536K->2536K(1056768K)], 1.3202183 secs] [Times: user=4.57 sys=0.00, real=1.25 secs] 
2018-12-20T15:23:51.158+0200: 698.148: [Full GC (Ergonomics) [PSYoungGen: 1143296K->0K(2330624K)] [ParOldGen: 7189423K->7186574K(7509504K)] 8332719K->7186574K(9840128K), [Metaspace: 2536K->2536K(1056768K)], 1.2754033 secs] [Times: user=4.56 sys=0.00, real=1.21 secs] 
2018-12-20T15:23:52.473+0200: 699.525: [Full GC (Ergonomics) [PSYoungGen: 1143296K->0K(2330624K)] [ParOldGen: 7186574K->7183698K(7509504K)] 8329870K->7183698K(9840128K), [Metaspace: 2536K->2536K(1056768K)], 1.2903192 secs] [Times: user=4.71 sys=0.00, real=1.22 secs] 
2018-12-20T15:23:53.796+0200: 700.921: [Full GC (Ergonomics) [PSYoungGen: 1143296K->0K(2330624K)] [ParOldGen: 7183698K->7180848K(7509504K)] 8326994K->7180848K(9840128K), [Metaspace: 2536K->2536K(1056768K)], 1.2663057 secs] [Times: user=4.59 sys=0.00, real=1.20 secs] 
2018-12-20T15:23:55.100+0200: 702.288: [Full GC (Ergonomics) [PSYoungGen: 1143296K->0K(2330624K)] [ParOldGen: 7180848K->7177973K(7509504K)] 8324144K->7177973K(9840128K), [Metaspace: 2536K->2536K(1056768K)], 1.2493781 secs] [Times: user=4.59 sys=0.01, real=1.20 secs] 
2018-12-20T15:23:56.412+0200: 703.647: [Full GC (Ergonomics) [PSYoungGen: 1143296K->0K(2330624K)] [ParOldGen: 7177973K->7175123K(7509504K)] 8321269K->7175123K(9840128K), [Metaspace: 2536K->2536K(1056768K)], 1.6979969 secs] [Times: user=5.30 sys=0.02, real=1.51 secs] 
2018-12-20T15:23:58.027+0200: 705.453: [Full GC (Ergonomics) [PSYoungGen: 1143296K->0K(2330624K)] [ParOldGen: 7175123K->7172248K(7509504K)] 8318419K->7172248K(9840128K), [Metaspace: 2536K->2536K(1056768K)], 1.3671322 secs] [Times: user=4.79 sys=0.01, real=1.28 secs] 
2018-12-20T15:23:59.409+0200: 706.921: [Full GC (Ergonomics) [PSYoungGen: 1143296K->0K(2330624K)] [ParOldGen: 7172248K->7169398K(7509504K)] 8315544K->7169398K(9840128K), [Metaspace: 2536K->2536K(1056768K)], 1.3320748 secs] [Times: user=4.68 sys=0.00, real=1.25 secs] 
2018-12-20T15:24:00.772+0200: 708.363: [Full GC (Ergonomics) [PSYoungGen: 1143296K->0K(2330624K)] [ParOldGen: 7169398K->7166548K(7509504K)] 8312694K->7166548K(9840128K), [Metaspace: 2536K->2536K(1056768K)], 1.5265453 secs] [Times: user=4.82 sys=0.03, real=1.40 secs] 
2018-12-20T15:24:02.274+0200: 709.989: [Full GC (Ergonomics) [PSYoungGen: 1143296K->0K(2330624K)] [ParOldGen: 7166548K->7163673K(7509504K)] 8309844K->7163673K(9840128K), [Metaspace: 2536K->2536K(1056768K)], 1.3340711 secs] [Times: user=4.85 sys=0.01, real=1.26 secs] 
2018-12-20T15:24:03.638+0200: 711.424: [Full GC (Ergonomics) [PSYoungGen: 1143296K->0K(2330624K)] [ParOldGen: 7163673K->7160823K(7509504K)] 8306969K->7160823K(9840128K), [Metaspace: 2536K->2536K(1056768K)], 1.3416496 secs] [Times: user=4.51 sys=0.02, real=1.27 secs] 
2018-12-20T15:24:05.021+0200: 712.875: [Full GC (Ergonomics) [PSYoungGen: 1143296K->0K(2330624K)] [ParOldGen: 7160823K->7157948K(7509504K)] 8304119K->7157948K(9840128K), [Metaspace: 2536K->2536K(1056768K)], 1.3489198 secs] [Times: user=4.71 sys=0.00, real=1.28 secs] 
2018-12-20T15:24:06.405+0200: 714.324: [Full GC (Ergonomics) [PSYoungGen: 1143296K->0K(2330624K)] [ParOldGen: 7157948K->7155098K(7509504K)] 8301244K->7155098K(9840128K), [Metaspace: 2536K->2536K(1056768K)], 1.4557313 secs] [Times: user=4.32 sys=0.05, real=1.35 secs] 
2018-12-20T15:24:07.858+0200: 715.884: [Full GC (Ergonomics) [PSYoungGen: 1143296K->0K(2330624K)] [ParOldGen: 7155098K->7152222K(7509504K)] 8298394K->7152222K(9840128K), [Metaspace: 2536K->2536K(1056768K)], 1.2518157 secs] [Times: user=4.57 sys=0.00, real=1.20 secs] 
2018-12-20T15:24:09.161+0200: 717.237: [Full GC (Ergonomics) [PSYoungGen: 1143296K->0K(2330624K)] [ParOldGen: 7152222K->7149372K(7509504K)] 8295518K->7149372K(9840128K), [Metaspace: 2536K->2536K(1056768K)], 1.2393802 secs] [Times: user=4.49 sys=0.01, real=1.19 secs] 
2018-12-20T15:24:10.455+0200: 718.580: [Full GC (Ergonomics) [PSYoungGen: 1143296K->0K(2330624K)] [ParOldGen: 7149372K->7146497K(7509504K)] 8292668K->7146497K(9840128K), [Metaspace: 2536K->2536K(1056768K)], 1.4653228 secs] [Times: user=4.26 sys=0.02, real=1.36 secs] 
2018-12-20T15:24:11.911+0200: 720.147: [Full GC (Ergonomics) [PSYoungGen: 1143296K->0K(2330624K)] [ParOldGen: 7146497K->7143647K(7509504K)] 8289793K->7143647K(9840128K), [Metaspace: 2536K->2536K(1056768K)], 1.3032329 secs] [Times: user=4.70 sys=0.01, real=1.23 secs] 
2018-12-20T15:24:13.244+0200: 721.550: [Full GC (Ergonomics) [PSYoungGen: 1143296K->0K(2330624K)] [ParOldGen: 7143647K->7140797K(7509504K)] 8286943K->7140797K(9840128K), [Metaspace: 2536K->2536K(1056768K)], 1.2934631 secs] [Times: user=4.51 sys=0.00, real=1.23 secs] 
2018-12-20T15:24:14.569+0200: 722.945: [Full GC (Ergonomics) [PSYoungGen: 1143296K->0K(2330624K)] [ParOldGen: 7140797K->7137922K(7509504K)] 8284093K->7137922K(9840128K), [Metaspace: 2536K->2536K(1056768K)], 1.3178405 secs] [Times: user=4.65 sys=0.03, real=1.26 secs] 
2018-12-20T15:24:15.941+0200: 724.373: [Full GC (Ergonomics) [PSYoungGen: 1143296K->0K(2330624K)] [ParOldGen: 7137922K->7135072K(7509504K)] 8281218K->7135072K(9840128K), [Metaspace: 2536K->2536K(1056768K)], 1.4637078 secs] [Times: user=4.90 sys=0.02, real=1.35 secs] 
2018-12-20T15:24:17.394+0200: 725.938: [Full GC (Ergonomics) [PSYoungGen: 1143296K->0K(2330624K)] [ParOldGen: 7135072K->7132197K(7509504K)] 8278368K->7132197K(9840128K), [Metaspace: 2536K->2536K(1056768K)], 1.2357185 secs] [Times: user=4.26 sys=0.02, real=1.17 secs] 
2018-12-20T15:24:18.666+0200: 727.272: [Full GC (Ergonomics) [PSYoungGen: 1143296K->0K(2330624K)] [ParOldGen: 7132197K->7129347K(7509504K)] 8275493K->7129347K(9840128K), [Metaspace: 2536K->2536K(1056768K)], 1.2572119 secs] [Times: user=4.48 sys=0.02, real=1.20 secs] 
2018-12-20T15:24:19.968+0200: 728.638: [Full GC (Ergonomics) [PSYoungGen: 1143296K->0K(2330624K)] [ParOldGen: 7129347K->7126472K(7509504K)] 8272643K->7126472K(9840128K), [Metaspace: 2536K->2536K(1056768K)], 1.2545005 secs] [Times: user=4.65 sys=0.00, real=1.19 secs] 
2018-12-20T15:24:21.272+0200: 729.998: [Full GC (Ergonomics) [PSYoungGen: 1143296K->0K(2330624K)] [ParOldGen: 7126472K->7123622K(7509504K)] 8269768K->7123622K(9840128K), [Metaspace: 2536K->2536K(1056768K)], 1.2329138 secs] [Times: user=4.29 sys=0.02, real=1.16 secs] 
2018-12-20T15:24:22.546+0200: 731.336: [Full GC (Ergonomics) [PSYoungGen: 1143296K->0K(2330624K)] [ParOldGen: 7123622K->7120772K(7509504K)] 8266918K->7120772K(9840128K), [Metaspace: 2536K->2536K(1056768K)], 1.1947364 secs] [Times: user=4.21 sys=0.00, real=1.13 secs] 
2018-12-20T15:24:23.791+0200: 732.634: [Full GC (Ergonomics) [PSYoungGen: 1143296K->0K(2330624K)] [ParOldGen: 7120772K->7117897K(7509504K)] 8264068K->7117897K(9840128K), [Metaspace: 2536K->2536K(1056768K)], 1.2294616 secs] [Times: user=4.38 sys=0.00, real=1.17 secs] 
2018-12-20T15:24:25.074+0200: 733.974: [Full GC (Ergonomics) [PSYoungGen: 1143296K->0K(2330624K)] [ParOldGen: 7117897K->7115047K(7509504K)] 8261193K->7115047K(9840128K), [Metaspace: 2536K->2536K(1056768K)], 1.2163837 secs] [Times: user=4.31 sys=0.02, real=1.15 secs] 
2018-12-20T15:24:26.329+0200: 735.296: [Full GC (Ergonomics) [PSYoungGen: 1143296K->0K(2330624K)] [ParOldGen: 7115047K->7112171K(7509504K)] 8258343K->7112171K(9840128K), [Metaspace: 2536K->2536K(1056768K)], 1.2466583 secs] [Times: user=4.41 sys=0.00, real=1.17 secs] 
2018-12-20T15:24:27.605+0200: 736.649: [Full GC (Ergonomics) [PSYoungGen: 1143296K->0K(2330624K)] [ParOldGen: 7112171K->7109322K(7509504K)] 8255467K->7109322K(9840128K), [Metaspace: 2536K->2536K(1056768K)], 1.2368167 secs] [Times: user=4.40 sys=0.01, real=1.18 secs] 
2018-12-20T15:24:28.898+0200: 738.000: [Full GC (Ergonomics) [PSYoungGen: 1143296K->0K(2330624K)] [ParOldGen: 7109322K->7106446K(7509504K)] 8252618K->7106446K(9840128K), [Metaspace: 2536K->2536K(1056768K)], 1.2800096 secs] [Times: user=4.66 sys=0.00, real=1.19 secs] 
2018-12-20T15:24:30.223+0200: 739.402: [Full GC (Ergonomics) [PSYoungGen: 1143296K->0K(2330624K)] [ParOldGen: 7106446K->7103596K(7509504K)] 8249742K->7103596K(9840128K), [Metaspace: 2536K->2536K(1056768K)], 1.2570789 secs] [Times: user=4.02 sys=0.05, real=1.18 secs] 
2018-12-20T15:24:31.516+0200: 740.770: [Full GC (Ergonomics) [PSYoungGen: 1143296K->0K(2330624K)] [ParOldGen: 7103596K->7100721K(7509504K)] 8246892K->7100721K(9840128K), [Metaspace: 2536K->2536K(1056768K)], 1.2450792 secs] [Times: user=4.42 sys=0.00, real=1.18 secs] 
2018-12-20T15:24:32.812+0200: 742.136: [Full GC (Ergonomics) [PSYoungGen: 1143296K->0K(2330624K)] [ParOldGen: 7100721K->7097871K(7509504K)] 8244017K->7097871K(9840128K), [Metaspace: 2536K->2536K(1056768K)], 1.2033884 secs] [Times: user=4.21 sys=0.00, real=1.15 secs] 
2018-12-20T15:24:34.076+0200: 743.453: [Full GC (Ergonomics) [PSYoungGen: 1143296K->0K(2330624K)] [ParOldGen: 7097871K->7095021K(7509504K)] 8241167K->7095021K(9840128K), [Metaspace: 2536K->2536K(1056768K)], 1.1860522 secs] [Times: user=3.99 sys=0.00, real=1.13 secs] 
2018-12-20T15:24:35.301+0200: 744.745: [Full GC (Ergonomics) [PSYoungGen: 1143296K->0K(2330624K)] [ParOldGen: 7095021K->7092146K(7509504K)] 8238317K->7092146K(9840128K), [Metaspace: 2536K->2536K(1056768K)], 1.2351461 secs] [Times: user=4.28 sys=0.00, real=1.16 secs] 
2018-12-20T15:24:36.573+0200: 746.082: [Full GC (Ergonomics) [PSYoungGen: 1143296K->0K(2330624K)] [ParOldGen: 7092146K->7089296K(7509504K)] 8235442K->7089296K(9840128K), [Metaspace: 2536K->2536K(1056768K)], 1.3448177 secs] [Times: user=4.60 sys=0.00, real=1.27 secs] 
2018-12-20T15:24:37.957+0200: 747.543: [Full GC (Ergonomics) [PSYoungGen: 1143296K->0K(2330624K)] [ParOldGen: 7089296K->7086421K(7509504K)] 8232592K->7086421K(9840128K), [Metaspace: 2536K->2536K(1056768K)], 1.2607859 secs] [Times: user=4.56 sys=0.00, real=1.19 secs] 
2018-12-20T15:24:39.252+0200: 748.905: [Full GC (Ergonomics) [PSYoungGen: 1143296K->0K(2330624K)] [ParOldGen: 7086421K->7083571K(7509504K)] 8229717K->7083571K(9840128K), [Metaspace: 2536K->2536K(1056768K)], 1.2171063 secs] [Times: user=3.96 sys=0.00, real=1.14 secs] 
2018-12-20T15:24:40.507+0200: 750.234: [Full GC (Ergonomics) [PSYoungGen: 1143296K->0K(2330624K)] [ParOldGen: 7083571K->7080696K(7509504K)] 8226867K->7080696K(9840128K), [Metaspace: 2536K->2536K(1056768K)], 1.3341919 secs] [Times: user=4.71 sys=0.00, real=1.25 secs] 
2018-12-20T15:24:41.881+0200: 751.680: [Full GC (Ergonomics) [PSYoungGen: 1143296K->0K(2330624K)] [ParOldGen: 7080696K->7077846K(7509504K)] 8223992K->7077846K(9840128K), [Metaspace: 2536K->2536K(1056768K)], 1.3335364 secs] [Times: user=4.77 sys=0.00, real=1.25 secs] 
2018-12-20T15:24:43.236+0200: 753.117: [Full GC (Ergonomics) [PSYoungGen: 1143296K->0K(2330624K)] [ParOldGen: 7077846K->7074971K(7509504K)] 8221142K->7074971K(9840128K), [Metaspace: 2536K->2536K(1056768K)], 1.1925125 secs] [Times: user=4.35 sys=0.00, real=1.13 secs] 
2018-12-20T15:24:44.479+0200: 754.417: [Full GC (Ergonomics) [PSYoungGen: 1143296K->0K(2330624K)] [ParOldGen: 7074971K->7072120K(7509504K)] 8218267K->7072120K(9840128K), [Metaspace: 2536K->2536K(1056768K)], 1.1962059 secs] [Times: user=4.21 sys=0.00, real=1.13 secs] 
2018-12-20T15:24:45.721+0200: 755.723: [Full GC (Ergonomics) [PSYoungGen: 1143296K->0K(2330624K)] [ParOldGen: 7072120K->7069271K(7509504K)] 8215416K->7069271K(9840128K), [Metaspace: 2536K->2536K(1056768K)], 1.1892534 secs] [Times: user=4.26 sys=0.02, real=1.13 secs] 
2018-12-20T15:24:46.964+0200: 757.026: [Full GC (Ergonomics) [PSYoungGen: 1143296K->0K(2330624K)] [ParOldGen: 7069271K->7066398K(7509504K)] 8212567K->7066398K(9840128K), [Metaspace: 2536K->2536K(1056768K)], 1.2197776 secs] [Times: user=4.42 sys=0.00, real=1.15 secs] 
2018-12-20T15:24:48.227+0200: 758.356: [Full GC (Ergonomics) [PSYoungGen: 1143296K->0K(2330624K)] [ParOldGen: 7066398K->7063552K(7509504K)] 8209694K->7063552K(9840128K), [Metaspace: 2536K->2536K(1056768K)], 1.2133541 secs] [Times: user=3.84 sys=0.02, real=1.14 secs] 
2018-12-20T15:24:49.482+0200: 759.673: [Full GC (Ergonomics) [PSYoungGen: 1143296K->0K(2330624K)] [ParOldGen: 7063552K->7060680K(7509504K)] 8206848K->7060680K(9840128K), [Metaspace: 2536K->2536K(1056768K)], 1.1778214 secs] [Times: user=4.18 sys=0.05, real=1.12 secs] 
2018-12-20T15:24:50.705+0200: 760.953: [Full GC (Ergonomics) [PSYoungGen: 1143296K->0K(2330624K)] [ParOldGen: 7060680K->7057820K(7509504K)] 8203976K->7057820K(9840128K), [Metaspace: 2536K->2536K(1056768K)], 1.2814479 secs] [Times: user=4.43 sys=0.00, real=1.21 secs] 
2018-12-20T15:24:52.018+0200: 762.336: [Full GC (Ergonomics) [PSYoungGen: 1143296K->0K(2330624K)] [ParOldGen: 7057820K->7054945K(7509504K)] 8201116K->7054945K(9840128K), [Metaspace: 2536K->2536K(1056768K)], 1.6866894 secs] [Times: user=5.16 sys=0.01, real=1.47 secs] 
2018-12-20T15:24:53.608+0200: 764.138: [Full GC (Ergonomics) [PSYoungGen: 1143296K->0K(2330624K)] [ParOldGen: 7054945K->7052095K(7509504K)] 8198241K->7052095K(9840128K), [Metaspace: 2536K->2536K(1056768K)], 1.4307175 secs] [Times: user=4.63 sys=0.02, real=1.32 secs] 
2018-12-20T15:24:55.040+0200: 765.675: [Full GC (Ergonomics) [PSYoungGen: 1143296K->0K(2330624K)] [ParOldGen: 7052095K->7049245K(7509504K)] 8195391K->7049245K(9840128K), [Metaspace: 2536K->2536K(1056768K)], 1.3216860 secs] [Times: user=4.63 sys=0.00, real=1.25 secs] 
2018-12-20T15:24:56.395+0200: 767.108: [Full GC (Ergonomics) [PSYoungGen: 1143296K->0K(2330624K)] [ParOldGen: 7049245K->7046370K(7509504K)] 8192541K->7046370K(9840128K), [Metaspace: 2536K->2536K(1056768K)], 1.3702495 secs] [Times: user=4.60 sys=0.00, real=1.32 secs] 
2018-12-20T15:24:57.815+0200: 768.581: [Full GC (Ergonomics) [PSYoungGen: 1143296K->0K(2330624K)] [ParOldGen: 7046370K->7043520K(7509504K)] 8189666K->7043520K(9840128K), [Metaspace: 2536K->2536K(1056768K)], 1.1626022 secs] [Times: user=4.32 sys=0.00, real=1.15 secs] 
2018-12-20T15:24:59.069+0200: 769.838: [Full GC (Ergonomics) [PSYoungGen: 1143296K->0K(2330624K)] [ParOldGen: 7043520K->7040645K(7509504K)] 8186816K->7040645K(9840128K), [Metaspace: 2536K->2536K(1056768K)], 1.1633048 secs] [Times: user=4.38 sys=0.00, real=1.14 secs] 
2018-12-20T15:25:00.311+0200: 771.099: [Full GC (Ergonomics) [PSYoungGen: 1143296K->0K(2330624K)] [ParOldGen: 7040645K->7037795K(7509504K)] 8183941K->7037795K(9840128K), [Metaspace: 2536K->2536K(1056768K)], 1.1470887 secs] [Times: user=4.35 sys=0.00, real=1.13 secs] 
2018-12-20T15:25:01.535+0200: 772.340: [Full GC (Ergonomics) [PSYoungGen: 1143296K->0K(2330624K)] [ParOldGen: 7037795K->7034919K(7509504K)] 8181091K->7034919K(9840128K), [Metaspace: 2536K->2536K(1056768K)], 1.1575834 secs] [Times: user=4.45 sys=0.00, real=1.14 secs] 
2018-12-20T15:25:02.780+0200: 773.596: [Full GC (Ergonomics) [PSYoungGen: 1143296K->0K(2330624K)] [ParOldGen: 7034919K->7032070K(7509504K)] 8178215K->7032070K(9840128K), [Metaspace: 2536K->2536K(1056768K)], 1.1452175 secs] [Times: user=4.40 sys=0.00, real=1.12 secs] 
2018-12-20T15:25:04.012+0200: 774.847: [Full GC (Ergonomics) [PSYoungGen: 1143296K->0K(2330624K)] [ParOldGen: 7032070K->7029194K(7509504K)] 8175366K->7029194K(9840128K), [Metaspace: 2536K->2536K(1056768K)], 1.1557463 secs] [Times: user=4.42 sys=0.00, real=1.14 secs] 
2018-12-20T15:25:05.245+0200: 776.096: [Full GC (Ergonomics) [PSYoungGen: 1143296K->0K(2330624K)] [ParOldGen: 7029194K->7026344K(7509504K)] 8172490K->7026344K(9840128K), [Metaspace: 2536K->2536K(1056768K)], 1.1594882 secs] [Times: user=4.37 sys=0.03, real=1.14 secs] 
2018-12-20T15:25:06.487+0200: 777.362: [Full GC (Ergonomics) [PSYoungGen: 1143296K->0K(2330624K)] [ParOldGen: 7026344K->7023495K(7509504K)] 8169640K->7023495K(9840128K), [Metaspace: 2536K->2536K(1056768K)], 1.4396439 secs] [Times: user=4.45 sys=0.00, real=1.36 secs] 
2018-12-20T15:25:07.947+0200: 778.906: [Full GC (Ergonomics) [PSYoungGen: 1143296K->0K(2330624K)] [ParOldGen: 7023495K->7020620K(7509504K)] 8166791K->7020620K(9840128K), [Metaspace: 2536K->2536K(1056768K)], 1.2636815 secs] [Times: user=4.10 sys=0.00, real=1.21 secs] 
2018-12-20T15:25:09.260+0200: 780.273: [Full GC (Ergonomics) [PSYoungGen: 1143296K->0K(2330624K)] [ParOldGen: 7020620K->7017769K(7509504K)] 8163916K->7017769K(9840128K), [Metaspace: 2536K->2536K(1056768K)], 1.2908468 secs] [Times: user=4.43 sys=0.00, real=1.24 secs] 
2018-12-20T15:25:10.602+0200: 781.671: [Full GC (Ergonomics) [PSYoungGen: 1143296K->0K(2330624K)] [ParOldGen: 7017769K->7014894K(7509504K)] 8161065K->7014894K(9840128K), [Metaspace: 2536K->2536K(1056768K)], 1.3247939 secs] [Times: user=4.09 sys=0.00, real=1.25 secs] 
2018-12-20T15:25:11.954+0200: 783.104: [Full GC (Ergonomics) [PSYoungGen: 1143296K->0K(2330624K)] [ParOldGen: 7014894K->7012044K(7509504K)] 8158190K->7012044K(9840128K), [Metaspace: 2536K->2536K(1056768K)], 1.3613828 secs] [Times: user=4.74 sys=0.02, real=1.29 secs] 
2018-12-20T15:25:13.357+0200: 784.567: [Full GC (Ergonomics) [PSYoungGen: 1143296K->0K(2330624K)] [ParOldGen: 7012044K->7009169K(7509504K)] 8155340K->7009169K(9840128K), [Metaspace: 2536K->2536K(1056768K)], 1.2432122 secs] [Times: user=4.49 sys=0.00, real=1.18 secs] 
2018-12-20T15:25:14.640+0200: 785.910: [Full GC (Ergonomics) [PSYoungGen: 1143296K->0K(2330624K)] [ParOldGen: 7009169K->7006319K(7509504K)] 8152465K->7006319K(9840128K), [Metaspace: 2536K->2536K(1056768K)], 1.4184962 secs] [Times: user=4.76 sys=0.02, real=1.34 secs] 
2018-12-20T15:25:16.113+0200: 787.460: [Full GC (Ergonomics) [PSYoungGen: 1143296K->0K(2330624K)] [ParOldGen: 7006319K->7003469K(7509504K)] 8149615K->7003469K(9840128K), [Metaspace: 2536K->2536K(1056768K)], 1.2873876 secs] [Times: user=4.63 sys=0.00, real=1.21 secs] 
2018-12-20T15:25:17.455+0200: 788.869: [Full GC (Ergonomics) [PSYoungGen: 1143296K->0K(2330624K)] [ParOldGen: 7003469K->7000594K(7509504K)] 8146765K->7000594K(9840128K), [Metaspace: 2536K->2536K(1056768K)], 1.9767287 secs] [Times: user=4.59 sys=0.03, real=1.71 secs] 
2018-12-20T15:25:19.312+0200: 790.998: [Full GC (Ergonomics) [PSYoungGen: 1143296K->0K(2330624K)] [ParOldGen: 7000594K->6997744K(7509504K)] 8143890K->6997744K(9840128K), [Metaspace: 2536K->2536K(1056768K)], 2.0837883 secs] [Times: user=3.81 sys=0.06, real=1.73 secs] 
2018-12-20T15:25:21.181+0200: 793.219: [Full GC (Ergonomics) [PSYoungGen: 1143296K->0K(2330624K)] [ParOldGen: 6997744K->6994869K(7509504K)] 8141040K->6994869K(9840128K), [Metaspace: 2536K->2536K(1056768K)], 1.3951442 secs] [Times: user=4.43 sys=0.00, real=1.31 secs] 
2018-12-20T15:25:22.587+0200: 794.716: [Full GC (Ergonomics) [PSYoungGen: 1143296K->0K(2330624K)] [ParOldGen: 6994869K->6992019K(7509504K)] 8138165K->6992019K(9840128K), [Metaspace: 2536K->2536K(1056768K)], 1.2655644 secs] [Times: user=4.15 sys=0.00, real=1.20 secs] 
2018-12-20T15:25:23.899+0200: 796.089: [Full GC (Ergonomics) [PSYoungGen: 1143296K->0K(2330624K)] [ParOldGen: 6992019K->6989143K(7509504K)] 8135315K->6989143K(9840128K), [Metaspace: 2536K->2536K(1056768K)], 1.2623049 secs] [Times: user=4.43 sys=0.00, real=1.19 secs] 
2018-12-20T15:25:25.204+0200: 797.460: [Full GC (Ergonomics) [PSYoungGen: 1143296K->0K(2330624K)] [ParOldGen: 6989143K->6986293K(7509504K)] 8132439K->6986293K(9840128K), [Metaspace: 2536K->2536K(1056768K)], 1.2788993 secs] [Times: user=4.13 sys=0.01, real=1.23 secs] 
2018-12-20T15:25:26.527+0200: 798.839: [Full GC (Ergonomics) [PSYoungGen: 1143296K->0K(2330624K)] [ParOldGen: 6986293K->6983418K(7509504K)] 8129589K->6983418K(9840128K), [Metaspace: 2536K->2536K(1056768K)], 1.2106106 secs] [Times: user=4.31 sys=0.02, real=1.15 secs] 
2018-12-20T15:25:27.789+0200: 800.154: [Full GC (Ergonomics) [PSYoungGen: 1143296K->0K(2330624K)] [ParOldGen: 6983418K->6980568K(7509504K)] 8126714K->6980568K(9840128K), [Metaspace: 2536K->2536K(1056768K)], 1.1912660 secs] [Times: user=4.32 sys=0.00, real=1.12 secs] 
2018-12-20T15:25:29.022+0200: 801.448: [Full GC (Ergonomics) [PSYoungGen: 1143296K->0K(2330624K)] [ParOldGen: 6980568K->6977718K(7509504K)] 8123864K->6977718K(9840128K), [Metaspace: 2536K->2536K(1056768K)], 1.1986379 secs] [Times: user=4.24 sys=0.00, real=1.14 secs] 
2018-12-20T15:25:30.275+0200: 802.755: [Full GC (Ergonomics) [PSYoungGen: 1143296K->0K(2330624K)] [ParOldGen: 6977718K->6974843K(7509504K)] 8121014K->6974843K(9840128K), [Metaspace: 2536K->2536K(1056768K)], 1.2029023 secs] [Times: user=4.37 sys=0.00, real=1.14 secs] 
2018-12-20T15:25:31.529+0200: 804.066: [Full GC (Ergonomics) [PSYoungGen: 1143296K->0K(2330624K)] [ParOldGen: 6974843K->6971993K(7509504K)] 8118139K->6971993K(9840128K), [Metaspace: 2536K->2536K(1056768K)], 1.1856617 secs] [Times: user=4.34 sys=0.00, real=1.12 secs] 
2018-12-20T15:25:32.752+0200: 805.357: [Full GC (Ergonomics) [PSYoungGen: 1143296K->0K(2330624K)] [ParOldGen: 6971993K->6969118K(7509504K)] 8115289K->6969118K(9840128K), [Metaspace: 2536K->2536K(1056768K)], 1.2522407 secs] [Times: user=4.45 sys=0.00, real=1.19 secs] 
2018-12-20T15:25:34.056+0200: 806.715: [Full GC (Ergonomics) [PSYoungGen: 1143296K->0K(2330624K)] [ParOldGen: 6969118K->6966268K(7509504K)] 8112414K->6966268K(9840128K), [Metaspace: 2536K->2536K(1056768K)], 1.3051167 secs] [Times: user=4.43 sys=0.00, real=1.24 secs] 
2018-12-20T15:25:35.401+0200: 808.124: [Full GC (Ergonomics) [PSYoungGen: 1143296K->0K(2330624K)] [ParOldGen: 6966268K->6963393K(7509504K)] 8109564K->6963393K(9840128K), [Metaspace: 2536K->2536K(1056768K)], 1.2014080 secs] [Times: user=4.37 sys=0.00, real=1.14 secs] 
2018-12-20T15:25:36.645+0200: 809.429: [Full GC (Ergonomics) [PSYoungGen: 1143296K->0K(2330624K)] [ParOldGen: 6963393K->6960543K(7509504K)] 8106689K->6960543K(9840128K), [Metaspace: 2536K->2536K(1056768K)], 1.1882840 secs] [Times: user=4.23 sys=0.00, real=1.13 secs] 
2018-12-20T15:25:37.877+0200: 810.722: [Full GC (Ergonomics) [PSYoungGen: 1143296K->0K(2330624K)] [ParOldGen: 6960543K->6957693K(7509504K)] 8103839K->6957693K(9840128K), [Metaspace: 2536K->2536K(1056768K)], 1.2273515 secs] [Times: user=4.29 sys=0.02, real=1.17 secs] 
2018-12-20T15:25:39.172+0200: 812.067: [Full GC (Ergonomics) [PSYoungGen: 1143296K->0K(2330624K)] [ParOldGen: 6957693K->6954818K(7509504K)] 8100989K->6954818K(9840128K), [Metaspace: 2536K->2536K(1056768K)], 1.3812084 secs] [Times: user=4.38 sys=0.02, real=1.25 secs] 
2018-12-20T15:25:40.518+0200: 813.552: [Full GC (Ergonomics) [PSYoungGen: 1143296K->0K(2330624K)] [ParOldGen: 6954818K->6951968K(7509504K)] 8098114K->6951968K(9840128K), [Metaspace: 2536K->2536K(1056768K)], 1.7659129 secs] [Times: user=4.69 sys=0.02, real=1.49 secs] 
2018-12-20T15:25:42.106+0200: 815.421: [Full GC (Ergonomics) [PSYoungGen: 1143296K->0K(2330624K)] [ParOldGen: 6951968K->6949092K(7509504K)] 8095264K->6949092K(9840128K), [Metaspace: 2536K->2536K(1056768K)], 1.6249580 secs] [Times: user=4.40 sys=0.02, real=1.41 secs] 
2018-12-20T15:25:43.625+0200: 817.163: [Full GC (Ergonomics) [PSYoungGen: 1143296K->0K(2330624K)] [ParOldGen: 6949092K->6946243K(7509504K)] 8092388K->6946243K(9840128K), [Metaspace: 2536K->2536K(1056768K)], 1.5110686 secs] [Times: user=4.43 sys=0.03, real=1.33 secs] 
2018-12-20T15:25:45.070+0200: 818.790: [Full GC (Ergonomics) [PSYoungGen: 1143296K->0K(2330624K)] [ParOldGen: 6946243K->6943367K(7509504K)] 8089539K->6943367K(9840128K), [Metaspace: 2536K->2536K(1056768K)], 1.4521787 secs] [Times: user=3.95 sys=0.00, real=1.29 secs] 
2018-12-20T15:25:46.453+0200: 820.341: [Full GC (Ergonomics) [PSYoungGen: 1143296K->0K(2330624K)] [ParOldGen: 6943367K->6940517K(7509504K)] 8086663K->6940517K(9840128K), [Metaspace: 2536K->2536K(1056768K)], 1.1887659 secs] [Times: user=4.10 sys=0.01, real=1.14 secs] 
2018-12-20T15:25:47.706+0200: 821.635: [Full GC (Ergonomics) [PSYoungGen: 1143296K->0K(2330624K)] [ParOldGen: 6940517K->6937642K(7509504K)] 8083813K->6937642K(9840128K), [Metaspace: 2536K->2536K(1056768K)], 1.1960538 secs] [Times: user=4.20 sys=0.00, real=1.13 secs] 
2018-12-20T15:25:48.939+0200: 822.931: [Full GC (Ergonomics) [PSYoungGen: 1143296K->0K(2330624K)] [ParOldGen: 6937642K->6934792K(7509504K)] 8080938K->6934792K(9840128K), [Metaspace: 2536K->2536K(1056768K)], 1.1733088 secs] [Times: user=3.95 sys=0.00, real=1.11 secs] 
2018-12-20T15:25:50.152+0200: 824.206: [Full GC (Ergonomics) [PSYoungGen: 1143296K->0K(2330624K)] [ParOldGen: 6934792K->6931942K(7509504K)] 8078088K->6931942K(9840128K), [Metaspace: 2536K->2536K(1056768K)], 1.1780094 secs] [Times: user=4.07 sys=0.00, real=1.13 secs] 
2018-12-20T15:25:51.386+0200: 825.487: [Full GC (Ergonomics) [PSYoungGen: 1143296K->0K(2330624K)] [ParOldGen: 6931942K->6929067K(7509504K)] 8075238K->6929067K(9840128K), [Metaspace: 2536K->2536K(1056768K)], 1.2372673 secs] [Times: user=3.99 sys=0.00, real=1.17 secs] 
2018-12-20T15:25:52.660+0200: 826.823: [Full GC (Ergonomics) [PSYoungGen: 1143296K->0K(2330624K)] [ParOldGen: 6929067K->6926217K(7509504K)] 8072363K->6926217K(9840128K), [Metaspace: 2536K->2536K(1056768K)], 1.3409606 secs] [Times: user=4.31 sys=0.02, real=1.23 secs] 
2018-12-20T15:25:53.987+0200: 828.267: [Full GC (Ergonomics) [PSYoungGen: 1143296K->0K(2330624K)] [ParOldGen: 6926217K->6923342K(7509504K)] 8069513K->6923342K(9840128K), [Metaspace: 2536K->2536K(1056768K)], 1.1968782 secs] [Times: user=4.17 sys=0.01, real=1.14 secs] 
2018-12-20T15:25:55.242+0200: 829.578: [Full GC (Ergonomics) [PSYoungGen: 1143296K->0K(2330624K)] [ParOldGen: 6923342K->6920492K(7509504K)] 8066638K->6920492K(9840128K), [Metaspace: 2536K->2536K(1056768K)], 1.7194898 secs] [Times: user=4.68 sys=0.00, real=1.49 secs] 
2018-12-20T15:25:56.843+0200: 831.406: [Full GC (Ergonomics) [PSYoungGen: 1143296K->0K(2330624K)] [ParOldGen: 6920492K->6917617K(7509504K)] 8063788K->6917617K(9840128K), [Metaspace: 2536K->2536K(1056768K)], 1.6011619 secs] [Times: user=4.45 sys=0.00, real=1.39 secs] 
2018-12-20T15:25:58.337+0200: 833.109: [Full GC (Ergonomics) [PSYoungGen: 1143296K->0K(2330624K)] [ParOldGen: 6917617K->6914767K(7509504K)] 8060913K->6914767K(9840128K), [Metaspace: 2536K->2536K(1056768K)], 1.7286195 secs] [Times: user=4.31 sys=0.05, real=1.55 secs] 
2018-12-20T15:25:59.989+0200: 834.941: [Full GC (Ergonomics) [PSYoungGen: 1143296K->0K(2330624K)] [ParOldGen: 6914767K->6911917K(7509504K)] 8058063K->6911917K(9840128K), [Metaspace: 2536K->2536K(1056768K)], 1.1935286 secs] [Times: user=4.12 sys=0.00, real=1.13 secs] 
2018-12-20T15:26:01.223+0200: 836.241: [Full GC (Ergonomics) [PSYoungGen: 1143296K->0K(2330624K)] [ParOldGen: 6911917K->6909041K(7509504K)] 8055213K->6909041K(9840128K), [Metaspace: 2536K->2536K(1056768K)], 1.2203874 secs] [Times: user=4.48 sys=0.00, real=1.15 secs] 
2018-12-20T15:26:02.476+0200: 837.562: [Full GC (Ergonomics) [PSYoungGen: 1143296K->0K(2330624K)] [ParOldGen: 6909041K->6906192K(7509504K)] 8052337K->6906192K(9840128K), [Metaspace: 2536K->2536K(1056768K)], 1.2638677 secs] [Times: user=4.10 sys=0.03, real=1.20 secs] 
2018-12-20T15:26:03.778+0200: 838.932: [Full GC (Ergonomics) [PSYoungGen: 1143296K->0K(2330624K)] [ParOldGen: 6906192K->6903316K(7509504K)] 8049488K->6903316K(9840128K), [Metaspace: 2536K->2536K(1056768K)], 1.2732666 secs] [Times: user=4.23 sys=0.00, real=1.21 secs] 
2018-12-20T15:26:05.100+0200: 840.311: [Full GC (Ergonomics) [PSYoungGen: 1143296K->0K(2330624K)] [ParOldGen: 6903316K->6900467K(7509504K)] 8046612K->6900467K(9840128K), [Metaspace: 2536K->2536K(1056768K)], 1.1910766 secs] [Times: user=4.17 sys=0.00, real=1.12 secs] 
2018-12-20T15:26:06.333+0200: 841.612: [Full GC (Ergonomics) [PSYoungGen: 1143296K->0K(2330624K)] [ParOldGen: 6900467K->6897593K(7509504K)] 8043763K->6897593K(9840128K), [Metaspace: 2536K->2536K(1056768K)], 1.5863271 secs] [Times: user=4.74 sys=0.03, real=1.41 secs] 
2018-12-20T15:26:07.854+0200: 843.301: [Full GC (Ergonomics) [PSYoungGen: 1143296K->0K(2330624K)] [ParOldGen: 6897593K->6894744K(7509504K)] 8040889K->6894744K(9840128K), [Metaspace: 2536K->2536K(1056768K)], 1.3869218 secs] [Times: user=4.29 sys=0.00, real=1.28 secs] 
2018-12-20T15:26:09.247+0200: 844.792: [Full GC (Ergonomics) [PSYoungGen: 1143296K->0K(2330624K)] [ParOldGen: 6894744K->6891868K(7509504K)] 8038040K->6891868K(9840128K), [Metaspace: 2536K->2536K(1056768K)], 1.3561117 secs] [Times: user=4.40 sys=0.01, real=1.28 secs] 
2018-12-20T15:26:10.640+0200: 846.256: [Full GC (Ergonomics) [PSYoungGen: 1143296K->0K(2330624K)] [ParOldGen: 6891868K->6889018K(7509504K)] 8035164K->6889018K(9840128K), [Metaspace: 2536K->2536K(1056768K)], 1.5178452 secs] [Times: user=4.65 sys=0.02, real=1.40 secs] 
2018-12-20T15:26:12.152+0200: 847.890: [Full GC (Ergonomics) [PSYoungGen: 1143296K->0K(2330624K)] [ParOldGen: 6889018K->6886168K(7509504K)] 8032314K->6886168K(9840128K), [Metaspace: 2536K->2536K(1056768K)], 1.2509307 secs] [Times: user=3.99 sys=0.03, real=1.18 secs] 
2018-12-20T15:26:13.437+0200: 849.242: [Full GC (Ergonomics) [PSYoungGen: 1143296K->0K(2330624K)] [ParOldGen: 6886168K->6883293K(7509504K)] 8029464K->6883293K(9840128K), [Metaspace: 2536K->2536K(1056768K)], 1.2550771 secs] [Times: user=4.46 sys=0.02, real=1.17 secs] 
2018-12-20T15:26:14.722+0200: 850.607: [Full GC (Ergonomics) [PSYoungGen: 1143296K->0K(2330624K)] [ParOldGen: 6883293K->6880443K(7509504K)] 8026589K->6880443K(9840128K), [Metaspace: 2536K->2536K(1056768K)], 1.3622235 secs] [Times: user=4.48 sys=0.01, real=1.26 secs] 
2018-12-20T15:26:16.087+0200: 852.076: [Full GC (Ergonomics) [PSYoungGen: 1143296K->0K(2330624K)] [ParOldGen: 6880443K->6877566K(7509504K)] 8023739K->6877566K(9840128K), [Metaspace: 2536K->2536K(1056768K)], 1.2066554 secs] [Times: user=4.23 sys=0.00, real=1.13 secs] 
2018-12-20T15:26:17.323+0200: 853.389: [Full GC (Ergonomics) [PSYoungGen: 1143296K->0K(2330624K)] [ParOldGen: 6877566K->6874716K(7509504K)] 8020862K->6874716K(9840128K), [Metaspace: 2536K->2536K(1056768K)], 1.2180912 secs] [Times: user=4.26 sys=0.00, real=1.14 secs] 
2018-12-20T15:26:18.588+0200: 854.725: [Full GC (Ergonomics) [PSYoungGen: 1143296K->0K(2330624K)] [ParOldGen: 6874716K->6871840K(7509504K)] 8018012K->6871840K(9840128K), [Metaspace: 2536K->2536K(1056768K)], 1.2348368 secs] [Times: user=4.18 sys=0.02, real=1.16 secs] 
2018-12-20T15:26:19.862+0200: 856.075: [Full GC (Ergonomics) [PSYoungGen: 1143296K->0K(2330624K)] [ParOldGen: 6871840K->6868991K(7509504K)] 8015136K->6868991K(9840128K), [Metaspace: 2536K->2536K(1056768K)], 1.3847068 secs] [Times: user=4.49 sys=0.00, real=1.28 secs] 
2018-12-20T15:26:21.248+0200: 857.564: [Full GC (Ergonomics) [PSYoungGen: 1143296K->0K(2330624K)] [ParOldGen: 6868991K->6866141K(7509504K)] 8012287K->6866141K(9840128K), [Metaspace: 2536K->2536K(1056768K)], 1.2803567 secs] [Times: user=4.21 sys=0.01, real=1.18 secs] 
2018-12-20T15:26:22.542+0200: 858.950: [Full GC (Ergonomics) [PSYoungGen: 1143296K->0K(2330624K)] [ParOldGen: 6866141K->6863265K(7509504K)] 8009437K->6863265K(9840128K), [Metaspace: 2536K->2536K(1056768K)], 1.2266494 secs] [Times: user=4.42 sys=0.00, real=1.16 secs] 
2018-12-20T15:26:23.804+0200: 860.282: [Full GC (Ergonomics) [PSYoungGen: 1143296K->0K(2330624K)] [ParOldGen: 6863265K->6860415K(7509504K)] 8006561K->6860415K(9840128K), [Metaspace: 2536K->2536K(1056768K)], 1.2112879 secs] [Times: user=4.34 sys=0.00, real=1.16 secs] 
2018-12-20T15:26:25.067+0200: 861.595: [Full GC (Ergonomics) [PSYoungGen: 1143296K->0K(2330624K)] [ParOldGen: 6860415K->6857540K(7509504K)] 8003711K->6857540K(9840128K), [Metaspace: 2536K->2536K(1056768K)], 1.2226906 secs] [Times: user=4.12 sys=0.02, real=1.15 secs] 
2018-12-20T15:26:26.329+0200: 862.924: [Full GC (Ergonomics) [PSYoungGen: 1143296K->0K(2330624K)] [ParOldGen: 6857540K->6854690K(7509504K)] 8000836K->6854690K(9840128K), [Metaspace: 2536K->2536K(1056768K)], 1.2315213 secs] [Times: user=4.37 sys=0.00, real=1.16 secs] 
2018-12-20T15:26:27.614+0200: 864.282: [Full GC (Ergonomics) [PSYoungGen: 1143296K->0K(2330624K)] [ParOldGen: 6854690K->6851815K(7509504K)] 7997986K->6851815K(9840128K), [Metaspace: 2536K->2536K(1056768K)], 1.2412584 secs] [Times: user=4.45 sys=0.00, real=1.18 secs] 
2018-12-20T15:26:28.907+0200: 865.630: [Full GC (Ergonomics) [PSYoungGen: 1143296K->0K(2330624K)] [ParOldGen: 6851815K->6848965K(7509504K)] 7995111K->6848965K(9840128K), [Metaspace: 2536K->2536K(1056768K)], 1.2595683 secs] [Times: user=3.92 sys=0.02, real=1.18 secs] 
2018-12-20T15:26:30.200+0200: 866.998: [Full GC (Ergonomics) [PSYoungGen: 1143296K->0K(2330624K)] [ParOldGen: 6848965K->6846090K(7509504K)] 7992261K->6846090K(9840128K), [Metaspace: 2536K->2536K(1056768K)], 1.2179232 secs] [Times: user=3.81 sys=0.01, real=1.15 secs] 
2018-12-20T15:26:31.452+0200: 868.313: [Full GC (Ergonomics) [PSYoungGen: 1143296K->0K(2330624K)] [ParOldGen: 6846090K->6843240K(7509504K)] 7989386K->6843240K(9840128K), [Metaspace: 2536K->2536K(1056768K)], 1.1506584 secs] [Times: user=4.17 sys=0.00, real=1.09 secs] 
2018-12-20T15:26:32.645+0200: 869.562: [Full GC (Ergonomics) [PSYoungGen: 1143296K->0K(2330624K)] [ParOldGen: 6843240K->6840390K(7509504K)] 7986536K->6840390K(9840128K), [Metaspace: 2536K->2536K(1056768K)], 1.1532742 secs] [Times: user=4.23 sys=0.00, real=1.10 secs] 
2018-12-20T15:26:33.859+0200: 870.827: [Full GC (Ergonomics) [PSYoungGen: 1143296K->0K(2330624K)] [ParOldGen: 6840390K->6837515K(7509504K)] 7983686K->6837515K(9840128K), [Metaspace: 2536K->2536K(1056768K)], 1.1524601 secs] [Times: user=4.15 sys=0.00, real=1.10 secs] 
2018-12-20T15:26:35.054+0200: 872.079: [Full GC (Ergonomics) [PSYoungGen: 1143296K->0K(2330624K)] [ParOldGen: 6837515K->6834665K(7509504K)] 7980811K->6834665K(9840128K), [Metaspace: 2536K->2536K(1056768K)], 1.1689935 secs] [Times: user=4.04 sys=0.00, real=1.11 secs] 
2018-12-20T15:26:36.267+0200: 873.352: [Full GC (Ergonomics) [PSYoungGen: 1143296K->0K(2330624K)] [ParOldGen: 6834665K->6831790K(7509504K)] 7977961K->6831790K(9840128K), [Metaspace: 2536K->2536K(1056768K)], 1.1671811 secs] [Times: user=4.29 sys=0.00, real=1.11 secs] 
2018-12-20T15:26:37.490+0200: 874.629: [Full GC (Ergonomics) [PSYoungGen: 1143296K->0K(2330624K)] [ParOldGen: 6831790K->6828940K(7509504K)] 7975086K->6828940K(9840128K), [Metaspace: 2536K->2536K(1056768K)], 1.2711929 secs] [Times: user=4.42 sys=0.02, real=1.16 secs] 
2018-12-20T15:26:38.776+0200: 876.015: [Full GC (Ergonomics) [PSYoungGen: 1143296K->0K(2330624K)] [ParOldGen: 6828940K->6826064K(7509504K)] 7972236K->6826064K(9840128K), [Metaspace: 2536K->2536K(1056768K)], 1.4525016 secs] [Times: user=4.17 sys=0.05, real=1.31 secs] 
2018-12-20T15:26:40.201+0200: 877.582: [Full GC (Ergonomics) [PSYoungGen: 1143296K->0K(2330624K)] [ParOldGen: 6826064K->6823215K(7509504K)] 7969360K->6823215K(9840128K), [Metaspace: 2536K->2536K(1056768K)], 1.4332964 secs] [Times: user=3.60 sys=0.01, real=1.33 secs] 
2018-12-20T15:26:41.686+0200: 879.163: [Full GC (Ergonomics) [PSYoungGen: 1143296K->0K(2330624K)] [ParOldGen: 6823215K->6820365K(7509504K)] 7966511K->6820365K(9840128K), [Metaspace: 2536K->2536K(1056768K)], 1.4128075 secs] [Times: user=3.95 sys=0.00, real=1.33 secs] 
2018-12-20T15:26:43.128+0200: 880.691: [Full GC (Ergonomics) [PSYoungGen: 1143296K->0K(2330624K)] [ParOldGen: 6820365K->6817490K(7509504K)] 7963661K->6817490K(9840128K), [Metaspace: 2536K->2536K(1056768K)], 1.1689702 secs] [Times: user=4.18 sys=0.00, real=1.10 secs] 
2018-12-20T15:26:44.341+0200: 881.969: [Full GC (Ergonomics) [PSYoungGen: 1143296K->0K(2330624K)] [ParOldGen: 6817490K->6814640K(7509504K)] 7960786K->6814640K(9840128K), [Metaspace: 2536K->2536K(1056768K)], 1.1639719 secs] [Times: user=4.20 sys=0.02, real=1.10 secs] 
2018-12-20T15:26:45.543+0200: 883.235: [Full GC (Ergonomics) [PSYoungGen: 1143296K->0K(2330624K)] [ParOldGen: 6814640K->6811764K(7509504K)] 7957936K->6811764K(9840128K), [Metaspace: 2536K->2536K(1056768K)], 1.1733517 secs] [Times: user=4.12 sys=0.00, real=1.11 secs] 
2018-12-20T15:26:46.776+0200: 884.524: [Full GC (Ergonomics) [PSYoungGen: 1143296K->0K(2330624K)] [ParOldGen: 6811764K->6808915K(7509504K)] 7955060K->6808915K(9840128K), [Metaspace: 2536K->2536K(1056768K)], 1.1830968 secs] [Times: user=4.17 sys=0.00, real=1.11 secs] 
2018-12-20T15:26:48.008+0200: 885.818: [Full GC (Ergonomics) [PSYoungGen: 1143296K->0K(2330624K)] [ParOldGen: 6808915K->6806039K(7509504K)] 7952211K->6806039K(9840128K), [Metaspace: 2536K->2536K(1056768K)], 1.5638027 secs] [Times: user=4.56 sys=0.05, real=1.43 secs] 
2018-12-20T15:26:49.551+0200: 887.494: [Full GC (Ergonomics) [PSYoungGen: 1143296K->0K(2330624K)] [ParOldGen: 6806039K->6803189K(7509504K)] 7949335K->6803189K(9840128K), [Metaspace: 2536K->2536K(1056768K)], 1.8907594 secs] [Times: user=4.63 sys=0.01, real=1.60 secs] 
2018-12-20T15:26:51.281+0200: 889.516: [Full GC (Ergonomics) [PSYoungGen: 1143296K->0K(2330624K)] [ParOldGen: 6803189K->6800314K(7509504K)] 7946485K->6800314K(9840128K), [Metaspace: 2536K->2536K(1056768K)], 2.1307475 secs] [Times: user=4.43 sys=0.05, real=1.74 secs] 
2018-12-20T15:26:53.151+0200: 891.773: [Full GC (Ergonomics) [PSYoungGen: 1143296K->0K(2330624K)] [ParOldGen: 6800314K->6797464K(7509504K)] 7943610K->6797464K(9840128K), [Metaspace: 2536K->2536K(1056768K)], 2.0875121 secs] [Times: user=4.17 sys=0.08, real=1.72 secs] 
2018-12-20T15:26:55.049+0200: 894.032: [Full GC (Ergonomics) [PSYoungGen: 1143296K->0K(2330624K)] [ParOldGen: 6797464K->6794614K(7509504K)] 7940760K->6794614K(9840128K), [Metaspace: 2536K->2536K(1056768K)], 1.5478609 secs] [Times: user=4.48 sys=0.02, real=1.37 secs] 
2018-12-20T15:26:56.526+0200: 895.692: [Full GC (Ergonomics) [PSYoungGen: 1143296K->0K(2330624K)] [ParOldGen: 6794614K->6791739K(7509504K)] 7937910K->6791739K(9840128K), [Metaspace: 2536K->2536K(1056768K)], 1.1665620 secs] [Times: user=4.29 sys=0.00, real=1.10 secs] 
2018-12-20T15:26:57.738+0200: 896.971: [Full GC (Ergonomics) [PSYoungGen: 1143296K->0K(2330624K)] [ParOldGen: 6791739K->6788889K(7509504K)] 7935035K->6788889K(9840128K), [Metaspace: 2536K->2536K(1056768K)], 1.6637331 secs] [Times: user=4.06 sys=0.03, real=1.44 secs] 
2018-12-20T15:26:59.327+0200: 898.793: [Full GC (Ergonomics) [PSYoungGen: 1143296K->0K(2330624K)] [ParOldGen: 6788889K->6786013K(7509504K)] 7932185K->6786013K(9840128K), [Metaspace: 2536K->2536K(1056768K)], 2.0159269 secs] [Times: user=4.26 sys=0.08, real=1.66 secs] 
2018-12-20T15:27:01.134+0200: 900.953: [Full GC (Ergonomics) [PSYoungGen: 1143296K->0K(2330624K)] [ParOldGen: 6786013K->6783164K(7509504K)] 7929309K->6783164K(9840128K), [Metaspace: 2536K->2536K(1056768K)], 2.1373291 secs] [Times: user=4.32 sys=0.06, real=1.77 secs] 
2018-12-20T15:27:03.025+0200: 903.209: [Full GC (Ergonomics) [PSYoungGen: 1143296K->0K(2330624K)] [ParOldGen: 6783164K->6780288K(7509504K)] 7926460K->6780288K(9840128K), [Metaspace: 2536K->2536K(1056768K)], 2.0538505 secs] [Times: user=3.96 sys=0.09, real=1.66 secs] 
2018-12-20T15:27:04.836+0200: 905.421: [Full GC (Ergonomics) [PSYoungGen: 1143296K->0K(2330624K)] [ParOldGen: 6780288K->6777438K(7509504K)] 7923584K->6777438K(9840128K), [Metaspace: 2536K->2536K(1056768K)], 2.1437629 secs] [Times: user=3.84 sys=0.08, real=1.76 secs] 
2018-12-20T15:27:06.752+0200: 907.721: [Full GC (Ergonomics) [PSYoungGen: 1143296K->0K(2330624K)] [ParOldGen: 6777438K->6774588K(7509504K)] 7920734K->6774588K(9840128K), [Metaspace: 2536K->2536K(1056768K)], 1.9057304 secs] [Times: user=4.30 sys=0.08, real=1.63 secs] 
2018-12-20T15:27:08.477+0200: 909.725: [Full GC (Ergonomics) [PSYoungGen: 1143296K->0K(2330624K)] [ParOldGen: 6774588K->6771713K(7509504K)] 7917884K->6771713K(9840128K), [Metaspace: 2536K->2536K(1056768K)], 1.3066473 secs] [Times: user=3.73 sys=0.00, real=1.25 secs] 
2018-12-20T15:27:09.834+0200: 911.143: [Full GC (Ergonomics) [PSYoungGen: 1143296K->0K(2330624K)] [ParOldGen: 6771713K->6768863K(7509504K)] 7915009K->6768863K(9840128K), [Metaspace: 2536K->2536K(1056768K)], 1.2958190 secs] [Times: user=4.01 sys=0.00, real=1.22 secs] 
2018-12-20T15:27:11.158+0200: 912.539: [Full GC (Ergonomics) [PSYoungGen: 1143296K->0K(2330624K)] [ParOldGen: 6768863K->6765988K(7509504K)] 7912159K->6765988K(9840128K), [Metaspace: 2536K->2536K(1056768K)], 1.1467145 secs] [Times: user=3.85 sys=0.02, real=1.09 secs] 
2018-12-20T15:27:12.342+0200: 913.782: [Full GC (Ergonomics) [PSYoungGen: 1143296K->0K(2330624K)] [ParOldGen: 6765988K->6763138K(7509504K)] 7909284K->6763138K(9840128K), [Metaspace: 2536K->2536K(1056768K)], 1.2354885 secs] [Times: user=4.09 sys=0.00, real=1.17 secs] 
2018-12-20T15:27:13.625+0200: 915.121: [Full GC (Ergonomics) [PSYoungGen: 1143296K->0K(2330624K)] [ParOldGen: 6763138K->6760263K(7509504K)] 7906434K->6760263K(9840128K), [Metaspace: 2536K->2536K(1056768K)], 1.1574253 secs] [Times: user=4.13 sys=0.00, real=1.10 secs] 
2018-12-20T15:27:14.830+0200: 916.382: [Full GC (Ergonomics) [PSYoungGen: 1143296K->0K(2330624K)] [ParOldGen: 6760263K->6757413K(7509504K)] 7903559K->6757413K(9840128K), [Metaspace: 2536K->2536K(1056768K)], 1.1367950 secs] [Times: user=4.13 sys=0.00, real=1.08 secs] 
2018-12-20T15:27:16.014+0200: 917.619: [Full GC (Ergonomics) [PSYoungGen: 1143296K->0K(2330624K)] [ParOldGen: 6757413K->6754538K(7509504K)] 7900709K->6754538K(9840128K), [Metaspace: 2536K->2536K(1056768K)], 1.1581414 secs] [Times: user=4.20 sys=0.00, real=1.10 secs] 
2018-12-20T15:27:17.218+0200: 918.882: [Full GC (Ergonomics) [PSYoungGen: 1143296K->0K(2330624K)] [ParOldGen: 6754538K->6751688K(7509504K)] 7897834K->6751688K(9840128K), [Metaspace: 2536K->2536K(1056768K)], 1.1396272 secs] [Times: user=4.04 sys=0.02, real=1.10 secs] 
2018-12-20T15:27:18.413+0200: 920.123: [Full GC (Ergonomics) [PSYoungGen: 1143296K->0K(2330624K)] [ParOldGen: 6751688K->6748838K(7509504K)] 7894984K->6748838K(9840128K), [Metaspace: 2536K->2536K(1056768K)], 1.1343014 secs] [Times: user=4.24 sys=0.00, real=1.07 secs] 
2018-12-20T15:27:19.596+0200: 921.367: [Full GC (Ergonomics) [PSYoungGen: 1143296K->0K(2330624K)] [ParOldGen: 6748838K->6745962K(7509504K)] 7892134K->6745962K(9840128K), [Metaspace: 2536K->2536K(1056768K)], 1.1780906 secs] [Times: user=4.23 sys=0.00, real=1.12 secs] 
2018-12-20T15:27:20.818+0200: 922.647: [Full GC (Ergonomics) [PSYoungGen: 1143296K->0K(2330624K)] [ParOldGen: 6745962K->6743113K(7509504K)] 7889258K->6743113K(9840128K), [Metaspace: 2536K->2536K(1056768K)], 1.1677708 secs] [Times: user=4.24 sys=0.02, real=1.12 secs] 
2018-12-20T15:27:22.040+0200: 923.917: [Full GC (Ergonomics) [PSYoungGen: 1143296K->0K(2330624K)] [ParOldGen: 6743113K->6740237K(7509504K)] 7886409K->6740237K(9840128K), [Metaspace: 2536K->2536K(1056768K)], 1.1423353 secs] [Times: user=4.24 sys=0.00, real=1.08 secs] 
2018-12-20T15:27:23.233+0200: 925.167: [Full GC (Ergonomics) [PSYoungGen: 1143296K->0K(2330624K)] [ParOldGen: 6740237K->6737387K(7509504K)] 7883533K->6737387K(9840128K), [Metaspace: 2536K->2536K(1056768K)], 1.1716564 secs] [Times: user=4.02 sys=0.01, real=1.11 secs] 
2018-12-20T15:27:24.445+0200: 926.439: [Full GC (Ergonomics) [PSYoungGen: 1143296K->0K(2330624K)] [ParOldGen: 6737387K->6734512K(7509504K)] 7880683K->6734512K(9840128K), [Metaspace: 2536K->2536K(1056768K)], 1.1505651 secs] [Times: user=3.81 sys=0.02, real=1.09 secs] 
2018-12-20T15:27:25.648+0200: 927.693: [Full GC (Ergonomics) [PSYoungGen: 1143296K->0K(2330624K)] [ParOldGen: 6734512K->6731663K(7509504K)] 7877808K->6731663K(9840128K), [Metaspace: 2536K->2536K(1056768K)], 1.5642431 secs] [Times: user=4.13 sys=0.02, real=1.36 secs] 
2018-12-20T15:27:27.106+0200: 929.356: [Full GC (Ergonomics) [PSYoungGen: 1143296K->0K(2330624K)] [ParOldGen: 6731663K->6728787K(7509504K)] 7874959K->6728787K(9840128K), [Metaspace: 2536K->2536K(1056768K)], 1.2138808 secs] [Times: user=4.24 sys=0.00, real=1.15 secs] 
2018-12-20T15:27:28.361+0200: 930.673: [Full GC (Ergonomics) [PSYoungGen: 1143296K->0K(2330624K)] [ParOldGen: 6728787K->6725937K(7509504K)] 7872083K->6725937K(9840128K), [Metaspace: 2536K->2536K(1056768K)], 1.1413538 secs] [Times: user=4.12 sys=0.01, real=1.10 secs] 
2018-12-20T15:27:29.557+0200: 931.916: [Full GC (Ergonomics) [PSYoungGen: 1143296K->0K(2330624K)] [ParOldGen: 6725937K->6723087K(7509504K)] 7869233K->6723087K(9840128K), [Metaspace: 2536K->2536K(1056768K)], 1.1829983 secs] [Times: user=4.21 sys=0.00, real=1.12 secs] 
2018-12-20T15:27:30.781+0200: 933.200: [Full GC (Ergonomics) [PSYoungGen: 1143296K->0K(2330624K)] [ParOldGen: 6723087K->6720212K(7509504K)] 7866383K->6720212K(9840128K), [Metaspace: 2536K->2536K(1056768K)], 1.1473126 secs] [Times: user=4.21 sys=0.00, real=1.09 secs] 
2018-12-20T15:27:31.977+0200: 934.450: [Full GC (Ergonomics) [PSYoungGen: 1143296K->0K(2330624K)] [ParOldGen: 6720212K->6717362K(7509504K)] 7863508K->6717362K(9840128K), [Metaspace: 2536K->2536K(1056768K)], 1.1425480 secs] [Times: user=4.07 sys=0.00, real=1.09 secs] 
2018-12-20T15:27:33.169+0200: 935.693: [Full GC (Ergonomics) [PSYoungGen: 1143296K->0K(2330624K)] [ParOldGen: 6717362K->6714487K(7509504K)] 7860658K->6714487K(9840128K), [Metaspace: 2536K->2536K(1056768K)], 1.2506723 secs] [Times: user=4.21 sys=0.00, real=1.16 secs] 
2018-12-20T15:27:34.473+0200: 937.082: [Full GC (Ergonomics) [PSYoungGen: 1143296K->0K(2330624K)] [ParOldGen: 6714487K->6711637K(7509504K)] 7857783K->6711637K(9840128K), [Metaspace: 2536K->2536K(1056768K)], 1.8997310 secs] [Times: user=4.59 sys=0.06, real=1.58 secs] 
2018-12-20T15:27:36.149+0200: 939.083: [Full GC (Ergonomics) [PSYoungGen: 1143296K->0K(2330624K)] [ParOldGen: 6711637K->6708761K(7509504K)] 7854933K->6708761K(9840128K), [Metaspace: 2536K->2536K(1056768K)], 1.3250337 secs] [Times: user=4.46 sys=0.00, real=1.21 secs] 
2018-12-20T15:27:37.504+0200: 940.554: [Full GC (Ergonomics) [PSYoungGen: 1143296K->0K(2330624K)] [ParOldGen: 6708761K->6705912K(7509504K)] 7852057K->6705912K(9840128K), [Metaspace: 2536K->2536K(1056768K)], 1.6784965 secs] [Times: user=4.77 sys=0.03, real=1.49 secs] 
2018-12-20T15:27:39.093+0200: 942.331: [Full GC (Ergonomics) [PSYoungGen: 1143296K->0K(2330624K)] [ParOldGen: 6705912K->6703062K(7509504K)] 7849208K->6703062K(9840128K), [Metaspace: 2536K->2536K(1056768K)], 1.1989803 secs] [Times: user=4.34 sys=0.00, real=1.14 secs] 
2018-12-20T15:27:40.327+0200: 943.628: [Full GC (Ergonomics) [PSYoungGen: 1143296K->0K(2330624K)] [ParOldGen: 6703062K->6700186K(7509504K)] 7846358K->6700186K(9840128K), [Metaspace: 2536K->2536K(1056768K)], 1.2493683 secs] [Times: user=4.34 sys=0.00, real=1.19 secs] 
2018-12-20T15:27:41.695+0200: 945.085: [Full GC (Ergonomics) [PSYoungGen: 1143296K->0K(2330624K)] [ParOldGen: 6700186K->6697337K(7509504K)] 7843482K->6697337K(9840128K), [Metaspace: 2536K->2536K(1056768K)], 1.4091262 secs] [Times: user=4.41 sys=0.00, real=1.27 secs] 
2018-12-20T15:27:43.068+0200: 946.593: [Full GC (Ergonomics) [PSYoungGen: 1143296K->0K(2330624K)] [ParOldGen: 6697337K->6694462K(7509504K)] 7840633K->6694462K(9840128K), [Metaspace: 2536K->2536K(1056768K)], 1.4996287 secs] [Times: user=4.52 sys=0.00, real=1.40 secs] 
2018-12-20T15:27:44.554+0200: 948.190: [Full GC (Ergonomics) [PSYoungGen: 1143296K->0K(2330624K)] [ParOldGen: 6694462K->6691612K(7509504K)] 7837758K->6691612K(9840128K), [Metaspace: 2536K->2536K(1056768K)], 1.3429568 secs] [Times: user=4.15 sys=0.00, real=1.26 secs] 
2018-12-20T15:27:45.939+0200: 949.650: [Full GC (Ergonomics) [PSYoungGen: 1143296K->0K(2330624K)] [ParOldGen: 6691612K->6688737K(7509504K)] 7834908K->6688737K(9840128K), [Metaspace: 2536K->2536K(1056768K)], 1.4231996 secs] [Times: user=4.46 sys=0.01, real=1.32 secs] 
2018-12-20T15:27:47.361+0200: 951.175: [Full GC (Ergonomics) [PSYoungGen: 1143296K->0K(2330624K)] [ParOldGen: 6688737K->6685887K(7509504K)] 7832033K->6685887K(9840128K), [Metaspace: 2536K->2536K(1056768K)], 1.5265238 secs] [Times: user=4.26 sys=0.02, real=1.44 secs] 
2018-12-20T15:27:48.905+0200: 952.802: [Full GC (Ergonomics) [PSYoungGen: 1143296K->0K(2330624K)] [ParOldGen: 6685887K->6683012K(7509504K)] 7829183K->6683012K(9840128K), [Metaspace: 2536K->2536K(1056768K)], 1.4314640 secs] [Times: user=4.24 sys=0.00, real=1.34 secs] 
2018-12-20T15:27:50.349+0200: 954.337: [Full GC (Ergonomics) [PSYoungGen: 1143296K->0K(2330624K)] [ParOldGen: 6683012K->6680162K(7509504K)] 7826308K->6680162K(9840128K), [Metaspace: 2536K->2536K(1056768K)], 2.0731056 secs] [Times: user=4.18 sys=0.03, real=1.81 secs] 
2018-12-20T15:27:52.298+0200: 956.575: [Full GC (Ergonomics) [PSYoungGen: 1143296K->0K(2330624K)] [ParOldGen: 6680162K->6677312K(7509504K)] 7823458K->6677312K(9840128K), [Metaspace: 2536K->2536K(1056768K)], 2.2185054 secs] [Times: user=3.56 sys=0.06, real=1.82 secs] 
2018-12-20T15:27:54.280+0200: 958.950: [Full GC (Ergonomics) [PSYoungGen: 1143296K->0K(2330624K)] [ParOldGen: 6677312K->6674437K(7509504K)] 7820608K->6674437K(9840128K), [Metaspace: 2536K->2536K(1056768K)], 1.9388555 secs] [Times: user=3.37 sys=0.05, real=1.66 secs] 
2018-12-20T15:27:56.100+0200: 961.069: [Full GC (Ergonomics) [PSYoungGen: 1143296K->0K(2330624K)] [ParOldGen: 6674437K->6671587K(7509504K)] 7817733K->6671587K(9840128K), [Metaspace: 2536K->2536K(1056768K)], 2.9867281 secs] [Times: user=3.40 sys=0.05, real=2.45 secs] 
2018-12-20T15:27:58.672+0200: 964.181: [Full GC (Ergonomics) [PSYoungGen: 1143296K->0K(2330624K)] [ParOldGen: 6671587K->6668711K(7509504K)] 7814883K->6668711K(9840128K), [Metaspace: 2536K->2536K(1056768K)], 1.5703811 secs] [Times: user=3.85 sys=0.05, real=1.41 secs] 
2018-12-20T15:28:00.198+0200: 965.868: [Full GC (Ergonomics) [PSYoungGen: 1143296K->0K(2330624K)] [ParOldGen: 6668711K->6665861K(7509504K)] 7812007K->6665861K(9840128K), [Metaspace: 2536K->2536K(1056768K)], 1.8643350 secs] [Times: user=3.54 sys=0.02, real=1.59 secs] 
2018-12-20T15:28:01.915+0200: 967.861: [Full GC (Ergonomics) [PSYoungGen: 1143296K->0K(2330624K)] [ParOldGen: 6665861K->6662985K(7509504K)] 7809157K->6662985K(9840128K), [Metaspace: 2536K->2536K(1056768K)], 1.5675661 secs] [Times: user=4.65 sys=0.00, real=1.46 secs] 
2018-12-20T15:28:03.487+0200: 969.532: [Full GC (Ergonomics) [PSYoungGen: 1143296K->0K(2330624K)] [ParOldGen: 6662985K->6660135K(7509504K)] 7806281K->6660135K(9840128K), [Metaspace: 2536K->2536K(1056768K)], 1.6081550 secs] [Times: user=4.13 sys=0.01, real=1.39 secs] 
2018-12-20T15:28:05.048+0200: 971.308: [Full GC (Ergonomics) [PSYoungGen: 1143296K->0K(2330624K)] [ParOldGen: 6660135K->6657286K(7509504K)] 7803431K->6657286K(9840128K), [Metaspace: 2536K->2536K(1056768K)], 1.3763114 secs] [Times: user=4.24 sys=0.00, real=1.26 secs] 
2018-12-20T15:28:06.410+0200: 972.792: [Full GC (Ergonomics) [PSYoungGen: 1143296K->0K(2330624K)] [ParOldGen: 6657286K->6654410K(7509504K)] 7800582K->6654410K(9840128K), [Metaspace: 2536K->2536K(1056768K)], 1.3577006 secs] [Times: user=4.54 sys=0.00, real=1.23 secs] 
2018-12-20T15:28:07.742+0200: 974.255: [Full GC (Ergonomics) [PSYoungGen: 1143296K->0K(2330624K)] [ParOldGen: 6654410K->6651560K(7509504K)] 7797706K->6651560K(9840128K), [Metaspace: 2536K->2536K(1056768K)], 1.8922597 secs] [Times: user=4.98 sys=0.02, real=1.63 secs] 
2018-12-20T15:28:09.468+0200: 976.252: [Full GC (Ergonomics) [PSYoungGen: 1143296K->0K(2330624K)] [ParOldGen: 6651560K->6648685K(7509504K)] 7794856K->6648685K(9840128K), [Metaspace: 2536K->2536K(1056768K)], 1.3958011 secs] [Times: user=4.41 sys=0.01, real=1.25 secs] 
2018-12-20T15:28:10.831+0200: 977.755: [Full GC (Ergonomics) [PSYoungGen: 1143296K->0K(2330624K)] [ParOldGen: 6648685K->6645835K(7509504K)] 7791981K->6645835K(9840128K), [Metaspace: 2536K->2536K(1056768K)], 1.4743285 secs] [Times: user=4.56 sys=0.02, real=1.34 secs] 
2018-12-20T15:28:12.268+0200: 979.333: [Full GC (Ergonomics) [PSYoungGen: 1143296K->0K(2330624K)] [ParOldGen: 6645835K->6642960K(7509504K)] 7789131K->6642960K(9840128K), [Metaspace: 2536K->2536K(1056768K)], 1.4286098 secs] [Times: user=4.49 sys=0.03, real=1.28 secs] 
2018-12-20T15:28:13.655+0200: 980.878: [Full GC (Ergonomics) [PSYoungGen: 1143296K->0K(2330624K)] [ParOldGen: 6642960K->6640110K(7509504K)] 7786256K->6640110K(9840128K), [Metaspace: 2536K->2536K(1056768K)], 1.4581791 secs] [Times: user=4.23 sys=0.06, real=1.29 secs] 
2018-12-20T15:28:15.061+0200: 982.459: [Full GC (Ergonomics) [PSYoungGen: 1143296K->0K(2330624K)] [ParOldGen: 6640110K->6637235K(7509504K)] 7783406K->6637235K(9840128K), [Metaspace: 2536K->2536K(1056768K)], 1.3389084 secs] [Times: user=4.43 sys=0.05, real=1.22 secs] 
2018-12-20T15:28:16.415+0200: 983.932: [Full GC (Ergonomics) [PSYoungGen: 1143296K->0K(2330624K)] [ParOldGen: 6637235K->6634385K(7509504K)] 7780531K->6634385K(9840128K), [Metaspace: 2536K->2536K(1056768K)], 1.4452995 secs] [Times: user=4.54 sys=0.08, real=1.29 secs] 
2018-12-20T15:28:17.800+0200: 985.477: [Full GC (Ergonomics) [PSYoungGen: 1143296K->0K(2330624K)] [ParOldGen: 6634385K->6631535K(7509504K)] 7777681K->6631535K(9840128K), [Metaspace: 2536K->2536K(1056768K)], 1.3987280 secs] [Times: user=4.42 sys=0.00, real=1.26 secs] 
2018-12-20T15:28:19.204+0200: 987.017: [Full GC (Ergonomics) [PSYoungGen: 1143296K->0K(2330624K)] [ParOldGen: 6631535K->6628660K(7509504K)] 7774831K->6628660K(9840128K), [Metaspace: 2536K->2536K(1056768K)], 1.5759163 secs] [Times: user=4.26 sys=0.02, real=1.39 secs] 
2018-12-20T15:28:20.730+0200: 988.736: [Full GC (Ergonomics) [PSYoungGen: 1143296K->0K(2330624K)] [ParOldGen: 6628660K->6625810K(7509504K)] 7771956K->6625810K(9840128K), [Metaspace: 2536K->2536K(1056768K)], 2.0648561 secs] [Times: user=4.13 sys=0.03, real=1.83 secs] 
2018-12-20T15:28:22.715+0200: 990.962: [Full GC (Ergonomics) [PSYoungGen: 1143296K->0K(2330624K)] [ParOldGen: 6625810K->6622935K(7509504K)] 7769106K->6622935K(9840128K), [Metaspace: 2536K->2536K(1056768K)], 1.6885023 secs] [Times: user=4.76 sys=0.05, real=1.45 secs] 
2018-12-20T15:28:24.302+0200: 992.787: [Full GC (Ergonomics) [PSYoungGen: 1143296K->0K(2330624K)] [ParOldGen: 6622935K->6620085K(7509504K)] 7766231K->6620085K(9840128K), [Metaspace: 2536K->2536K(1056768K)], 1.2744138 secs] [Times: user=4.32 sys=0.00, real=1.18 secs] 
2018-12-20T15:28:25.587+0200: 994.161: [Full GC (Ergonomics) [PSYoungGen: 1143296K->0K(2330624K)] [ParOldGen: 6620085K->6617209K(7509504K)] 7763381K->6617209K(9840128K), [Metaspace: 2536K->2536K(1056768K)], 1.1728885 secs] [Times: user=4.26 sys=0.00, real=1.10 secs] 
2018-12-20T15:28:26.800+0200: 995.441: [Full GC (Ergonomics) [PSYoungGen: 1143296K->0K(2330624K)] [ParOldGen: 6617209K->6614360K(7509504K)] 7760505K->6614360K(9840128K), [Metaspace: 2536K->2536K(1056768K)], 2.0790401 secs] [Times: user=5.57 sys=0.03, real=1.77 secs] 
2018-12-20T15:28:28.675+0200: 997.623: [Full GC (Ergonomics) [PSYoungGen: 1143296K->0K(2330624K)] [ParOldGen: 6614360K->6611510K(7509504K)] 7757656K->6611510K(9840128K), [Metaspace: 2536K->2536K(1056768K)], 1.3646965 secs] [Times: user=4.10 sys=0.03, real=1.21 secs] 
2018-12-20T15:28:30.040+0200: 999.146: [Full GC (Ergonomics) [PSYoungGen: 1143296K->0K(2330624K)] [ParOldGen: 6611510K->6608634K(7509504K)] 7754806K->6608634K(9840128K), [Metaspace: 2536K->2536K(1056768K)], 1.2240924 secs] [Times: user=4.12 sys=0.03, real=1.15 secs] 
2018-12-20T15:28:31.293+0200: 1000.475: [Full GC (Ergonomics) [PSYoungGen: 1143296K->0K(2330624K)] [ParOldGen: 6608634K->6605784K(7509504K)] 7751930K->6605784K(9840128K), [Metaspace: 2536K->2536K(1056768K)], 1.3797226 secs] [Times: user=4.46 sys=0.01, real=1.26 secs] 
2018-12-20T15:28:32.650+0200: 1001.956: [Full GC (Ergonomics) [PSYoungGen: 1143296K->0K(2330624K)] [ParOldGen: 6605784K->6602909K(7509504K)] 7749080K->6602909K(9840128K), [Metaspace: 2536K->2536K(1056768K)], 1.6135619 secs] [Times: user=4.51 sys=0.03, real=1.39 secs] 
2018-12-20T15:28:34.156+0200: 1003.683: [Full GC (Ergonomics) [PSYoungGen: 1143296K->0K(2330624K)] [ParOldGen: 6602909K->6600059K(7509504K)] 7746205K->6600059K(9840128K), [Metaspace: 2536K->2536K(1056768K)], 1.6633514 secs] [Times: user=4.35 sys=0.00, real=1.40 secs] 
2018-12-20T15:28:35.664+0200: 1005.454: [Full GC (Ergonomics) [PSYoungGen: 1143296K->0K(2330624K)] [ParOldGen: 6600059K->6597184K(7509504K)] 7743355K->6597184K(9840128K), [Metaspace: 2536K->2536K(1056768K)], 1.5603216 secs] [Times: user=4.57 sys=0.00, real=1.35 secs] 
2018-12-20T15:28:37.128+0200: 1007.122: [Full GC (Ergonomics) [PSYoungGen: 1143296K->0K(2330624K)] [ParOldGen: 6597184K->6594334K(7509504K)] 7740480K->6594334K(9840128K), [Metaspace: 2536K->2536K(1056768K)], 1.3498207 secs] [Times: user=4.18 sys=0.00, real=1.25 secs] 
2018-12-20T15:28:38.523+0200: 1008.616: [Full GC (Ergonomics) [PSYoungGen: 1143296K->0K(2330624K)] [ParOldGen: 6594334K->6591459K(7509504K)] 7737630K->6591459K(9840128K), [Metaspace: 2536K->2536K(1056768K)], 1.2863170 secs] [Times: user=3.88 sys=0.02, real=1.20 secs] 
2018-12-20T15:28:39.845+0200: 1010.017: [Full GC (Ergonomics) [PSYoungGen: 1143296K->0K(2330624K)] [ParOldGen: 6591459K->6588609K(7509504K)] 7734755K->6588609K(9840128K), [Metaspace: 2536K->2536K(1056768K)], 1.1729603 secs] [Times: user=4.01 sys=0.00, real=1.12 secs] 
2018-12-20T15:28:41.067+0200: 1011.293: [Full GC (Ergonomics) [PSYoungGen: 1143296K->0K(2330624K)] [ParOldGen: 6588609K->6585759K(7509504K)] 7731905K->6585759K(9840128K), [Metaspace: 2536K->2536K(1056768K)], 1.1459387 secs] [Times: user=4.17 sys=0.00, real=1.08 secs] 
2018-12-20T15:28:42.260+0200: 1012.548: [Full GC (Ergonomics) [PSYoungGen: 1143296K->0K(2330624K)] [ParOldGen: 6585759K->6582883K(7509504K)] 7729055K->6582883K(9840128K), [Metaspace: 2536K->2536K(1056768K)], 1.2942039 secs] [Times: user=4.20 sys=0.00, real=1.23 secs] 
2018-12-20T15:28:43.592+0200: 1013.949: [Full GC (Ergonomics) [PSYoungGen: 1143296K->0K(2330624K)] [ParOldGen: 6582883K->6580034K(7509504K)] 7726179K->6580034K(9840128K), [Metaspace: 2536K->2536K(1056768K)], 1.1372227 secs] [Times: user=4.17 sys=0.00, real=1.09 secs] 
2018-12-20T15:28:44.794+0200: 1015.192: [Full GC (Ergonomics) [PSYoungGen: 1143296K->0K(2330624K)] [ParOldGen: 6580034K->6577158K(7509504K)] 7723330K->6577158K(9840128K), [Metaspace: 2536K->2536K(1056768K)], 1.1487369 secs] [Times: user=4.24 sys=0.00, real=1.08 secs] 
2018-12-20T15:28:45.986+0200: 1016.447: [Full GC (Ergonomics) [PSYoungGen: 1143296K->0K(2330624K)] [ParOldGen: 6577158K->6574308K(7509504K)] 7720454K->6574308K(9840128K), [Metaspace: 2536K->2536K(1056768K)], 1.1427314 secs] [Times: user=3.99 sys=0.00, real=1.08 secs] 
2018-12-20T15:28:47.179+0200: 1017.701: [Full GC (Ergonomics) [PSYoungGen: 1143296K->0K(2330624K)] [ParOldGen: 6574308K->6571433K(7509504K)] 7717604K->6571433K(9840128K), [Metaspace: 2536K->2536K(1056768K)], 1.2477691 secs] [Times: user=4.17 sys=0.00, real=1.17 secs] 
2018-12-20T15:28:48.502+0200: 1019.103: [Full GC (Ergonomics) [PSYoungGen: 1143296K->0K(2330624K)] [ParOldGen: 6571433K->6568583K(7509504K)] 7714729K->6568583K(9840128K), [Metaspace: 2536K->2536K(1056768K)], 1.6221724 secs] [Times: user=4.02 sys=0.00, real=1.41 secs] 
2018-12-20T15:28:50.059+0200: 1020.884: [Full GC (Ergonomics) [PSYoungGen: 1143296K->0K(2330624K)] [ParOldGen: 6568583K->6565733K(7509504K)] 7711879K->6565733K(9840128K), [Metaspace: 2536K->2536K(1056768K)], 2.2677230 secs] [Times: user=4.15 sys=0.08, real=1.87 secs] 
2018-12-20T15:28:52.080+0200: 1023.305: [Full GC (Ergonomics) [PSYoungGen: 1143296K->0K(2330624K)] [ParOldGen: 6565733K->6562858K(7509504K)] 7709029K->6562858K(9840128K), [Metaspace: 2536K->2536K(1056768K)], 1.5139689 secs] [Times: user=4.40 sys=0.06, real=1.35 secs] 
2018-12-20T15:28:53.544+0200: 1024.930: [Full GC (Ergonomics) [PSYoungGen: 1143296K->0K(2330624K)] [ParOldGen: 6562858K->6560008K(7509504K)] 7706154K->6560008K(9840128K), [Metaspace: 2536K->2536K(1056768K)], 1.3006306 secs] [Times: user=4.32 sys=0.00, real=1.21 secs] 
2018-12-20T15:28:54.858+0200: 1026.340: [Full GC (Ergonomics) [PSYoungGen: 1143296K->0K(2330624K)] [ParOldGen: 6560008K->6557133K(7509504K)] 7703304K->6557133K(9840128K), [Metaspace: 2536K->2536K(1056768K)], 1.2914608 secs] [Times: user=4.29 sys=0.00, real=1.23 secs] 
2018-12-20T15:28:56.206+0200: 1027.755: [Full GC (Ergonomics) [PSYoungGen: 1143296K->0K(2330624K)] [ParOldGen: 6557133K->6554283K(7509504K)] 7700429K->6554283K(9840128K), [Metaspace: 2536K->2536K(1056768K)], 1.4926398 secs] [Times: user=4.37 sys=0.00, real=1.37 secs] 
2018-12-20T15:28:57.711+0200: 1029.390: [GC (Allocation Failure) [PSYoungGen: 1143296K->0K(2394624K)] 7697579K->6554283K(9904128K), 0.0426891 secs] [Times: user=0.09 sys=0.00, real=0.04 secs] 
2018-12-20T15:28:57.883+0200: 1029.569: [GC (Allocation Failure) [PSYoungGen: 1143296K->0K(2503168K)] 7697579K->6554283K(10012672K), 0.0442883 secs] [Times: user=0.16 sys=0.00, real=0.05 secs] 
2018-12-20T15:28:58.086+0200: 1029.774: [GC (Allocation Failure) [PSYoungGen: 1251840K->0K(2503168K)] 7806123K->6554283K(10012672K), 0.0476319 secs] [Times: user=0.16 sys=0.02, real=0.05 secs] 
2018-12-20T15:28:58.269+0200: 1029.963: [GC (Allocation Failure) [PSYoungGen: 1251840K->0K(2503168K)] 7806123K->6554283K(10012672K), 0.0309665 secs] [Times: user=0.11 sys=0.00, real=0.03 secs] 
2018-12-20T15:28:58.431+0200: 1030.125: [GC (Allocation Failure) [PSYoungGen: 1251840K->0K(1252352K)] 7806123K->6554283K(8761856K), 0.0425552 secs] [Times: user=0.03 sys=0.02, real=0.04 secs] 
2018-12-20T15:28:58.615+0200: 1030.324: [GC (Allocation Failure) [PSYoungGen: 1251840K->0K(2528256K)] 7806123K->6554283K(10037760K), 0.0375682 secs] [Times: user=0.16 sys=0.00, real=0.04 secs] 
2018-12-20T15:28:58.827+0200: 1030.544: [GC (Allocation Failure) [PSYoungGen: 1288704K->0K(1289216K)] 7842987K->6554283K(8798720K), 0.0836349 secs] [Times: user=0.09 sys=0.00, real=0.08 secs] 
2018-12-20T15:28:59.071+0200: 1030.816: [GC (Allocation Failure) [PSYoungGen: 1288704K->0K(2498048K)] 7842987K->6554283K(10007552K), 0.0411006 secs] [Times: user=0.09 sys=0.00, real=0.05 secs] 
2018-12-20T15:28:59.264+0200: 1031.015: [GC (Allocation Failure) [PSYoungGen: 1358336K->0K(2472960K)] 7912619K->6554283K(9982464K), 0.0331404 secs] [Times: user=0.09 sys=0.00, real=0.04 secs] 
2018-12-20T15:28:59.467+0200: 1031.220: [GC (Allocation Failure) [PSYoungGen: 1358336K->0K(2403840K)] 7912619K->6554283K(9913344K), 0.0336308 secs] [Times: user=0.09 sys=0.03, real=0.04 secs] 
2018-12-20T15:28:59.679+0200: 1031.432: [GC (Allocation Failure) [PSYoungGen: 1443328K->0K(2460160K)] 7997611K->6554283K(9969664K), 0.0324663 secs] [Times: user=0.02 sys=0.00, real=0.03 secs] 
2018-12-20T15:28:59.912+0200: 1031.670: [GC (Allocation Failure) [PSYoungGen: 1443328K->0K(2384896K)] 7997611K->6554283K(9894400K), 0.0441153 secs] [Times: user=0.09 sys=0.02, real=0.04 secs] 
2018-12-20T15:29:00.204+0200: 1031.963: [GC (Allocation Failure) [PSYoungGen: 1523712K->0K(2439680K)] 8077995K->6554283K(9949184K), 0.0426303 secs] [Times: user=0.08 sys=0.02, real=0.04 secs] 
2018-12-20T15:29:00.446+0200: 1032.212: [GC (Allocation Failure) [PSYoungGen: 1523712K->0K(2379264K)] 8077995K->6554283K(9888768K), 0.0691696 secs] [Times: user=0.14 sys=0.01, real=0.06 secs] 
2018-12-20T15:29:00.782+0200: 1032.573: [GC (Allocation Failure) [PSYoungGen: 1607680K->0K(2424320K)] 8161963K->6554283K(9933824K), 0.0364578 secs] [Times: user=0.08 sys=0.02, real=0.04 secs] 
2018-12-20T15:29:01.037+0200: 1032.836: [GC (Allocation Failure) [PSYoungGen: 1607680K->0K(2340352K)] 8161963K->6554283K(9849856K), 0.0613960 secs] [Times: user=0.11 sys=0.00, real=0.06 secs] 
2018-12-20T15:29:01.280+0200: 1033.090: [GC (Allocation Failure) [PSYoungGen: 1675264K->0K(2397696K)] 8229547K->6554283K(9907200K), 0.0363519 secs] [Times: user=0.14 sys=0.00, real=0.04 secs] 
2018-12-20T15:29:01.522+0200: 1033.336: [GC (Allocation Failure) [PSYoungGen: 1675264K->0K(2327040K)] 8229547K->6554283K(9836544K), 0.0425548 secs] [Times: user=0.09 sys=0.02, real=0.05 secs] 
2018-12-20T15:29:01.784+0200: 1033.595: [GC (Allocation Failure) [PSYoungGen: 1739776K->0K(2373632K)] 8294059K->6554283K(9883136K), 0.0264982 secs] [Times: user=0.06 sys=0.00, real=0.02 secs] 
2018-12-20T15:29:01.997+0200: 1033.816: [GC (Allocation Failure) [PSYoungGen: 1739776K->0K(2305536K)] 8294059K->6554283K(9815040K), 0.0309758 secs] [Times: user=0.06 sys=0.01, real=0.03 secs] 
2018-12-20T15:29:02.227+0200: 1034.048: [GC (Allocation Failure) [PSYoungGen: 1796096K->0K(2349568K)] 8350379K->6554283K(9859072K), 0.0296654 secs] [Times: user=0.11 sys=0.00, real=0.03 secs] 
2018-12-20T15:29:02.419+0200: 1034.243: [GC (Allocation Failure) [PSYoungGen: 1796096K->0K(2305536K)] 8350379K->6554283K(9815040K), 0.0412378 secs] [Times: user=0.14 sys=0.00, real=0.05 secs] 
2018-12-20T15:29:02.681+0200: 1034.503: [GC (Allocation Failure) [PSYoungGen: 1856512K->0K(2336768K)] 8410795K->6554283K(9846272K), 0.0399171 secs] [Times: user=0.13 sys=0.00, real=0.04 secs] 
2018-12-20T15:29:02.903+0200: 1034.722: [GC (Allocation Failure) [PSYoungGen: 1856512K->0K(2290176K)] 8410795K->6554283K(9799680K), 0.0393722 secs] [Times: user=0.09 sys=0.02, real=0.04 secs] 
2018-12-20T15:29:03.187+0200: 1035.016: [GC (Allocation Failure) [PSYoungGen: 1913344K->0K(2328576K)] 8467627K->6554283K(9838080K), 0.0436917 secs] [Times: user=0.08 sys=0.00, real=0.05 secs] 
2018-12-20T15:29:03.471+0200: 1035.302: [GC (Allocation Failure) [PSYoungGen: 1913344K->0K(2307584K)] 8467627K->6554283K(9817088K), 0.0562148 secs] [Times: user=0.05 sys=0.00, real=0.06 secs] 
2018-12-20T15:29:03.816+0200: 1035.660: [GC (Allocation Failure) [PSYoungGen: 1975296K->0K(2332672K)] 8529579K->6554283K(9842176K), 0.0334843 secs] [Times: user=0.11 sys=0.00, real=0.03 secs] 
2018-12-20T15:29:04.109+0200: 1035.959: [GC (Allocation Failure) [PSYoungGen: 1975296K->0K(2314752K)] 8529579K->6554283K(9824256K), 0.0465883 secs] [Times: user=0.06 sys=0.00, real=0.04 secs] 
2018-12-20T15:29:04.473+0200: 1036.334: [GC (Allocation Failure) [PSYoungGen: 2033152K->0K(2339840K)] 8587435K->6554283K(9849344K), 0.0495343 secs] [Times: user=0.11 sys=0.00, real=0.05 secs] 
2018-12-20T15:29:04.767+0200: 1036.636: [GC (Allocation Failure) [PSYoungGen: 2033152K->0K(2324480K)] 8587435K->6554283K(9833984K), 0.0383388 secs] [Times: user=0.06 sys=0.00, real=0.04 secs] 
2018-12-20T15:29:05.087+0200: 1036.954: [GC (Allocation Failure) [PSYoungGen: 2087936K->0K(2350080K)] 8642219K->6554283K(9859584K), 0.0488849 secs] [Times: user=0.05 sys=0.00, real=0.05 secs] 
2018-12-20T15:29:05.419+0200: 1037.299: [GC (Allocation Failure) [PSYoungGen: 2087936K->0K(2343424K)] 8642219K->6554283K(9852928K), 0.0404466 secs] [Times: user=0.09 sys=0.00, real=0.04 secs] 
2018-12-20T15:29:05.753+0200: 1037.645: [GC (Allocation Failure) [PSYoungGen: 2142208K->0K(2365952K)] 8696491K->6554283K(9875456K), 0.0407442 secs] [Times: user=0.08 sys=0.00, real=0.04 secs] 
2018-12-20T15:29:06.076+0200: 1037.974: [GC (Allocation Failure) [PSYoungGen: 2142208K->0K(2370560K)] 8696491K->6554283K(9880064K), 0.0394841 secs] [Times: user=0.09 sys=0.00, real=0.04 secs] 
2018-12-20T15:29:06.422+0200: 1038.330: [GC (Allocation Failure) [PSYoungGen: 2196480K->0K(2386944K)] 8750763K->6554283K(9896448K), 0.0497638 secs] [Times: user=0.11 sys=0.00, real=0.04 secs] 
2018-12-20T15:29:06.725+0200: 1038.657: [GC (Allocation Failure) [PSYoungGen: 2196480K->0K(2395648K)] 8750763K->6554283K(9905152K), 0.0303507 secs] [Times: user=0.11 sys=0.00, real=0.03 secs] 
2018-12-20T15:29:07.027+0200: 1038.964: [GC (Allocation Failure) [PSYoungGen: 2250752K->0K(2412544K)] 8805035K->6554283K(9922048K), 0.0460984 secs] [Times: user=0.06 sys=0.00, real=0.05 secs] 
2018-12-20T15:29:07.311+0200: 1039.244: [GC (Allocation Failure) [PSYoungGen: 2250752K->0K(2422784K)] 8805035K->6554283K(9932288K), 0.0194869 secs] [Times: user=0.06 sys=0.00, real=0.02 secs] 
2018-12-20T15:29:07.643+0200: 1039.576: [GC (Allocation Failure) [PSYoungGen: 2304000K->0K(2440704K)] 8858283K->6554283K(9950208K), 0.0224857 secs] [Times: user=0.06 sys=0.00, real=0.02 secs] 
2018-12-20T15:29:07.893+0200: 1039.833: [GC (Allocation Failure) [PSYoungGen: 2304000K->0K(2466304K)] 8858283K->6554283K(9975808K), 0.0432569 secs] [Times: user=0.16 sys=0.00, real=0.05 secs] 
2018-12-20T15:29:08.265+0200: 1040.204: [GC (Allocation Failure) [PSYoungGen: 2356736K->0K(2472448K)] 8911019K->6554283K(9981952K), 0.0501413 secs] [Times: user=0.13 sys=0.00, real=0.06 secs] 
2018-12-20T15:29:08.557+0200: 1040.493: [GC (Allocation Failure) [PSYoungGen: 2356736K->0K(2492928K)] 8911019K->6554283K(10002432K), 0.0205072 secs] [Times: user=0.06 sys=0.00, real=0.02 secs] 
2018-12-20T15:29:08.829+0200: 1040.768: [GC (Allocation Failure) [PSYoungGen: 2408448K->0K(2506240K)] 8962731K->6554283K(10015744K), 0.0195018 secs] [Times: user=0.05 sys=0.00, real=0.02 secs] 
2018-12-20T15:29:09.139+0200: 1041.078: [GC (Allocation Failure) [PSYoungGen: 2408448K->0K(2533888K)] 8962731K->6554283K(10043392K), 0.0347700 secs] [Times: user=0.08 sys=0.00, real=0.03 secs] 
2018-12-20T15:29:09.443+0200: 1041.384: [GC (Allocation Failure) [PSYoungGen: 2457600K->0K(2540032K)] 9011883K->6554283K(10049536K), 0.0366426 secs] [Times: user=0.14 sys=0.00, real=0.04 secs] 
2018-12-20T15:29:09.787+0200: 1041.728: [GC (Allocation Failure) [PSYoungGen: 2457600K->0K(2573312K)] 9011883K->6554283K(10082816K), 0.0382703 secs] [Times: user=0.13 sys=0.00, real=0.04 secs] 
2018-12-20T15:29:10.081+0200: 1042.029: [GC (Allocation Failure) [PSYoungGen: 2510336K->0K(2579456K)] 9064619K->6554283K(10088960K), 0.0177589 secs] [Times: user=0.12 sys=0.00, real=0.02 secs] 
2018-12-20T15:29:10.361+0200: 1042.300: [GC (Allocation Failure) [PSYoungGen: 2510336K->0K(2604544K)] 9064619K->6554283K(10114048K), 0.0180995 secs] [Times: user=0.06 sys=0.00, real=0.01 secs] 
2018-12-20T15:29:10.621+0200: 1042.567: [GC (Allocation Failure) [PSYoungGen: 2554880K->0K(2613248K)] 9109163K->6554283K(10122752K), 0.0181788 secs] [Times: user=0.06 sys=0.00, real=0.02 secs] 
2018-12-20T15:29:10.941+0200: 1042.887: [GC (Allocation Failure) [PSYoungGen: 2554880K->0K(2652160K)] 9109163K->6554283K(10161664K), 0.0447385 secs] [Times: user=0.17 sys=0.00, real=0.05 secs] 
2018-12-20T15:29:11.323+0200: 1043.266: [GC (Allocation Failure) [PSYoungGen: 2601472K->0K(2650624K)] 9155755K->6554283K(10160128K), 0.0261739 secs] [Times: user=0.06 sys=0.00, real=0.02 secs] 
2018-12-20T15:29:11.593+0200: 1043.537: [GC (Allocation Failure) [PSYoungGen: 2601472K->0K(2679296K)] 9155755K->6554283K(10188800K), 0.0177995 secs] [Times: user=0.09 sys=0.00, real=0.02 secs] 
2018-12-20T15:29:11.893+0200: 1043.839: [GC (Allocation Failure) [PSYoungGen: 2644992K->0K(2685952K)] 9199275K->6554283K(10195456K), 0.0375262 secs] [Times: user=0.14 sys=0.00, real=0.04 secs] 
2018-12-20T15:29:12.185+0200: 1044.131: [GC (Allocation Failure) [PSYoungGen: 2644992K->0K(2729984K)] 9199275K->6554283K(10239488K), 0.0316970 secs] [Times: user=0.09 sys=0.00, real=0.03 secs] 
2018-12-20T15:29:12.517+0200: 1044.463: [GC (Allocation Failure) [PSYoungGen: 2696192K->0K(2730496K)] 9250475K->6554283K(10240000K), 0.0174375 secs] [Times: user=0.11 sys=0.00, real=0.02 secs] 
2018-12-20T15:29:12.787+0200: 1044.739: [GC (Allocation Failure) [PSYoungGen: 2696192K->0K(2768384K)] 9250475K->6554283K(10277888K), 0.0242813 secs] [Times: user=0.06 sys=0.02, real=0.03 secs] 
2018-12-20T15:29:13.212+0200: 1045.160: [GC (Allocation Failure) [PSYoungGen: 2742784K->0K(2771456K)] 9297067K->6554283K(10280960K), 0.0592757 secs] [Times: user=0.11 sys=0.00, real=0.06 secs] 
2018-12-20T15:29:13.565+0200: 1045.518: [GC (Allocation Failure) [PSYoungGen: 2742784K->0K(2808320K)] 9297067K->6554283K(10317824K), 0.0202636 secs] [Times: user=0.05 sys=0.00, real=0.02 secs] 
2018-12-20T15:29:13.925+0200: 1045.879: [GC (Allocation Failure) [PSYoungGen: 2791424K->0K(2815488K)] 9345707K->6554283K(10324992K), 0.0305186 secs] [Times: user=0.08 sys=0.00, real=0.03 secs] 
2018-12-20T15:29:14.338+0200: 1046.295: [GC (Allocation Failure) [PSYoungGen: 2791424K->0K(2863104K)] 9345707K->6554283K(10372608K), 0.0467987 secs] [Times: user=0.14 sys=0.00, real=0.05 secs] 
2018-12-20T15:29:14.690+0200: 1046.650: [GC (Allocation Failure) [PSYoungGen: 2842112K->0K(2862080K)] 9396395K->6554283K(10371584K), 0.0346716 secs] [Times: user=0.09 sys=0.00, real=0.03 secs] 
2018-12-20T15:29:15.002+0200: 1046.961: [GC (Allocation Failure) [PSYoungGen: 2842112K->0K(2900992K)] 9396395K->6554283K(10410496K), 0.0174972 secs] [Times: user=0.06 sys=0.00, real=0.02 secs] 
2018-12-20T15:29:15.472+0200: 1047.429: [GC (Allocation Failure) [PSYoungGen: 2890752K->0K(2907648K)] 9445035K->6554283K(10417152K), 0.0834329 secs] [Times: user=0.25 sys=0.00, real=0.08 secs] 
2018-12-20T15:29:16.515+0200: 1048.480: [GC (Allocation Failure) [PSYoungGen: 2890752K->0K(2962944K)] 9445035K->6554283K(10472448K), 0.1076348 secs] [Times: user=0.27 sys=0.02, real=0.11 secs] 
2018-12-20T15:29:17.975+0200: 1049.951: [GC (Allocation Failure) [PSYoungGen: 2950144K->0K(2964480K)] 9504427K->6554283K(10473984K), 0.2618729 secs] [Times: user=0.42 sys=0.00, real=0.22 secs] 
2018-12-20T15:29:19.016+0200: 1051.200: [GC (Allocation Failure) [PSYoungGen: 2950144K->0K(3022848K)] 9504427K->6554283K(10532352K), 0.1003912 secs] [Times: user=0.16 sys=0.00, real=0.09 secs] 
2018-12-20T15:29:20.018+0200: 1052.427: [GC (Allocation Failure) [PSYoungGen: 3015680K->0K(3027456K)] 9569963K->6554283K(10536960K), 0.0564280 secs] [Times: user=0.19 sys=0.00, real=0.04 secs] 
2018-12-20T15:29:20.740+0200: 1053.319: [GC (Allocation Failure) [PSYoungGen: 3015680K->0K(3081728K)] 9569963K->6554283K(10591232K), 0.0853078 secs] [Times: user=0.16 sys=0.00, real=0.07 secs] 
2018-12-20T15:29:21.488+0200: 1054.246: [GC (Allocation Failure) [PSYoungGen: 3073024K->0K(3082752K)] 9627307K->6554283K(10592256K), 0.0424073 secs] [Times: user=0.09 sys=0.00, real=0.04 secs] 
2018-12-20T15:29:22.054+0200: 1054.969: [GC (Allocation Failure) [PSYoungGen: 3073024K->0K(3133440K)] 9627307K->6554283K(10642944K), 0.0667637 secs] [Times: user=0.19 sys=0.00, real=0.05 secs] 
2018-12-20T15:29:22.557+0200: 1055.584: [GC (Allocation Failure) [PSYoungGen: 3125248K->0K(3133440K)] 9679531K->6554283K(10642944K), 0.0538743 secs] [Times: user=0.06 sys=0.00, real=0.05 secs] 
2018-12-20T15:29:22.967+0200: 1056.027: [GC (Allocation Failure) [PSYoungGen: 3125248K->0K(3187200K)] 9679531K->6554283K(10696704K), 0.0418531 secs] [Times: user=0.16 sys=0.00, real=0.05 secs] 
2018-12-20T15:29:23.494+0200: 1056.560: [GC (Allocation Failure) [PSYoungGen: 3180032K->0K(3186688K)] 9734315K->6554283K(10696192K), 0.0259537 secs] [Times: user=0.06 sys=0.00, real=0.02 secs] 
2018-12-20T15:29:23.917+0200: 1057.006: [GC (Allocation Failure) [PSYoungGen: 3180032K->0K(3236864K)] 9734315K->6554283K(10746368K), 0.0780758 secs] [Times: user=0.13 sys=0.00, real=0.07 secs] 
2018-12-20T15:29:24.423+0200: 1057.530: [GC (Allocation Failure) [PSYoungGen: 3230720K->0K(3236352K)] 9785003K->6554283K(10745856K), 0.0372915 secs] [Times: user=0.09 sys=0.00, real=0.03 secs] 
2018-12-20T15:29:24.839+0200: 1057.973: [GC (Allocation Failure) [PSYoungGen: 3230720K->0K(3296768K)] 9785003K->6554283K(10806272K), 0.0553984 secs] [Times: user=0.11 sys=0.01, real=0.06 secs] 
2018-12-20T15:29:25.424+0200: 1058.570: [GC (Allocation Failure) [PSYoungGen: 3291648K->0K(3296256K)] 9845931K->6554283K(10805760K), 0.0463629 secs] [Times: user=0.08 sys=0.00, real=0.05 secs] 
2018-12-20T15:29:25.949+0200: 1059.114: [GC (Allocation Failure) [PSYoungGen: 3291648K->0K(3350016K)] 9845931K->6554283K(10859520K), 0.0362157 secs] [Times: user=0.05 sys=0.00, real=0.04 secs] 
Heap
 PSYoungGen      total 3350016K, used 2345008K [0x00000006dad80000, 0x00000007a7e00000, 0x00000007c0000000)
  eden space 3349504K, 70% used [0x00000006dad80000,0x0000000769f8c2b8,0x00000007a7480000)
  from space 512K, 0% used [0x00000007a7d80000,0x00000007a7d80000,0x00000007a7e00000)
  to   space 4096K, 0% used [0x00000007a7600000,0x00000007a7600000,0x00000007a7a00000)
 ParOldGen       total 7509504K, used 6554283K [0x0000000510800000, 0x00000006dad80000, 0x00000006dad80000)
  object space 7509504K, 87% used [0x0000000510800000,0x00000006a08aadc0,0x00000006dad80000)
 Metaspace       used 2542K, capacity 4486K, committed 4864K, reserved 1056768K
  class space    used 286K, capacity 386K, committed 512K, reserved 1048576K
